93.171.78.246 - - [15/Sep/2023:16:00:54 +0300] "GET /apple-touch-icon-precomposed.png HTTP/2.0" 404 172 "-" "MobileSafari/8615.3.12.10.2 CFNetwork/1410.0.3 Darwin/22.6.0"
93.171.78.246 - - [15/Sep/2023:16:00:54 +0300] "GET /apple-touch-icon.png HTTP/2.0" 404 172 "-" "MobileSafari/8615.3.12.10.2 CFNetwork/1410.0.3 Darwin/22.6.0"
93.171.78.246 - - [15/Sep/2023:16:00:54 +0300] "GET /favicon.ico HTTP/2.0" 404 172 "-" "MobileSafari/8615.3.12.10.2 CFNetwork/1410.0.3 Darwin/22.6.0"
93.171.78.246 - - [15/Sep/2023:16:00:56 +0300] "GET /favicon.ico HTTP/2.0" 404 172 "https://team-911.com.ua/" "Mozilla/5.0 (iPhone; CPU iPhone OS 16_6_1 like Mac OS X) AppleWebKit/605.1.15 (KHTML, like Gecko) Version/16.6 Mobile/15E148 Safari/604.1"
46.211.100.71 - - [15/Sep/2023:16:00:56 +0300] "POST /rx/data.php HTTP/2.0" 200 81 "https://team-911.com.ua/auth" "Mozilla/5.0 (iPhone; CPU iPhone OS 16_6_1 like Mac OS X) AppleWebKit/605.1.15 (KHTML, like Gecko) Version/16.6 Mobile/15E148 Safari/604.1"
94.124.163.29 - - [15/Sep/2023:16:00:57 +0300] "GET / HTTP/1.1" 301 169 "-" "Mozilla/5.0 (iPhone; CPU iPhone OS 16_6 like Mac OS X) AppleWebKit/605.1.15 (KHTML, like Gecko) Version/16.6 Mobile/15E148 Safari/604.1"
94.124.163.29 - - [15/Sep/2023:16:00:58 +0300] "GET / HTTP/2.0" 200 548 "-" "Mozilla/5.0 (iPhone; CPU iPhone OS 16_6 like Mac OS X) AppleWebKit/605.1.15 (KHTML, like Gecko) Version/16.6 Mobile/15E148 Safari/604.1"
94.124.163.29 - - [15/Sep/2023:16:00:58 +0300] "GET /bundle.js HTTP/2.0" 200 90031 "https://team-911.com.ua/" "Mozilla/5.0 (iPhone; CPU iPhone OS 16_6 like Mac OS X) AppleWebKit/605.1.15 (KHTML, like Gecko) Version/16.6 Mobile/15E148 Safari/604.1"
94.124.163.29 - - [15/Sep/2023:16:00:58 +0300] "GET /main.css HTTP/2.0" 200 46815 "https://team-911.com.ua/" "Mozilla/5.0 (iPhone; CPU iPhone OS 16_6 like Mac OS X) AppleWebKit/605.1.15 (KHTML, like Gecko) Version/16.6 Mobile/15E148 Safari/604.1"
128.124.161.11 - - [15/Sep/2023:16:00:59 +0300] "POST /rx/data.php HTTP/2.0" 200 81 "https://team-911.com.ua/auth" "Mozilla/5.0 (iPhone; CPU iPhone OS 16_6 like Mac OS X) AppleWebKit/605.1.15 (KHTML, like Gecko) Version/16.6 Mobile/15E148 Safari/604.1"
31.13.127.20 - - [15/Sep/2023:16:01:02 +0300] "GET / HTTP/1.1" 206 962 "-" "facebookexternalhit/1.1 (+http://www.facebook.com/externalhit_uatext.php)"
89.209.133.42 - - [15/Sep/2023:16:01:04 +0300] "GET / HTTP/1.1" 301 169 "-" "Mozilla/5.0 (iPhone; CPU iPhone OS 16_6_1 like Mac OS X) AppleWebKit/605.1.15 (KHTML, like Gecko) Version/16.6 Mobile/15E148 Safari/604.1"
213.174.29.75 - - [15/Sep/2023:16:01:04 +0300] "GET / HTTP/1.1" 301 169 "-" "Mozilla/5.0 (iPhone; CPU iPhone OS 16_6_1 like Mac OS X) AppleWebKit/605.1.15 (KHTML, like Gecko) Version/16.6 Mobile/15E148 Safari/604.1"
89.209.133.42 - - [15/Sep/2023:16:01:04 +0300] "GET / HTTP/2.0" 200 548 "-" "Mozilla/5.0 (iPhone; CPU iPhone OS 16_6_1 like Mac OS X) AppleWebKit/605.1.15 (KHTML, like Gecko) Version/16.6 Mobile/15E148 Safari/604.1"
89.209.133.42 - - [15/Sep/2023:16:01:04 +0300] "GET /bundle.js HTTP/2.0" 200 90031 "https://team-911.com.ua/" "Mozilla/5.0 (iPhone; CPU iPhone OS 16_6_1 like Mac OS X) AppleWebKit/605.1.15 (KHTML, like Gecko) Version/16.6 Mobile/15E148 Safari/604.1"
89.209.133.42 - - [15/Sep/2023:16:01:04 +0300] "GET /main.css HTTP/2.0" 200 46815 "https://team-911.com.ua/" "Mozilla/5.0 (iPhone; CPU iPhone OS 16_6_1 like Mac OS X) AppleWebKit/605.1.15 (KHTML, like Gecko) Version/16.6 Mobile/15E148 Safari/604.1"
213.174.29.75 - - [15/Sep/2023:16:01:04 +0300] "GET / HTTP/2.0" 200 548 "-" "Mozilla/5.0 (iPhone; CPU iPhone OS 16_6_1 like Mac OS X) AppleWebKit/605.1.15 (KHTML, like Gecko) Version/16.6 Mobile/15E148 Safari/604.1"
213.174.29.75 - - [15/Sep/2023:16:01:05 +0300] "GET /bundle.js HTTP/2.0" 200 90031 "https://team-911.com.ua/" "Mozilla/5.0 (iPhone; CPU iPhone OS 16_6_1 like Mac OS X) AppleWebKit/605.1.15 (KHTML, like Gecko) Version/16.6 Mobile/15E148 Safari/604.1"
213.174.29.75 - - [15/Sep/2023:16:01:05 +0300] "GET /main.css HTTP/2.0" 200 46815 "https://team-911.com.ua/" "Mozilla/5.0 (iPhone; CPU iPhone OS 16_6_1 like Mac OS X) AppleWebKit/605.1.15 (KHTML, like Gecko) Version/16.6 Mobile/15E148 Safari/604.1"
31.13.127.5 - - [15/Sep/2023:16:01:06 +0300] "GET / HTTP/2.0" 200 962 "-" "facebookexternalhit/1.1 (+http://www.facebook.com/externalhit_uatext.php)"
89.209.36.34 - - [15/Sep/2023:16:01:09 +0300] "POST /rx/data.php HTTP/2.0" 200 81 "https://team-911.com.ua/secondTask" "Mozilla/5.0 (Linux; Android 10; K) AppleWebKit/537.36 (KHTML, like Gecko) Chrome/116.0.0.0 Mobile Safari/537.36"
188.163.120.69 - - [15/Sep/2023:16:01:10 +0300] "POST /rx/data.php HTTP/2.0" 200 81 "https://team-911.com.ua/auth" "Mozilla/5.0 (Linux; Android 10; K) AppleWebKit/537.36 (KHTML, like Gecko) Chrome/117.0.0.0 Mobile Safari/537.36"
91.236.159.254 - - [15/Sep/2023:16:01:12 +0300] "POST /rx/data.php HTTP/2.0" 200 81 "https://team-911.com.ua/secondTask" "Mozilla/5.0 (Linux; Android 10; K) AppleWebKit/537.36 (KHTML, like Gecko) Chrome/116.0.0.0 Mobile Safari/537.36"
109.201.250.38 - - [15/Sep/2023:16:01:23 +0300] "GET / HTTP/1.1" 301 169 "-" "Mozilla/5.0 (iPhone; CPU iPhone OS 16_6_1 like Mac OS X) AppleWebKit/605.1.15 (KHTML, like Gecko) Version/16.6 Mobile/15E148 Safari/604.1"
94.124.163.29 - - [15/Sep/2023:16:01:23 +0300] "GET / HTTP/2.0" 200 548 "-" "Mozilla/5.0 (Windows NT 10.0; Win64; x64) AppleWebKit/537.36 (KHTML, like Gecko) Chrome/116.0.0.0 Safari/537.36"
94.124.163.29 - - [15/Sep/2023:16:01:23 +0300] "GET /main.css HTTP/2.0" 200 46815 "https://team-911.com.ua/" "Mozilla/5.0 (Windows NT 10.0; Win64; x64) AppleWebKit/537.36 (KHTML, like Gecko) Chrome/116.0.0.0 Safari/537.36"
94.124.163.29 - - [15/Sep/2023:16:01:23 +0300] "GET /bundle.js HTTP/2.0" 200 90031 "https://team-911.com.ua/" "Mozilla/5.0 (Windows NT 10.0; Win64; x64) AppleWebKit/537.36 (KHTML, like Gecko) Chrome/116.0.0.0 Safari/537.36"
109.201.250.38 - - [15/Sep/2023:16:01:24 +0300] "GET / HTTP/2.0" 200 548 "-" "Mozilla/5.0 (iPhone; CPU iPhone OS 16_6_1 like Mac OS X) AppleWebKit/605.1.15 (KHTML, like Gecko) Version/16.6 Mobile/15E148 Safari/604.1"
109.201.250.38 - - [15/Sep/2023:16:01:24 +0300] "GET /bundle.js HTTP/2.0" 200 90031 "https://team-911.com.ua/" "Mozilla/5.0 (iPhone; CPU iPhone OS 16_6_1 like Mac OS X) AppleWebKit/605.1.15 (KHTML, like Gecko) Version/16.6 Mobile/15E148 Safari/604.1"
109.201.250.38 - - [15/Sep/2023:16:01:24 +0300] "GET /main.css HTTP/2.0" 200 46815 "https://team-911.com.ua/" "Mozilla/5.0 (iPhone; CPU iPhone OS 16_6_1 like Mac OS X) AppleWebKit/605.1.15 (KHTML, like Gecko) Version/16.6 Mobile/15E148 Safari/604.1"
94.124.163.29 - - [15/Sep/2023:16:01:24 +0300] "GET /favicon.ico HTTP/2.0" 404 172 "https://team-911.com.ua/" "Mozilla/5.0 (Windows NT 10.0; Win64; x64) AppleWebKit/537.36 (KHTML, like Gecko) Chrome/116.0.0.0 Safari/537.36"
109.201.250.38 - - [15/Sep/2023:16:01:26 +0300] "GET /favicon.ico HTTP/2.0" 404 172 "https://team-911.com.ua/" "Mozilla/5.0 (iPhone; CPU iPhone OS 16_6_1 like Mac OS X) AppleWebKit/605.1.15 (KHTML, like Gecko) Version/16.6 Mobile/15E148 Safari/604.1"
94.124.163.29 - - [15/Sep/2023:16:01:27 +0300] "POST /rx/data.php HTTP/2.0" 200 81 "https://team-911.com.ua/auth" "Mozilla/5.0 (Linux; Android 13; SAMSUNG SM-G780G) AppleWebKit/537.36 (KHTML, like Gecko) SamsungBrowser/22.0 Chrome/111.0.5563.116 Mobile Safari/537.36"
46.172.71.242 - - [15/Sep/2023:16:01:29 +0300] "GET / HTTP/1.1" 301 169 "-" "Mozilla/5.0 (iPhone; CPU iPhone OS 15_7_9 like Mac OS X) AppleWebKit/605.1.15 (KHTML, like Gecko) Version/15.6.6 Mobile/15E148 Safari/604.1"
46.172.71.242 - - [15/Sep/2023:16:01:29 +0300] "GET / HTTP/2.0" 200 548 "-" "Mozilla/5.0 (iPhone; CPU iPhone OS 15_7_9 like Mac OS X) AppleWebKit/605.1.15 (KHTML, like Gecko) Version/15.6.6 Mobile/15E148 Safari/604.1"
46.172.71.242 - - [15/Sep/2023:16:01:29 +0300] "GET /main.css HTTP/2.0" 200 46815 "https://team-911.com.ua/" "Mozilla/5.0 (iPhone; CPU iPhone OS 15_7_9 like Mac OS X) AppleWebKit/605.1.15 (KHTML, like Gecko) Version/15.6.6 Mobile/15E148 Safari/604.1"
46.172.71.242 - - [15/Sep/2023:16:01:29 +0300] "GET /bundle.js HTTP/2.0" 200 90031 "https://team-911.com.ua/" "Mozilla/5.0 (iPhone; CPU iPhone OS 15_7_9 like Mac OS X) AppleWebKit/605.1.15 (KHTML, like Gecko) Version/15.6.6 Mobile/15E148 Safari/604.1"
193.138.239.117 - - [15/Sep/2023:16:01:34 +0300] "POST /rx/data.php HTTP/2.0" 200 81 "https://team-911.com.ua/auth" "Mozilla/5.0 (Linux; U; Android 10; ru-ru; Redmi Note 7 Build/QKQ1.190910.002) AppleWebKit/537.36 (KHTML, like Gecko) Version/4.0 Chrome/112.0.5615.136 Mobile Safari/537.36 XiaoMi/MiuiBrowser/13.36.1-gn"
159.224.231.49 - - [15/Sep/2023:16:01:40 +0300] "GET / HTTP/1.1" 301 169 "-" "Mozilla/5.0 (iPhone; CPU iPhone OS 16_6_1 like Mac OS X) AppleWebKit/605.1.15 (KHTML, like Gecko) Version/16.6 Mobile/15E148 Safari/604.1"
159.224.231.49 - - [15/Sep/2023:16:01:40 +0300] "GET / HTTP/2.0" 200 548 "-" "Mozilla/5.0 (iPhone; CPU iPhone OS 16_6_1 like Mac OS X) AppleWebKit/605.1.15 (KHTML, like Gecko) Version/16.6 Mobile/15E148 Safari/604.1"
159.224.231.49 - - [15/Sep/2023:16:01:40 +0300] "GET /bundle.js HTTP/2.0" 200 90031 "https://team-911.com.ua/" "Mozilla/5.0 (iPhone; CPU iPhone OS 16_6_1 like Mac OS X) AppleWebKit/605.1.15 (KHTML, like Gecko) Version/16.6 Mobile/15E148 Safari/604.1"
159.224.231.49 - - [15/Sep/2023:16:01:40 +0300] "GET /main.css HTTP/2.0" 200 46815 "https://team-911.com.ua/" "Mozilla/5.0 (iPhone; CPU iPhone OS 16_6_1 like Mac OS X) AppleWebKit/605.1.15 (KHTML, like Gecko) Version/16.6 Mobile/15E148 Safari/604.1"
93.171.78.246 - - [15/Sep/2023:16:01:44 +0300] "POST /rx/data.php HTTP/2.0" 200 81 "https://team-911.com.ua/auth" "Mozilla/5.0 (iPhone; CPU iPhone OS 16_6_1 like Mac OS X) AppleWebKit/605.1.15 (KHTML, like Gecko) Version/16.6 Mobile/15E148 Safari/604.1"
194.60.254.119 - - [15/Sep/2023:16:01:45 +0300] "POST /rx/data.php HTTP/2.0" 200 81 "https://team-911.com.ua/auth" "Mozilla/5.0 (Linux; Android 10; SAMSUNG SM-M205FN) AppleWebKit/537.36 (KHTML, like Gecko) SamsungBrowser/22.0 Chrome/111.0.5563.116 Mobile Safari/537.36"
151.38.53.20 - - [15/Sep/2023:16:01:45 +0300] "GET / HTTP/1.1" 301 169 "android-app://org.telegram.messenger" "Mozilla/5.0 (Linux; Android 8.0.0; AGS2-L09) AppleWebKit/537.36 (KHTML, like Gecko) Chrome/70.0.3538.110 Safari/537.36"
178.150.204.35 - - [15/Sep/2023:16:01:45 +0300] "GET / HTTP/1.1" 301 169 "-" "Mozilla/5.0 (iPhone; CPU iPhone OS 16_0 like Mac OS X) AppleWebKit/605.1.15 (KHTML, like Gecko) Version/16.0 Mobile/15E148 Safari/604.1"
178.150.204.35 - - [15/Sep/2023:16:01:45 +0300] "GET / HTTP/2.0" 200 548 "-" "Mozilla/5.0 (iPhone; CPU iPhone OS 16_0 like Mac OS X) AppleWebKit/605.1.15 (KHTML, like Gecko) Version/16.0 Mobile/15E148 Safari/604.1"
178.150.204.35 - - [15/Sep/2023:16:01:45 +0300] "GET /bundle.js HTTP/2.0" 200 90031 "https://team-911.com.ua/" "Mozilla/5.0 (iPhone; CPU iPhone OS 16_0 like Mac OS X) AppleWebKit/605.1.15 (KHTML, like Gecko) Version/16.0 Mobile/15E148 Safari/604.1"
178.150.204.35 - - [15/Sep/2023:16:01:45 +0300] "GET /main.css HTTP/2.0" 200 46815 "https://team-911.com.ua/" "Mozilla/5.0 (iPhone; CPU iPhone OS 16_0 like Mac OS X) AppleWebKit/605.1.15 (KHTML, like Gecko) Version/16.0 Mobile/15E148 Safari/604.1"
151.38.53.20 - - [15/Sep/2023:16:01:49 +0300] "GET / HTTP/2.0" 200 548 "android-app://org.telegram.messenger" "Mozilla/5.0 (Linux; Android 8.0.0; AGS2-L09) AppleWebKit/537.36 (KHTML, like Gecko) Chrome/70.0.3538.110 Safari/537.36"
151.38.53.20 - - [15/Sep/2023:16:01:49 +0300] "GET /main.css HTTP/2.0" 200 46815 "https://team-911.com.ua/" "Mozilla/5.0 (Linux; Android 8.0.0; AGS2-L09) AppleWebKit/537.36 (KHTML, like Gecko) Chrome/70.0.3538.110 Safari/537.36"
151.38.53.20 - - [15/Sep/2023:16:01:49 +0300] "GET /bundle.js HTTP/2.0" 200 90031 "https://team-911.com.ua/" "Mozilla/5.0 (Linux; Android 8.0.0; AGS2-L09) AppleWebKit/537.36 (KHTML, like Gecko) Chrome/70.0.3538.110 Safari/537.36"
151.38.53.20 - - [15/Sep/2023:16:01:50 +0300] "GET /favicon.ico HTTP/2.0" 404 172 "https://team-911.com.ua/" "Mozilla/5.0 (Linux; Android 8.0.0; AGS2-L09) AppleWebKit/537.36 (KHTML, like Gecko) Chrome/70.0.3538.110 Safari/537.36"
151.38.53.20 - - [15/Sep/2023:16:01:50 +0300] "GET /favicon.ico HTTP/2.0" 404 172 "https://team-911.com.ua/" "Mozilla/5.0 (Linux; Android 8.0.0; AGS2-L09) AppleWebKit/537.36 (KHTML, like Gecko) Chrome/70.0.3538.110 Safari/537.36"
178.165.97.199 - - [15/Sep/2023:16:01:51 +0300] "GET / HTTP/1.1" 301 169 "-" "Mozilla/5.0 (Linux; Android 10; K) AppleWebKit/537.36 (KHTML, like Gecko) Chrome/117.0.0.0 Mobile Safari/537.36"
178.165.97.199 - - [15/Sep/2023:16:01:51 +0300] "GET / HTTP/2.0" 200 548 "-" "Mozilla/5.0 (Linux; Android 10; K) AppleWebKit/537.36 (KHTML, like Gecko) Chrome/117.0.0.0 Mobile Safari/537.36"
178.165.97.199 - - [15/Sep/2023:16:01:51 +0300] "GET /main.css HTTP/2.0" 200 46815 "https://team-911.com.ua/" "Mozilla/5.0 (Linux; Android 10; K) AppleWebKit/537.36 (KHTML, like Gecko) Chrome/117.0.0.0 Mobile Safari/537.36"
178.165.97.199 - - [15/Sep/2023:16:01:51 +0300] "GET /bundle.js HTTP/2.0" 200 90031 "https://team-911.com.ua/" "Mozilla/5.0 (Linux; Android 10; K) AppleWebKit/537.36 (KHTML, like Gecko) Chrome/117.0.0.0 Mobile Safari/537.36"
178.165.97.199 - - [15/Sep/2023:16:01:52 +0300] "GET /favicon.ico HTTP/2.0" 404 172 "https://team-911.com.ua/" "Mozilla/5.0 (Linux; Android 10; K) AppleWebKit/537.36 (KHTML, like Gecko) Chrome/117.0.0.0 Mobile Safari/537.36"
89.209.36.34 - - [15/Sep/2023:16:02:02 +0300] "POST /rx/data.php HTTP/2.0" 200 81 "https://team-911.com.ua/secondTask" "Mozilla/5.0 (Linux; Android 10; K) AppleWebKit/537.36 (KHTML, like Gecko) Chrome/116.0.0.0 Mobile Safari/537.36"
176.37.43.204 - - [15/Sep/2023:16:02:04 +0300] "GET / HTTP/1.1" 301 169 "-" "Mozilla/5.0 (iPhone; CPU iPhone OS 16_0 like Mac OS X) AppleWebKit/605.1.15 (KHTML, like Gecko) Version/16.0 Mobile/15E148 Safari/604.1"
176.37.43.204 - - [15/Sep/2023:16:02:05 +0300] "GET / HTTP/2.0" 200 548 "-" "Mozilla/5.0 (iPhone; CPU iPhone OS 16_0 like Mac OS X) AppleWebKit/605.1.15 (KHTML, like Gecko) Version/16.0 Mobile/15E148 Safari/604.1"
176.37.43.204 - - [15/Sep/2023:16:02:05 +0300] "GET /bundle.js HTTP/2.0" 200 90031 "https://team-911.com.ua/" "Mozilla/5.0 (iPhone; CPU iPhone OS 16_0 like Mac OS X) AppleWebKit/605.1.15 (KHTML, like Gecko) Version/16.0 Mobile/15E148 Safari/604.1"
176.37.43.204 - - [15/Sep/2023:16:02:05 +0300] "GET /main.css HTTP/2.0" 200 46815 "https://team-911.com.ua/" "Mozilla/5.0 (iPhone; CPU iPhone OS 16_0 like Mac OS X) AppleWebKit/605.1.15 (KHTML, like Gecko) Version/16.0 Mobile/15E148 Safari/604.1"
109.201.250.38 - - [15/Sep/2023:16:02:07 +0300] "POST /rx/data.php HTTP/2.0" 200 81 "https://team-911.com.ua/auth" "Mozilla/5.0 (iPhone; CPU iPhone OS 16_6_1 like Mac OS X) AppleWebKit/605.1.15 (KHTML, like Gecko) Version/16.6 Mobile/15E148 Safari/604.1"
178.151.253.36 - - [15/Sep/2023:16:02:12 +0300] "GET / HTTP/1.1" 301 169 "-" "Mozilla/5.0 (Linux; U; Android 12; uk-ua; Redmi Note 9 Pro Build/SKQ1.211019.001) AppleWebKit/537.36 (KHTML, like Gecko) Version/4.0 Chrome/112.0.5615.136 Mobile Safari/537.36 XiaoMi/MiuiBrowser/13.35.0-gn"
46.219.227.67 - - [15/Sep/2023:16:02:12 +0300] "GET / HTTP/2.0" 200 548 "-" "Mozilla/5.0 (Linux; Android 10; K) AppleWebKit/537.36 (KHTML, like Gecko) Chrome/117.0.0.0 Mobile Safari/537.36"
46.219.227.67 - - [15/Sep/2023:16:02:12 +0300] "GET /bundle.js HTTP/2.0" 200 90031 "https://team-911.com.ua/" "Mozilla/5.0 (Linux; Android 10; K) AppleWebKit/537.36 (KHTML, like Gecko) Chrome/117.0.0.0 Mobile Safari/537.36"
46.219.227.67 - - [15/Sep/2023:16:02:12 +0300] "GET /main.css HTTP/2.0" 200 46815 "https://team-911.com.ua/" "Mozilla/5.0 (Linux; Android 10; K) AppleWebKit/537.36 (KHTML, like Gecko) Chrome/117.0.0.0 Mobile Safari/537.36"
178.151.253.36 - - [15/Sep/2023:16:02:12 +0300] "GET / HTTP/2.0" 200 548 "-" "Mozilla/5.0 (Linux; U; Android 12; uk-ua; Redmi Note 9 Pro Build/SKQ1.211019.001) AppleWebKit/537.36 (KHTML, like Gecko) Version/4.0 Chrome/112.0.5615.136 Mobile Safari/537.36 XiaoMi/MiuiBrowser/13.35.0-gn"
178.151.253.36 - - [15/Sep/2023:16:02:12 +0300] "GET /main.css HTTP/2.0" 200 46815 "https://team-911.com.ua/" "Mozilla/5.0 (Linux; U; Android 12; uk-ua; Redmi Note 9 Pro Build/SKQ1.211019.001) AppleWebKit/537.36 (KHTML, like Gecko) Version/4.0 Chrome/112.0.5615.136 Mobile Safari/537.36 XiaoMi/MiuiBrowser/13.35.0-gn"
94.124.163.29 - - [15/Sep/2023:16:02:12 +0300] "POST /rx/data.php HTTP/2.0" 200 81 "https://team-911.com.ua/auth" "Mozilla/5.0 (iPhone; CPU iPhone OS 16_6 like Mac OS X) AppleWebKit/605.1.15 (KHTML, like Gecko) Version/16.6 Mobile/15E148 Safari/604.1"
178.151.253.36 - - [15/Sep/2023:16:02:12 +0300] "GET /bundle.js HTTP/2.0" 200 90031 "https://team-911.com.ua/" "Mozilla/5.0 (Linux; U; Android 12; uk-ua; Redmi Note 9 Pro Build/SKQ1.211019.001) AppleWebKit/537.36 (KHTML, like Gecko) Version/4.0 Chrome/112.0.5615.136 Mobile Safari/537.36 XiaoMi/MiuiBrowser/13.35.0-gn"
46.219.227.67 - - [15/Sep/2023:16:02:12 +0300] "GET /favicon.ico HTTP/2.0" 404 172 "https://team-911.com.ua/" "Mozilla/5.0 (Linux; Android 10; K) AppleWebKit/537.36 (KHTML, like Gecko) Chrome/117.0.0.0 Mobile Safari/537.36"
178.151.253.36 - - [15/Sep/2023:16:02:14 +0300] "GET /favicon.ico HTTP/2.0" 404 172 "https://team-911.com.ua/" "Mozilla/5.0 (Linux; U; Android 12; uk-ua; Redmi Note 9 Pro Build/SKQ1.211019.001) AppleWebKit/537.36 (KHTML, like Gecko) Version/4.0 Chrome/112.0.5615.136 Mobile Safari/537.36 XiaoMi/MiuiBrowser/13.35.0-gn"
109.87.56.185 - - [15/Sep/2023:16:02:18 +0300] "POST /rx/data.php HTTP/2.0" 200 81 "https://team-911.com.ua/secondTask" "Mozilla/5.0 (Linux; arm_64; Android 12; V2027) AppleWebKit/537.36 (KHTML, like Gecko) Chrome/116.0.5845.237 YaBrowser/23.9.0.237.00 SA/3 Mobile Safari/537.36"
128.124.129.74 - - [15/Sep/2023:16:02:19 +0300] "GET / HTTP/1.1" 301 169 "-" "Mozilla/5.0 (iPhone; CPU iPhone OS 16_6 like Mac OS X) AppleWebKit/605.1.15 (KHTML, like Gecko) Version/16.6 Mobile/15E148 Safari/604.1"
128.124.129.74 - - [15/Sep/2023:16:02:19 +0300] "GET / HTTP/2.0" 200 548 "-" "Mozilla/5.0 (iPhone; CPU iPhone OS 16_6 like Mac OS X) AppleWebKit/605.1.15 (KHTML, like Gecko) Version/16.6 Mobile/15E148 Safari/604.1"
128.124.129.74 - - [15/Sep/2023:16:02:19 +0300] "GET /bundle.js HTTP/2.0" 200 90031 "https://team-911.com.ua/" "Mozilla/5.0 (iPhone; CPU iPhone OS 16_6 like Mac OS X) AppleWebKit/605.1.15 (KHTML, like Gecko) Version/16.6 Mobile/15E148 Safari/604.1"
128.124.129.74 - - [15/Sep/2023:16:02:19 +0300] "GET /main.css HTTP/2.0" 200 46815 "https://team-911.com.ua/" "Mozilla/5.0 (iPhone; CPU iPhone OS 16_6 like Mac OS X) AppleWebKit/605.1.15 (KHTML, like Gecko) Version/16.6 Mobile/15E148 Safari/604.1"
46.172.71.242 - - [15/Sep/2023:16:02:24 +0300] "GET / HTTP/1.1" 301 169 "-" "Mozilla/5.0 (Linux; Android 10; K) AppleWebKit/537.36 (KHTML, like Gecko) Chrome/115.0.0.0 Mobile Safari/537.36"
46.172.71.242 - - [15/Sep/2023:16:02:24 +0300] "GET / HTTP/2.0" 200 548 "-" "Mozilla/5.0 (Linux; Android 10; K) AppleWebKit/537.36 (KHTML, like Gecko) Chrome/115.0.0.0 Mobile Safari/537.36"
46.172.71.242 - - [15/Sep/2023:16:02:24 +0300] "GET /bundle.js HTTP/2.0" 200 90031 "https://team-911.com.ua/" "Mozilla/5.0 (Linux; Android 10; K) AppleWebKit/537.36 (KHTML, like Gecko) Chrome/115.0.0.0 Mobile Safari/537.36"
46.172.71.242 - - [15/Sep/2023:16:02:24 +0300] "GET /main.css HTTP/2.0" 200 46815 "https://team-911.com.ua/" "Mozilla/5.0 (Linux; Android 10; K) AppleWebKit/537.36 (KHTML, like Gecko) Chrome/115.0.0.0 Mobile Safari/537.36"
46.172.71.242 - - [15/Sep/2023:16:02:25 +0300] "GET /favicon.ico HTTP/2.0" 404 172 "https://team-911.com.ua/" "Mozilla/5.0 (Linux; Android 10; K) AppleWebKit/537.36 (KHTML, like Gecko) Chrome/115.0.0.0 Mobile Safari/537.36"
46.211.112.83 - - [15/Sep/2023:16:02:25 +0300] "GET / HTTP/1.1" 301 169 "-" "Mozilla/5.0 (iPhone; CPU iPhone OS 16_6_1 like Mac OS X) AppleWebKit/605.1.15 (KHTML, like Gecko) Version/16.6 Mobile/15E148 Safari/604.1"
46.211.112.83 - - [15/Sep/2023:16:02:26 +0300] "GET / HTTP/2.0" 200 548 "-" "Mozilla/5.0 (iPhone; CPU iPhone OS 16_6_1 like Mac OS X) AppleWebKit/605.1.15 (KHTML, like Gecko) Version/16.6 Mobile/15E148 Safari/604.1"
46.211.112.83 - - [15/Sep/2023:16:02:26 +0300] "GET /bundle.js HTTP/2.0" 200 90031 "https://team-911.com.ua/" "Mozilla/5.0 (iPhone; CPU iPhone OS 16_6_1 like Mac OS X) AppleWebKit/605.1.15 (KHTML, like Gecko) Version/16.6 Mobile/15E148 Safari/604.1"
46.211.112.83 - - [15/Sep/2023:16:02:26 +0300] "GET /main.css HTTP/2.0" 200 46815 "https://team-911.com.ua/" "Mozilla/5.0 (iPhone; CPU iPhone OS 16_6_1 like Mac OS X) AppleWebKit/605.1.15 (KHTML, like Gecko) Version/16.6 Mobile/15E148 Safari/604.1"
89.209.73.152 - - [15/Sep/2023:16:02:27 +0300] "POST /rx/data.php HTTP/2.0" 200 81 "https://team-911.com.ua/secondTask" "Mozilla/5.0 (Linux; Android 10; K) AppleWebKit/537.36 (KHTML, like Gecko) Chrome/116.0.0.0 Mobile Safari/537.36"
178.150.204.35 - - [15/Sep/2023:16:02:30 +0300] "POST /rx/data.php HTTP/2.0" 200 81 "https://team-911.com.ua/auth" "Mozilla/5.0 (iPhone; CPU iPhone OS 16_0 like Mac OS X) AppleWebKit/605.1.15 (KHTML, like Gecko) Version/16.0 Mobile/15E148 Safari/604.1"
159.224.231.49 - - [15/Sep/2023:16:02:31 +0300] "POST /rx/data.php HTTP/2.0" 200 81 "https://team-911.com.ua/auth" "Mozilla/5.0 (iPhone; CPU iPhone OS 16_6_1 like Mac OS X) AppleWebKit/605.1.15 (KHTML, like Gecko) Version/16.6 Mobile/15E148 Safari/604.1"
46.172.71.242 - - [15/Sep/2023:16:02:35 +0300] "GET / HTTP/1.1" 301 169 "-" "Mozilla/5.0 (iPhone; CPU iPhone OS 16_0 like Mac OS X) AppleWebKit/605.1.15 (KHTML, like Gecko) Version/16.0 Mobile/15E148 Safari/604.1"
46.172.71.242 - - [15/Sep/2023:16:02:36 +0300] "GET / HTTP/2.0" 200 548 "-" "Mozilla/5.0 (iPhone; CPU iPhone OS 16_0 like Mac OS X) AppleWebKit/605.1.15 (KHTML, like Gecko) Version/16.0 Mobile/15E148 Safari/604.1"
46.172.71.242 - - [15/Sep/2023:16:02:36 +0300] "GET /bundle.js HTTP/2.0" 200 90031 "https://team-911.com.ua/" "Mozilla/5.0 (iPhone; CPU iPhone OS 16_0 like Mac OS X) AppleWebKit/605.1.15 (KHTML, like Gecko) Version/16.0 Mobile/15E148 Safari/604.1"
46.172.71.242 - - [15/Sep/2023:16:02:36 +0300] "GET /main.css HTTP/2.0" 200 46815 "https://team-911.com.ua/" "Mozilla/5.0 (iPhone; CPU iPhone OS 16_0 like Mac OS X) AppleWebKit/605.1.15 (KHTML, like Gecko) Version/16.0 Mobile/15E148 Safari/604.1"
46.211.119.13 - - [15/Sep/2023:16:02:37 +0300] "GET / HTTP/1.1" 301 169 "-" "Mozilla/5.0 (iPhone; CPU iPhone OS 16_6 like Mac OS X) AppleWebKit/605.1.15 (KHTML, like Gecko) Version/16.6 Mobile/15E148 Safari/604.1"
46.211.119.13 - - [15/Sep/2023:16:02:38 +0300] "GET / HTTP/2.0" 200 548 "-" "Mozilla/5.0 (iPhone; CPU iPhone OS 16_6 like Mac OS X) AppleWebKit/605.1.15 (KHTML, like Gecko) Version/16.6 Mobile/15E148 Safari/604.1"
46.211.119.13 - - [15/Sep/2023:16:02:38 +0300] "GET /main.css HTTP/2.0" 200 46815 "https://team-911.com.ua/" "Mozilla/5.0 (iPhone; CPU iPhone OS 16_6 like Mac OS X) AppleWebKit/605.1.15 (KHTML, like Gecko) Version/16.6 Mobile/15E148 Safari/604.1"
46.211.119.13 - - [15/Sep/2023:16:02:38 +0300] "GET /bundle.js HTTP/2.0" 200 90031 "https://team-911.com.ua/" "Mozilla/5.0 (iPhone; CPU iPhone OS 16_6 like Mac OS X) AppleWebKit/605.1.15 (KHTML, like Gecko) Version/16.6 Mobile/15E148 Safari/604.1"
46.133.18.25 - - [15/Sep/2023:16:02:44 +0300] "GET / HTTP/1.1" 301 169 "-" "Mozilla/5.0 (iPhone; CPU iPhone OS 15_3_1 like Mac OS X) AppleWebKit/605.1.15 (KHTML, like Gecko) Version/15.3 Mobile/15E148 Safari/604.1"
46.133.18.25 - - [15/Sep/2023:16:02:44 +0300] "GET / HTTP/2.0" 200 548 "-" "Mozilla/5.0 (iPhone; CPU iPhone OS 15_3_1 like Mac OS X) AppleWebKit/605.1.15 (KHTML, like Gecko) Version/15.3 Mobile/15E148 Safari/604.1"
46.133.18.25 - - [15/Sep/2023:16:02:45 +0300] "GET /bundle.js HTTP/2.0" 200 90031 "https://team-911.com.ua/" "Mozilla/5.0 (iPhone; CPU iPhone OS 15_3_1 like Mac OS X) AppleWebKit/605.1.15 (KHTML, like Gecko) Version/15.3 Mobile/15E148 Safari/604.1"
46.133.18.25 - - [15/Sep/2023:16:02:45 +0300] "GET /main.css HTTP/2.0" 200 46815 "https://team-911.com.ua/" "Mozilla/5.0 (iPhone; CPU iPhone OS 15_3_1 like Mac OS X) AppleWebKit/605.1.15 (KHTML, like Gecko) Version/15.3 Mobile/15E148 Safari/604.1"
178.133.177.85 - - [15/Sep/2023:16:02:51 +0300] "GET / HTTP/1.1" 301 169 "-" "Mozilla/5.0 (iPhone; CPU iPhone OS 16_6 like Mac OS X) AppleWebKit/605.1.15 (KHTML, like Gecko) Version/16.6 Mobile/15E148 Safari/604.1"
178.133.177.85 - - [15/Sep/2023:16:02:51 +0300] "GET / HTTP/2.0" 200 548 "-" "Mozilla/5.0 (iPhone; CPU iPhone OS 16_6 like Mac OS X) AppleWebKit/605.1.15 (KHTML, like Gecko) Version/16.6 Mobile/15E148 Safari/604.1"
128.124.61.87 - - [15/Sep/2023:16:02:51 +0300] "GET / HTTP/1.1" 301 169 "-" "Mozilla/5.0 (iPhone; CPU iPhone OS 16_1_1 like Mac OS X) AppleWebKit/605.1.15 (KHTML, like Gecko) Version/16.1 Mobile/15E148 Safari/604.1"
178.133.177.85 - - [15/Sep/2023:16:02:51 +0300] "GET /bundle.js HTTP/2.0" 200 90031 "https://team-911.com.ua/" "Mozilla/5.0 (iPhone; CPU iPhone OS 16_6 like Mac OS X) AppleWebKit/605.1.15 (KHTML, like Gecko) Version/16.6 Mobile/15E148 Safari/604.1"
178.133.177.85 - - [15/Sep/2023:16:02:51 +0300] "GET /main.css HTTP/2.0" 200 46815 "https://team-911.com.ua/" "Mozilla/5.0 (iPhone; CPU iPhone OS 16_6 like Mac OS X) AppleWebKit/605.1.15 (KHTML, like Gecko) Version/16.6 Mobile/15E148 Safari/604.1"
128.124.61.87 - - [15/Sep/2023:16:02:52 +0300] "GET / HTTP/2.0" 200 548 "-" "Mozilla/5.0 (iPhone; CPU iPhone OS 16_1_1 like Mac OS X) AppleWebKit/605.1.15 (KHTML, like Gecko) Version/16.1 Mobile/15E148 Safari/604.1"
128.124.61.87 - - [15/Sep/2023:16:02:52 +0300] "GET /main.css HTTP/2.0" 200 46815 "https://team-911.com.ua/" "Mozilla/5.0 (iPhone; CPU iPhone OS 16_1_1 like Mac OS X) AppleWebKit/605.1.15 (KHTML, like Gecko) Version/16.1 Mobile/15E148 Safari/604.1"
128.124.61.87 - - [15/Sep/2023:16:02:52 +0300] "GET /bundle.js HTTP/2.0" 200 90031 "https://team-911.com.ua/" "Mozilla/5.0 (iPhone; CPU iPhone OS 16_1_1 like Mac OS X) AppleWebKit/605.1.15 (KHTML, like Gecko) Version/16.1 Mobile/15E148 Safari/604.1"
128.124.61.87 - - [15/Sep/2023:16:02:52 +0300] "GET / HTTP/2.0" 200 548 "-" "Mozilla/5.0 (iPhone; CPU iPhone OS 16_1_1 like Mac OS X) AppleWebKit/605.1.15 (KHTML, like Gecko) Version/16.1 Mobile/15E148 Safari/604.1"
128.124.61.87 - - [15/Sep/2023:16:02:52 +0300] "GET /apple-touch-icon-120x120-precomposed.png HTTP/2.0" 404 172 "-" "MobileSafari/8614.2.9.0.10 CFNetwork/1399 Darwin/22.1.0"
128.124.61.87 - - [15/Sep/2023:16:02:52 +0300] "GET /apple-touch-icon-120x120.png HTTP/2.0" 404 172 "-" "MobileSafari/8614.2.9.0.10 CFNetwork/1399 Darwin/22.1.0"
128.124.61.87 - - [15/Sep/2023:16:02:52 +0300] "GET /apple-touch-icon-precomposed.png HTTP/2.0" 404 172 "-" "MobileSafari/8614.2.9.0.10 CFNetwork/1399 Darwin/22.1.0"
128.124.61.87 - - [15/Sep/2023:16:02:52 +0300] "GET /apple-touch-icon.png HTTP/2.0" 404 172 "-" "MobileSafari/8614.2.9.0.10 CFNetwork/1399 Darwin/22.1.0"
128.124.61.87 - - [15/Sep/2023:16:02:52 +0300] "GET /favicon.ico HTTP/2.0" 404 172 "-" "MobileSafari/8614.2.9.0.10 CFNetwork/1399 Darwin/22.1.0"
128.124.61.87 - - [15/Sep/2023:16:02:52 +0300] "GET /apple-touch-icon-120x120-precomposed.png HTTP/2.0" 404 172 "-" "MobileSafari/8614.2.9.0.10 CFNetwork/1399 Darwin/22.1.0"
128.124.61.87 - - [15/Sep/2023:16:02:52 +0300] "GET /apple-touch-icon-120x120.png HTTP/2.0" 404 172 "-" "MobileSafari/8614.2.9.0.10 CFNetwork/1399 Darwin/22.1.0"
128.124.61.87 - - [15/Sep/2023:16:02:52 +0300] "GET /apple-touch-icon-precomposed.png HTTP/2.0" 404 172 "-" "MobileSafari/8614.2.9.0.10 CFNetwork/1399 Darwin/22.1.0"
128.124.61.87 - - [15/Sep/2023:16:02:53 +0300] "GET /apple-touch-icon.png HTTP/2.0" 404 172 "-" "MobileSafari/8614.2.9.0.10 CFNetwork/1399 Darwin/22.1.0"
128.124.61.87 - - [15/Sep/2023:16:02:53 +0300] "GET /favicon.ico HTTP/2.0" 404 172 "-" "MobileSafari/8614.2.9.0.10 CFNetwork/1399 Darwin/22.1.0"
46.211.21.70 - - [15/Sep/2023:16:02:53 +0300] "GET / HTTP/1.1" 301 169 "-" "Mozilla/5.0 (iPhone; CPU iPhone OS 16_1 like Mac OS X) AppleWebKit/605.1.15 (KHTML, like Gecko) Version/16.1 Mobile/15E148 Safari/604.1"
128.124.61.87 - - [15/Sep/2023:16:02:54 +0300] "GET /favicon.ico HTTP/2.0" 404 172 "https://team-911.com.ua/" "Mozilla/5.0 (iPhone; CPU iPhone OS 16_1_1 like Mac OS X) AppleWebKit/605.1.15 (KHTML, like Gecko) Version/16.1 Mobile/15E148 Safari/604.1"
46.211.21.70 - - [15/Sep/2023:16:02:54 +0300] "GET / HTTP/2.0" 200 548 "-" "Mozilla/5.0 (iPhone; CPU iPhone OS 16_1 like Mac OS X) AppleWebKit/605.1.15 (KHTML, like Gecko) Version/16.1 Mobile/15E148 Safari/604.1"
46.211.21.70 - - [15/Sep/2023:16:02:54 +0300] "GET /bundle.js HTTP/2.0" 200 90031 "https://team-911.com.ua/" "Mozilla/5.0 (iPhone; CPU iPhone OS 16_1 like Mac OS X) AppleWebKit/605.1.15 (KHTML, like Gecko) Version/16.1 Mobile/15E148 Safari/604.1"
46.211.21.70 - - [15/Sep/2023:16:02:54 +0300] "GET /main.css HTTP/2.0" 200 46815 "https://team-911.com.ua/" "Mozilla/5.0 (iPhone; CPU iPhone OS 16_1 like Mac OS X) AppleWebKit/605.1.15 (KHTML, like Gecko) Version/16.1 Mobile/15E148 Safari/604.1"
151.38.53.20 - - [15/Sep/2023:16:02:58 +0300] "POST /rx/data.php HTTP/2.0" 200 81 "https://team-911.com.ua/auth" "Mozilla/5.0 (Linux; Android 8.0.0; AGS2-L09) AppleWebKit/537.36 (KHTML, like Gecko) Chrome/70.0.3538.110 Safari/537.36"
178.165.97.199 - - [15/Sep/2023:16:03:00 +0300] "POST /rx/data.php HTTP/2.0" 200 81 "https://team-911.com.ua/auth" "Mozilla/5.0 (Linux; Android 10; K) AppleWebKit/537.36 (KHTML, like Gecko) Chrome/117.0.0.0 Mobile Safari/537.36"
178.151.253.36 - - [15/Sep/2023:16:03:01 +0300] "POST /rx/data.php HTTP/2.0" 200 81 "https://team-911.com.ua/auth" "Mozilla/5.0 (Linux; U; Android 12; uk-ua; Redmi Note 9 Pro Build/SKQ1.211019.001) AppleWebKit/537.36 (KHTML, like Gecko) Version/4.0 Chrome/112.0.5615.136 Mobile Safari/537.36 XiaoMi/MiuiBrowser/13.35.0-gn"
37.73.22.158 - - [15/Sep/2023:16:03:05 +0300] "GET / HTTP/1.1" 301 169 "-" "Mozilla/5.0 (iPhone; CPU iPhone OS 16_6_1 like Mac OS X) AppleWebKit/605.1.15 (KHTML, like Gecko) Version/16.6 Mobile/15E148 Safari/604.1"
37.73.22.158 - - [15/Sep/2023:16:03:06 +0300] "GET / HTTP/2.0" 200 548 "-" "Mozilla/5.0 (iPhone; CPU iPhone OS 16_6_1 like Mac OS X) AppleWebKit/605.1.15 (KHTML, like Gecko) Version/16.6 Mobile/15E148 Safari/604.1"
37.73.22.158 - - [15/Sep/2023:16:03:06 +0300] "GET /bundle.js HTTP/2.0" 200 90031 "https://team-911.com.ua/" "Mozilla/5.0 (iPhone; CPU iPhone OS 16_6_1 like Mac OS X) AppleWebKit/605.1.15 (KHTML, like Gecko) Version/16.6 Mobile/15E148 Safari/604.1"
37.73.22.158 - - [15/Sep/2023:16:03:06 +0300] "GET /main.css HTTP/2.0" 200 46815 "https://team-911.com.ua/" "Mozilla/5.0 (iPhone; CPU iPhone OS 16_6_1 like Mac OS X) AppleWebKit/605.1.15 (KHTML, like Gecko) Version/16.6 Mobile/15E148 Safari/604.1"
88.154.40.45 - - [15/Sep/2023:16:03:06 +0300] "GET / HTTP/1.1" 301 169 "-" "Mozilla/5.0 (iPhone; CPU iPhone OS 16_3_1 like Mac OS X) AppleWebKit/605.1.15 (KHTML, like Gecko) Version/16.3 Mobile/15E148 Safari/604.1"
88.154.40.45 - - [15/Sep/2023:16:03:07 +0300] "GET / HTTP/2.0" 200 548 "-" "Mozilla/5.0 (iPhone; CPU iPhone OS 16_3_1 like Mac OS X) AppleWebKit/605.1.15 (KHTML, like Gecko) Version/16.3 Mobile/15E148 Safari/604.1"
88.154.40.45 - - [15/Sep/2023:16:03:07 +0300] "GET /main.css HTTP/2.0" 200 46815 "https://team-911.com.ua/" "Mozilla/5.0 (iPhone; CPU iPhone OS 16_3_1 like Mac OS X) AppleWebKit/605.1.15 (KHTML, like Gecko) Version/16.3 Mobile/15E148 Safari/604.1"
88.154.40.45 - - [15/Sep/2023:16:03:07 +0300] "GET /bundle.js HTTP/2.0" 200 90031 "https://team-911.com.ua/" "Mozilla/5.0 (iPhone; CPU iPhone OS 16_3_1 like Mac OS X) AppleWebKit/605.1.15 (KHTML, like Gecko) Version/16.3 Mobile/15E148 Safari/604.1"
46.172.71.242 - - [15/Sep/2023:16:03:07 +0300] "POST /rx/data.php HTTP/2.0" 200 81 "https://team-911.com.ua/auth" "Mozilla/5.0 (iPhone; CPU iPhone OS 15_7_9 like Mac OS X) AppleWebKit/605.1.15 (KHTML, like Gecko) Version/15.6.6 Mobile/15E148 Safari/604.1"
46.211.112.83 - - [15/Sep/2023:16:03:09 +0300] "POST /rx/data.php HTTP/2.0" 200 81 "https://team-911.com.ua/auth" "Mozilla/5.0 (iPhone; CPU iPhone OS 16_6_1 like Mac OS X) AppleWebKit/605.1.15 (KHTML, like Gecko) Version/16.6 Mobile/15E148 Safari/604.1"
128.124.129.74 - - [15/Sep/2023:16:03:11 +0300] "POST /rx/data.php HTTP/2.0" 200 81 "https://team-911.com.ua/auth" "Mozilla/5.0 (iPhone; CPU iPhone OS 16_6 like Mac OS X) AppleWebKit/605.1.15 (KHTML, like Gecko) Version/16.6 Mobile/15E148 Safari/604.1"
31.131.107.231 - - [15/Sep/2023:16:03:13 +0300] "GET / HTTP/1.1" 301 169 "-" "Mozilla/5.0 (iPhone; CPU iPhone OS 16_6_1 like Mac OS X) AppleWebKit/605.1.15 (KHTML, like Gecko) Version/16.6 Mobile/15E148 Safari/604.1"
31.131.107.231 - - [15/Sep/2023:16:03:13 +0300] "GET / HTTP/2.0" 200 548 "-" "Mozilla/5.0 (iPhone; CPU iPhone OS 16_6_1 like Mac OS X) AppleWebKit/605.1.15 (KHTML, like Gecko) Version/16.6 Mobile/15E148 Safari/604.1"
31.131.107.231 - - [15/Sep/2023:16:03:13 +0300] "GET /main.css HTTP/2.0" 200 46815 "https://team-911.com.ua/" "Mozilla/5.0 (iPhone; CPU iPhone OS 16_6_1 like Mac OS X) AppleWebKit/605.1.15 (KHTML, like Gecko) Version/16.6 Mobile/15E148 Safari/604.1"
31.131.107.231 - - [15/Sep/2023:16:03:13 +0300] "GET /bundle.js HTTP/2.0" 200 90031 "https://team-911.com.ua/" "Mozilla/5.0 (iPhone; CPU iPhone OS 16_6_1 like Mac OS X) AppleWebKit/605.1.15 (KHTML, like Gecko) Version/16.6 Mobile/15E148 Safari/604.1"
193.107.111.254 - - [15/Sep/2023:16:03:14 +0300] "GET / HTTP/2.0" 200 548 "-" "Mozilla/5.0 (Windows NT 10.0; Win64; x64) AppleWebKit/537.36 (KHTML, like Gecko) Chrome/116.0.0.0 Safari/537.36"
193.107.111.254 - - [15/Sep/2023:16:03:14 +0300] "GET /bundle.js HTTP/2.0" 200 90031 "https://team-911.com.ua/" "Mozilla/5.0 (Windows NT 10.0; Win64; x64) AppleWebKit/537.36 (KHTML, like Gecko) Chrome/116.0.0.0 Safari/537.36"
193.107.111.254 - - [15/Sep/2023:16:03:15 +0300] "GET /main.css HTTP/2.0" 200 46815 "https://team-911.com.ua/" "Mozilla/5.0 (Windows NT 10.0; Win64; x64) AppleWebKit/537.36 (KHTML, like Gecko) Chrome/116.0.0.0 Safari/537.36"
89.209.73.152 - - [15/Sep/2023:16:03:15 +0300] "GET /win HTTP/2.0" 404 172 "-" "Mozilla/5.0 (Linux; Android 10; K) AppleWebKit/537.36 (KHTML, like Gecko) Chrome/116.0.0.0 Mobile Safari/537.36"
193.107.111.254 - - [15/Sep/2023:16:03:15 +0300] "GET /favicon.ico HTTP/2.0" 404 172 "https://team-911.com.ua/" "Mozilla/5.0 (Windows NT 10.0; Win64; x64) AppleWebKit/537.36 (KHTML, like Gecko) Chrome/116.0.0.0 Safari/537.36"
164.90.223.158 - - [15/Sep/2023:16:03:16 +0300] "GET / HTTP/1.1" 301 169 "-" "Mozilla/5.0 (Linux; Android 10; K) AppleWebKit/537.36 (KHTML, like Gecko) Chrome/115.0.0.0 Mobile Safari/537.36"
89.209.73.152 - - [15/Sep/2023:16:03:16 +0300] "GET /favicon.ico HTTP/2.0" 404 172 "https://team-911.com.ua/win" "Mozilla/5.0 (Linux; Android 10; K) AppleWebKit/537.36 (KHTML, like Gecko) Chrome/116.0.0.0 Mobile Safari/537.36"
164.90.223.158 - - [15/Sep/2023:16:03:16 +0300] "GET / HTTP/2.0" 200 548 "-" "Mozilla/5.0 (Linux; Android 10; K) AppleWebKit/537.36 (KHTML, like Gecko) Chrome/115.0.0.0 Mobile Safari/537.36"
164.90.223.158 - - [15/Sep/2023:16:03:17 +0300] "GET /main.css HTTP/2.0" 200 46815 "https://team-911.com.ua/" "Mozilla/5.0 (Linux; Android 10; K) AppleWebKit/537.36 (KHTML, like Gecko) Chrome/115.0.0.0 Mobile Safari/537.36"
164.90.223.158 - - [15/Sep/2023:16:03:17 +0300] "GET /bundle.js HTTP/2.0" 200 90031 "https://team-911.com.ua/" "Mozilla/5.0 (Linux; Android 10; K) AppleWebKit/537.36 (KHTML, like Gecko) Chrome/115.0.0.0 Mobile Safari/537.36"
164.90.223.158 - - [15/Sep/2023:16:03:17 +0300] "GET /favicon.ico HTTP/2.0" 404 172 "https://team-911.com.ua/" "Mozilla/5.0 (Linux; Android 10; K) AppleWebKit/537.36 (KHTML, like Gecko) Chrome/115.0.0.0 Mobile Safari/537.36"
46.211.119.13 - - [15/Sep/2023:16:03:19 +0300] "POST /rx/data.php HTTP/2.0" 200 81 "https://team-911.com.ua/auth" "Mozilla/5.0 (iPhone; CPU iPhone OS 16_6 like Mac OS X) AppleWebKit/605.1.15 (KHTML, like Gecko) Version/16.6 Mobile/15E148 Safari/604.1"
89.209.73.152 - - [15/Sep/2023:16:03:19 +0300] "GET /win HTTP/2.0" 404 172 "-" "Mozilla/5.0 (Linux; Android 10; K) AppleWebKit/537.36 (KHTML, like Gecko) Chrome/116.0.0.0 Mobile Safari/537.36"
46.219.227.67 - - [15/Sep/2023:16:03:23 +0300] "POST /rx/data.php HTTP/2.0" 200 81 "https://team-911.com.ua/auth" "Mozilla/5.0 (Linux; Android 10; K) AppleWebKit/537.36 (KHTML, like Gecko) Chrome/117.0.0.0 Mobile Safari/537.36"
188.163.51.57 - - [15/Sep/2023:16:03:27 +0300] "POST /rx/data.php HTTP/2.0" 200 81 "https://team-911.com.ua/secondTask" "Mozilla/5.0 (Linux; Android 10; K) AppleWebKit/537.36 (KHTML, like Gecko) Chrome/116.0.0.0 Mobile Safari/537.36"
172.225.37.82 - - [15/Sep/2023:16:03:31 +0300] "POST /rx/data.php HTTP/2.0" 200 81 "https://team-911.com.ua/secondTask" "Mozilla/5.0 (iPhone; CPU iPhone OS 16_6_1 like Mac OS X) AppleWebKit/605.1.15 (KHTML, like Gecko) Version/16.6 Mobile/15E148 Safari/604.1"
46.211.102.204 - - [15/Sep/2023:16:03:34 +0300] "POST /rx/data.php HTTP/2.0" 200 81 "https://team-911.com.ua/secondTask" "Mozilla/5.0 (Linux; U; Android 11; uk-ua; Redmi Note 11 Pro Build/RP1A.200720.011) AppleWebKit/537.36 (KHTML, like Gecko) Version/4.0 Chrome/112.0.5615.136 Mobile Safari/537.36 XiaoMi/MiuiBrowser/13.36.1-gn"
46.211.21.70 - - [15/Sep/2023:16:03:45 +0300] "POST /rx/data.php HTTP/2.0" 200 81 "https://team-911.com.ua/auth" "Mozilla/5.0 (iPhone; CPU iPhone OS 16_1 like Mac OS X) AppleWebKit/605.1.15 (KHTML, like Gecko) Version/16.1 Mobile/15E148 Safari/604.1"
176.36.6.83 - - [15/Sep/2023:16:03:45 +0300] "GET / HTTP/2.0" 200 548 "-" "Mozilla/5.0 (Windows NT 10.0; Win64; x64) AppleWebKit/537.36 (KHTML, like Gecko) Chrome/109.0.0.0 Safari/537.36"
176.36.6.83 - - [15/Sep/2023:16:03:45 +0300] "GET /main.css HTTP/2.0" 200 46815 "https://team-911.com.ua/" "Mozilla/5.0 (Windows NT 10.0; Win64; x64) AppleWebKit/537.36 (KHTML, like Gecko) Chrome/109.0.0.0 Safari/537.36"
176.36.6.83 - - [15/Sep/2023:16:03:45 +0300] "GET /bundle.js HTTP/2.0" 200 90031 "https://team-911.com.ua/" "Mozilla/5.0 (Windows NT 10.0; Win64; x64) AppleWebKit/537.36 (KHTML, like Gecko) Chrome/109.0.0.0 Safari/537.36"
176.36.6.83 - - [15/Sep/2023:16:03:45 +0300] "GET /favicon.ico HTTP/2.0" 404 172 "https://team-911.com.ua/" "Mozilla/5.0 (Windows NT 10.0; Win64; x64) AppleWebKit/537.36 (KHTML, like Gecko) Chrome/109.0.0.0 Safari/537.36"
46.133.18.25 - - [15/Sep/2023:16:03:46 +0300] "POST /rx/data.php HTTP/2.0" 200 81 "https://team-911.com.ua/auth" "Mozilla/5.0 (iPhone; CPU iPhone OS 15_3_1 like Mac OS X) AppleWebKit/605.1.15 (KHTML, like Gecko) Version/15.3 Mobile/15E148 Safari/604.1"
88.155.167.57 - - [15/Sep/2023:16:03:51 +0300] "GET / HTTP/2.0" 304 0 "-" "Mozilla/5.0 (iPhone; CPU iPhone OS 16_6 like Mac OS X) AppleWebKit/605.1.15 (KHTML, like Gecko) Version/16.6 Mobile/15E148 Safari/604.1"
88.155.167.57 - - [15/Sep/2023:16:03:51 +0300] "GET /bundle.js HTTP/2.0" 304 0 "https://team-911.com.ua/" "Mozilla/5.0 (iPhone; CPU iPhone OS 16_6 like Mac OS X) AppleWebKit/605.1.15 (KHTML, like Gecko) Version/16.6 Mobile/15E148 Safari/604.1"
88.155.167.57 - - [15/Sep/2023:16:03:51 +0300] "GET /main.css HTTP/2.0" 304 0 "https://team-911.com.ua/" "Mozilla/5.0 (iPhone; CPU iPhone OS 16_6 like Mac OS X) AppleWebKit/605.1.15 (KHTML, like Gecko) Version/16.6 Mobile/15E148 Safari/604.1"
46.172.71.242 - - [15/Sep/2023:16:03:54 +0300] "POST /rx/data.php HTTP/2.0" 200 81 "https://team-911.com.ua/auth" "Mozilla/5.0 (Linux; Android 10; K) AppleWebKit/537.36 (KHTML, like Gecko) Chrome/115.0.0.0 Mobile Safari/537.36"
178.133.177.85 - - [15/Sep/2023:16:03:54 +0300] "POST /rx/data.php HTTP/2.0" 200 81 "https://team-911.com.ua/auth" "Mozilla/5.0 (iPhone; CPU iPhone OS 16_6 like Mac OS X) AppleWebKit/605.1.15 (KHTML, like Gecko) Version/16.6 Mobile/15E148 Safari/604.1"
46.172.71.242 - - [15/Sep/2023:16:03:55 +0300] "GET / HTTP/1.1" 301 169 "-" "Mozilla/5.0 (iPhone; CPU iPhone OS 16_6 like Mac OS X) AppleWebKit/605.1.15 (KHTML, like Gecko) CriOS/103.0.5060.63 Mobile/15E148 Safari/604.1"
46.172.71.242 - - [15/Sep/2023:16:03:55 +0300] "GET / HTTP/2.0" 200 548 "-" "Mozilla/5.0 (iPhone; CPU iPhone OS 16_6 like Mac OS X) AppleWebKit/605.1.15 (KHTML, like Gecko) CriOS/103.0.5060.63 Mobile/15E148 Safari/604.1"
46.172.71.242 - - [15/Sep/2023:16:03:55 +0300] "GET /main.css HTTP/2.0" 200 46815 "https://team-911.com.ua/" "Mozilla/5.0 (iPhone; CPU iPhone OS 16_6 like Mac OS X) AppleWebKit/605.1.15 (KHTML, like Gecko) CriOS/103.0.5060.63 Mobile/15E148 Safari/604.1"
46.172.71.242 - - [15/Sep/2023:16:03:55 +0300] "GET /bundle.js HTTP/2.0" 200 90031 "https://team-911.com.ua/" "Mozilla/5.0 (iPhone; CPU iPhone OS 16_6 like Mac OS X) AppleWebKit/605.1.15 (KHTML, like Gecko) CriOS/103.0.5060.63 Mobile/15E148 Safari/604.1"
46.172.71.242 - - [15/Sep/2023:16:03:56 +0300] "GET /favicon.ico HTTP/2.0" 404 172 "-" "Mozilla/5.0 (iPhone; CPU iPhone OS 16_6 like Mac OS X) AppleWebKit/605.1.15 (KHTML, like Gecko) CriOS/103.0.5060.63 Mobile/15E148 Safari/604.1"
176.122.14.79 - - [15/Sep/2023:16:03:56 +0300] "GET / HTTP/2.0" 200 548 "-" "Mozilla/5.0 (Windows NT 10.0; Win64; x64) AppleWebKit/537.36 (KHTML, like Gecko) Chrome/108.0.5359.98 Safari/537.36"
159.224.231.49 - - [15/Sep/2023:16:04:00 +0300] "POST /rx/data.php HTTP/2.0" 200 81 "https://team-911.com.ua/secondTask" "Mozilla/5.0 (iPhone; CPU iPhone OS 16_6_1 like Mac OS X) AppleWebKit/605.1.15 (KHTML, like Gecko) Version/16.6 Mobile/15E148 Safari/604.1"
109.87.56.185 - - [15/Sep/2023:16:04:01 +0300] "POST /rx/data.php HTTP/2.0" 200 81 "https://team-911.com.ua/secondTask" "Mozilla/5.0 (Linux; arm_64; Android 12; V2027) AppleWebKit/537.36 (KHTML, like Gecko) Chrome/116.0.5845.237 YaBrowser/23.9.0.237.00 SA/3 Mobile Safari/537.36"
178.158.203.109 - - [15/Sep/2023:16:04:05 +0300] "GET / HTTP/2.0" 200 548 "-" "Mozilla/5.0 (Linux; Android 10; K) AppleWebKit/537.36 (KHTML, like Gecko) Chrome/116.0.0.0 Mobile Safari/537.36"
178.158.203.109 - - [15/Sep/2023:16:04:05 +0300] "GET /main.css HTTP/2.0" 200 46815 "https://team-911.com.ua/" "Mozilla/5.0 (Linux; Android 10; K) AppleWebKit/537.36 (KHTML, like Gecko) Chrome/116.0.0.0 Mobile Safari/537.36"
178.158.203.109 - - [15/Sep/2023:16:04:05 +0300] "GET /bundle.js HTTP/2.0" 200 90031 "https://team-911.com.ua/" "Mozilla/5.0 (Linux; Android 10; K) AppleWebKit/537.36 (KHTML, like Gecko) Chrome/116.0.0.0 Mobile Safari/537.36"
178.158.203.109 - - [15/Sep/2023:16:04:06 +0300] "GET /favicon.ico HTTP/2.0" 404 172 "https://team-911.com.ua/" "Mozilla/5.0 (Linux; Android 10; K) AppleWebKit/537.36 (KHTML, like Gecko) Chrome/116.0.0.0 Mobile Safari/537.36"
176.105.210.22 - - [15/Sep/2023:16:04:09 +0300] "GET / HTTP/2.0" 200 548 "-" "Mozilla/5.0 (Linux; Android 10; K) AppleWebKit/537.36 (KHTML, like Gecko) Chrome/117.0.0.0 Mobile Safari/537.36"
176.105.210.22 - - [15/Sep/2023:16:04:09 +0300] "GET /main.css HTTP/2.0" 200 46815 "https://team-911.com.ua/" "Mozilla/5.0 (Linux; Android 10; K) AppleWebKit/537.36 (KHTML, like Gecko) Chrome/117.0.0.0 Mobile Safari/537.36"
176.105.210.22 - - [15/Sep/2023:16:04:10 +0300] "GET /bundle.js HTTP/2.0" 200 90031 "https://team-911.com.ua/" "Mozilla/5.0 (Linux; Android 10; K) AppleWebKit/537.36 (KHTML, like Gecko) Chrome/117.0.0.0 Mobile Safari/537.36"
176.105.210.22 - - [15/Sep/2023:16:04:10 +0300] "GET /favicon.ico HTTP/2.0" 404 172 "https://team-911.com.ua/" "Mozilla/5.0 (Linux; Android 10; K) AppleWebKit/537.36 (KHTML, like Gecko) Chrome/117.0.0.0 Mobile Safari/537.36"
88.155.175.144 - - [15/Sep/2023:16:04:11 +0300] "GET / HTTP/2.0" 200 548 "-" "Mozilla/5.0 (Windows NT 10.0; Win64; x64) AppleWebKit/537.36 (KHTML, like Gecko) Chrome/108.0.5359.98 Safari/537.36"
37.73.131.196 - - [15/Sep/2023:16:04:11 +0300] "GET / HTTP/1.1" 301 169 "-" "Mozilla/5.0 (iPhone; CPU iPhone OS 16_6 like Mac OS X) AppleWebKit/605.1.15 (KHTML, like Gecko) Version/16.6 Mobile/15E148 Safari/604.1"
77.120.140.105 - - [15/Sep/2023:16:04:12 +0300] "GET / HTTP/1.1" 301 169 "-" "Mozilla/5.0 (Linux; Android 13; SAMSUNG SM-M526B) AppleWebKit/537.36 (KHTML, like Gecko) SamsungBrowser/22.0 Chrome/111.0.5563.116 Mobile Safari/537.36"
77.120.133.16 - - [15/Sep/2023:16:04:12 +0300] "GET / HTTP/2.0" 200 548 "-" "Mozilla/5.0 (Linux; Android 13; SAMSUNG SM-M526B) AppleWebKit/537.36 (KHTML, like Gecko) SamsungBrowser/22.0 Chrome/111.0.5563.116 Mobile Safari/537.36"
77.120.133.16 - - [15/Sep/2023:16:04:12 +0300] "GET /bundle.js HTTP/2.0" 200 90031 "https://team-911.com.ua/" "Mozilla/5.0 (Linux; Android 13; SAMSUNG SM-M526B) AppleWebKit/537.36 (KHTML, like Gecko) SamsungBrowser/22.0 Chrome/111.0.5563.116 Mobile Safari/537.36"
77.120.133.16 - - [15/Sep/2023:16:04:12 +0300] "GET /main.css HTTP/2.0" 200 46815 "https://team-911.com.ua/" "Mozilla/5.0 (Linux; Android 13; SAMSUNG SM-M526B) AppleWebKit/537.36 (KHTML, like Gecko) SamsungBrowser/22.0 Chrome/111.0.5563.116 Mobile Safari/537.36"
37.73.131.196 - - [15/Sep/2023:16:04:12 +0300] "GET / HTTP/2.0" 200 548 "-" "Mozilla/5.0 (iPhone; CPU iPhone OS 16_6 like Mac OS X) AppleWebKit/605.1.15 (KHTML, like Gecko) Version/16.6 Mobile/15E148 Safari/604.1"
37.73.131.196 - - [15/Sep/2023:16:04:12 +0300] "GET /bundle.js HTTP/2.0" 200 90031 "https://team-911.com.ua/" "Mozilla/5.0 (iPhone; CPU iPhone OS 16_6 like Mac OS X) AppleWebKit/605.1.15 (KHTML, like Gecko) Version/16.6 Mobile/15E148 Safari/604.1"
37.73.131.196 - - [15/Sep/2023:16:04:12 +0300] "GET /main.css HTTP/2.0" 200 46815 "https://team-911.com.ua/" "Mozilla/5.0 (iPhone; CPU iPhone OS 16_6 like Mac OS X) AppleWebKit/605.1.15 (KHTML, like Gecko) Version/16.6 Mobile/15E148 Safari/604.1"
77.120.133.16 - - [15/Sep/2023:16:04:12 +0300] "GET /favicon.ico HTTP/2.0" 404 172 "https://team-911.com.ua/" "Mozilla/5.0 (Linux; Android 13; SAMSUNG SM-M526B) AppleWebKit/537.36 (KHTML, like Gecko) SamsungBrowser/22.0 Chrome/111.0.5563.116 Mobile Safari/537.36"
46.211.249.155 - - [15/Sep/2023:16:04:13 +0300] "GET / HTTP/1.1" 301 169 "-" "Mozilla/5.0 (iPhone; CPU iPhone OS 16_6_1 like Mac OS X) AppleWebKit/605.1.15 (KHTML, like Gecko) Version/16.6 Mobile/15E148 Safari/604.1"
37.73.131.196 - - [15/Sep/2023:16:04:14 +0300] "GET /favicon.ico HTTP/2.0" 404 172 "https://team-911.com.ua/" "Mozilla/5.0 (iPhone; CPU iPhone OS 16_6 like Mac OS X) AppleWebKit/605.1.15 (KHTML, like Gecko) Version/16.6 Mobile/15E148 Safari/604.1"
128.124.61.87 - - [15/Sep/2023:16:04:15 +0300] "GET / HTTP/2.0" 200 548 "-" "Mozilla/5.0 (iPhone; CPU iPhone OS 16_1_1 like Mac OS X) AppleWebKit/605.1.15 (KHTML, like Gecko) Version/16.1 Mobile/15E148 Safari/604.1"
94.124.162.17 - - [15/Sep/2023:16:04:15 +0300] "POST /rx/data.php HTTP/2.0" 200 81 "https://team-911.com.ua/secondTask" "Mozilla/5.0 (Linux; Android 10; SAMSUNG SM-A515F) AppleWebKit/537.36 (KHTML, like Gecko) SamsungBrowser/22.0 Chrome/111.0.5563.116 Mobile Safari/537.36"
46.211.249.155 - - [15/Sep/2023:16:04:15 +0300] "GET / HTTP/2.0" 200 548 "-" "Mozilla/5.0 (iPhone; CPU iPhone OS 16_6_1 like Mac OS X) AppleWebKit/605.1.15 (KHTML, like Gecko) Version/16.6 Mobile/15E148 Safari/604.1"
46.211.249.155 - - [15/Sep/2023:16:04:17 +0300] "GET /bundle.js HTTP/2.0" 200 90031 "https://team-911.com.ua/" "Mozilla/5.0 (iPhone; CPU iPhone OS 16_6_1 like Mac OS X) AppleWebKit/605.1.15 (KHTML, like Gecko) Version/16.6 Mobile/15E148 Safari/604.1"
46.211.249.155 - - [15/Sep/2023:16:04:17 +0300] "GET /main.css HTTP/2.0" 200 46815 "https://team-911.com.ua/" "Mozilla/5.0 (iPhone; CPU iPhone OS 16_6_1 like Mac OS X) AppleWebKit/605.1.15 (KHTML, like Gecko) Version/16.6 Mobile/15E148 Safari/604.1"
213.225.9.56 - - [15/Sep/2023:16:04:20 +0300] "GET / HTTP/2.0" 200 548 "-" "Mozilla/5.0 (Windows NT 10.0; Win64; x64) AppleWebKit/537.36 (KHTML, like Gecko) Chrome/108.0.5359.98 Safari/537.36"
94.124.166.134 - - [15/Sep/2023:16:04:23 +0300] "GET / HTTP/1.1" 200 560 "-" "Viber"
89.209.145.30 - - [15/Sep/2023:16:04:23 +0300] "GET / HTTP/1.1" 301 169 "-" "Mozilla/5.0 (iPhone; CPU iPhone OS 16_6_1 like Mac OS X) AppleWebKit/605.1.15 (KHTML, like Gecko) Version/16.6 Mobile/15E148 Safari/604.1"
89.209.145.30 - - [15/Sep/2023:16:04:23 +0300] "GET / HTTP/2.0" 200 548 "-" "Mozilla/5.0 (iPhone; CPU iPhone OS 16_6_1 like Mac OS X) AppleWebKit/605.1.15 (KHTML, like Gecko) Version/16.6 Mobile/15E148 Safari/604.1"
89.209.145.30 - - [15/Sep/2023:16:04:24 +0300] "GET /bundle.js HTTP/2.0" 200 90031 "https://team-911.com.ua/" "Mozilla/5.0 (iPhone; CPU iPhone OS 16_6_1 like Mac OS X) AppleWebKit/605.1.15 (KHTML, like Gecko) Version/16.6 Mobile/15E148 Safari/604.1"
89.209.145.30 - - [15/Sep/2023:16:04:24 +0300] "GET /main.css HTTP/2.0" 200 46815 "https://team-911.com.ua/" "Mozilla/5.0 (iPhone; CPU iPhone OS 16_6_1 like Mac OS X) AppleWebKit/605.1.15 (KHTML, like Gecko) Version/16.6 Mobile/15E148 Safari/604.1"
93.171.78.246 - - [15/Sep/2023:16:04:26 +0300] "POST /rx/data.php HTTP/2.0" 200 81 "https://team-911.com.ua/secondTask" "Mozilla/5.0 (iPhone; CPU iPhone OS 16_6_1 like Mac OS X) AppleWebKit/605.1.15 (KHTML, like Gecko) Version/16.6 Mobile/15E148 Safari/604.1"
193.33.197.40 - - [15/Sep/2023:16:04:29 +0300] "GET / HTTP/1.1" 301 169 "-" "Mozilla/5.0 (iPhone; CPU iPhone OS 16_6 like Mac OS X) AppleWebKit/605.1.15 (KHTML, like Gecko) Version/16.6 Mobile/15E148 Safari/604.1"
193.33.197.40 - - [15/Sep/2023:16:04:29 +0300] "GET / HTTP/2.0" 200 548 "-" "Mozilla/5.0 (iPhone; CPU iPhone OS 16_6 like Mac OS X) AppleWebKit/605.1.15 (KHTML, like Gecko) Version/16.6 Mobile/15E148 Safari/604.1"
193.33.197.40 - - [15/Sep/2023:16:04:29 +0300] "GET /main.css HTTP/2.0" 200 46815 "https://team-911.com.ua/" "Mozilla/5.0 (iPhone; CPU iPhone OS 16_6 like Mac OS X) AppleWebKit/605.1.15 (KHTML, like Gecko) Version/16.6 Mobile/15E148 Safari/604.1"
193.33.197.40 - - [15/Sep/2023:16:04:29 +0300] "GET /bundle.js HTTP/2.0" 200 90031 "https://team-911.com.ua/" "Mozilla/5.0 (iPhone; CPU iPhone OS 16_6 like Mac OS X) AppleWebKit/605.1.15 (KHTML, like Gecko) Version/16.6 Mobile/15E148 Safari/604.1"
