88.155.18.32 - - [15/Sep/2023:16:16:35 +0300] "POST /rx/data.php HTTP/2.0" 200 81 "https://team-911.com.ua/auth" "Mozilla/5.0 (iPhone; CPU iPhone OS 16_6 like Mac OS X) AppleWebKit/605.1.15 (KHTML, like Gecko) Version/16.6 Mobile/15E148 Safari/604.1"
128.124.1.204 - - [15/Sep/2023:16:16:35 +0300] "GET /bundle.js HTTP/2.0" 200 90031 "https://team-911.com.ua/" "Mozilla/5.0 (iPhone; CPU iPhone OS 16_6_1 like Mac OS X) AppleWebKit/605.1.15 (KHTML, like Gecko) Version/16.6 Mobile/15E148 Safari/604.1"
128.124.1.204 - - [15/Sep/2023:16:16:35 +0300] "GET /main.css HTTP/2.0" 200 46815 "https://team-911.com.ua/" "Mozilla/5.0 (iPhone; CPU iPhone OS 16_6_1 like Mac OS X) AppleWebKit/605.1.15 (KHTML, like Gecko) Version/16.6 Mobile/15E148 Safari/604.1"
31.144.101.106 - - [15/Sep/2023:16:16:36 +0300] "GET / HTTP/1.1" 301 169 "-" "Mozilla/5.0 (Linux; U; Android 13; uk-ua; Redmi 10C Build/TKQ1.221114.001) AppleWebKit/537.36 (KHTML, like Gecko) Version/4.0 Chrome/100.0.4896.127 Mobile Safari/537.36 XiaoMi/MiuiBrowser/13.25.2.2-gn"
79.110.134.183 - - [15/Sep/2023:16:16:36 +0300] "POST /rx/data.php HTTP/2.0" 200 81 "https://team-911.com.ua/auth" "Mozilla/5.0 (iPhone; CPU iPhone OS 16_6_1 like Mac OS X) AppleWebKit/605.1.15 (KHTML, like Gecko) Version/16.6 Mobile/15E148 Safari/604.1"
31.144.101.106 - - [15/Sep/2023:16:16:37 +0300] "GET / HTTP/2.0" 200 548 "-" "Mozilla/5.0 (Linux; U; Android 13; uk-ua; Redmi 10C Build/TKQ1.221114.001) AppleWebKit/537.36 (KHTML, like Gecko) Version/4.0 Chrome/100.0.4896.127 Mobile Safari/537.36 XiaoMi/MiuiBrowser/13.25.2.2-gn"
88.154.53.200 - - [15/Sep/2023:16:16:37 +0300] "POST /rx/data.php HTTP/2.0" 200 81 "https://team-911.com.ua/auth" "Mozilla/5.0 (Linux; Android 10; K) AppleWebKit/537.36 (KHTML, like Gecko) Chrome/116.0.0.0 Mobile Safari/537.36"
31.144.101.106 - - [15/Sep/2023:16:16:37 +0300] "GET /main.css HTTP/2.0" 200 46815 "https://team-911.com.ua/" "Mozilla/5.0 (Linux; U; Android 13; uk-ua; Redmi 10C Build/TKQ1.221114.001) AppleWebKit/537.36 (KHTML, like Gecko) Version/4.0 Chrome/100.0.4896.127 Mobile Safari/537.36 XiaoMi/MiuiBrowser/13.25.2.2-gn"
31.144.101.106 - - [15/Sep/2023:16:16:37 +0300] "GET /bundle.js HTTP/2.0" 200 90031 "https://team-911.com.ua/" "Mozilla/5.0 (Linux; U; Android 13; uk-ua; Redmi 10C Build/TKQ1.221114.001) AppleWebKit/537.36 (KHTML, like Gecko) Version/4.0 Chrome/100.0.4896.127 Mobile Safari/537.36 XiaoMi/MiuiBrowser/13.25.2.2-gn"
46.211.254.93 - - [15/Sep/2023:16:16:40 +0300] "GET /favicon.ico HTTP/2.0" 404 172 "https://team-911.com.ua/" "Mozilla/5.0 (iPhone; CPU iPhone OS 16_1_1 like Mac OS X) AppleWebKit/605.1.15 (KHTML, like Gecko) Version/16.1 Mobile/15E148 Safari/604.1"
31.144.101.106 - - [15/Sep/2023:16:16:41 +0300] "GET /favicon.ico HTTP/2.0" 404 172 "https://team-911.com.ua/" "Mozilla/5.0 (Linux; U; Android 13; uk-ua; Redmi 10C Build/TKQ1.221114.001) AppleWebKit/537.36 (KHTML, like Gecko) Version/4.0 Chrome/100.0.4896.127 Mobile Safari/537.36 XiaoMi/MiuiBrowser/13.25.2.2-gn"
31.144.101.106 - - [15/Sep/2023:16:16:42 +0300] "GET /favicon.ico HTTP/2.0" 404 172 "https://team-911.com.ua/description" "Mozilla/5.0 (Linux; U; Android 13; uk-ua; Redmi 10C Build/TKQ1.221114.001) AppleWebKit/537.36 (KHTML, like Gecko) Version/4.0 Chrome/100.0.4896.127 Mobile Safari/537.36 XiaoMi/MiuiBrowser/13.25.2.2-gn"
31.131.104.137 - - [15/Sep/2023:16:16:42 +0300] "GET / HTTP/1.1" 301 169 "-" "Mozilla/5.0 (Linux; Android 10; K) AppleWebKit/537.36 (KHTML, like Gecko) Chrome/116.0.0.0 Mobile Safari/537.36"
31.131.104.137 - - [15/Sep/2023:16:16:43 +0300] "GET / HTTP/2.0" 200 548 "-" "Mozilla/5.0 (Linux; Android 10; K) AppleWebKit/537.36 (KHTML, like Gecko) Chrome/116.0.0.0 Mobile Safari/537.36"
31.131.104.137 - - [15/Sep/2023:16:16:43 +0300] "GET /main.css HTTP/2.0" 200 46815 "https://team-911.com.ua/" "Mozilla/5.0 (Linux; Android 10; K) AppleWebKit/537.36 (KHTML, like Gecko) Chrome/116.0.0.0 Mobile Safari/537.36"
31.131.104.137 - - [15/Sep/2023:16:16:43 +0300] "GET /bundle.js HTTP/2.0" 200 90031 "https://team-911.com.ua/" "Mozilla/5.0 (Linux; Android 10; K) AppleWebKit/537.36 (KHTML, like Gecko) Chrome/116.0.0.0 Mobile Safari/537.36"
31.131.104.137 - - [15/Sep/2023:16:16:44 +0300] "GET /favicon.ico HTTP/2.0" 404 172 "https://team-911.com.ua/" "Mozilla/5.0 (Linux; Android 10; K) AppleWebKit/537.36 (KHTML, like Gecko) Chrome/116.0.0.0 Mobile Safari/537.36"
195.64.229.164 - - [15/Sep/2023:16:16:46 +0300] "GET / HTTP/1.1" 301 169 "-" "Mozilla/5.0 (Linux; U; Android 10; ru-ru; Redmi Note 8 Pro Build/QP1A.190711.020) AppleWebKit/537.36 (KHTML, like Gecko) Version/4.0 Chrome/112.0.5615.136 Mobile Safari/537.36 XiaoMi/MiuiBrowser/13.36.1-gn"
195.64.229.164 - - [15/Sep/2023:16:16:46 +0300] "GET / HTTP/2.0" 200 548 "-" "Mozilla/5.0 (Linux; U; Android 10; ru-ru; Redmi Note 8 Pro Build/QP1A.190711.020) AppleWebKit/537.36 (KHTML, like Gecko) Version/4.0 Chrome/112.0.5615.136 Mobile Safari/537.36 XiaoMi/MiuiBrowser/13.36.1-gn"
195.64.229.164 - - [15/Sep/2023:16:16:48 +0300] "GET /bundle.js HTTP/2.0" 200 90031 "https://team-911.com.ua/" "Mozilla/5.0 (Linux; U; Android 10; ru-ru; Redmi Note 8 Pro Build/QP1A.190711.020) AppleWebKit/537.36 (KHTML, like Gecko) Version/4.0 Chrome/112.0.5615.136 Mobile Safari/537.36 XiaoMi/MiuiBrowser/13.36.1-gn"
195.64.229.164 - - [15/Sep/2023:16:16:48 +0300] "GET /main.css HTTP/2.0" 200 46815 "https://team-911.com.ua/" "Mozilla/5.0 (Linux; U; Android 10; ru-ru; Redmi Note 8 Pro Build/QP1A.190711.020) AppleWebKit/537.36 (KHTML, like Gecko) Version/4.0 Chrome/112.0.5615.136 Mobile Safari/537.36 XiaoMi/MiuiBrowser/13.36.1-gn"
94.124.163.29 - - [15/Sep/2023:16:16:49 +0300] "GET / HTTP/1.1" 301 169 "-" "Mozilla/5.0 (iPhone; CPU iPhone OS 16_6_1 like Mac OS X) AppleWebKit/605.1.15 (KHTML, like Gecko) Version/16.6 Mobile/15E148 Safari/604.1"
195.64.229.164 - - [15/Sep/2023:16:16:49 +0300] "GET /favicon.ico HTTP/2.0" 404 172 "https://team-911.com.ua/" "Mozilla/5.0 (Linux; U; Android 10; ru-ru; Redmi Note 8 Pro Build/QP1A.190711.020) AppleWebKit/537.36 (KHTML, like Gecko) Version/4.0 Chrome/112.0.5615.136 Mobile Safari/537.36 XiaoMi/MiuiBrowser/13.36.1-gn"
195.64.229.164 - - [15/Sep/2023:16:16:49 +0300] "GET /favicon.ico HTTP/2.0" 404 172 "https://team-911.com.ua/" "Mozilla/5.0 (Linux; U; Android 10; ru-ru; Redmi Note 8 Pro Build/QP1A.190711.020) AppleWebKit/537.36 (KHTML, like Gecko) Version/4.0 Chrome/112.0.5615.136 Mobile Safari/537.36 XiaoMi/MiuiBrowser/13.36.1-gn"
94.124.163.29 - - [15/Sep/2023:16:16:49 +0300] "GET / HTTP/2.0" 200 548 "-" "Mozilla/5.0 (iPhone; CPU iPhone OS 16_6_1 like Mac OS X) AppleWebKit/605.1.15 (KHTML, like Gecko) Version/16.6 Mobile/15E148 Safari/604.1"
94.124.163.29 - - [15/Sep/2023:16:16:49 +0300] "GET /bundle.js HTTP/2.0" 200 90031 "https://team-911.com.ua/" "Mozilla/5.0 (iPhone; CPU iPhone OS 16_6_1 like Mac OS X) AppleWebKit/605.1.15 (KHTML, like Gecko) Version/16.6 Mobile/15E148 Safari/604.1"
94.124.163.29 - - [15/Sep/2023:16:16:49 +0300] "GET /main.css HTTP/2.0" 200 46815 "https://team-911.com.ua/" "Mozilla/5.0 (iPhone; CPU iPhone OS 16_6_1 like Mac OS X) AppleWebKit/605.1.15 (KHTML, like Gecko) Version/16.6 Mobile/15E148 Safari/604.1"
128.124.40.12 - - [15/Sep/2023:16:16:51 +0300] "GET / HTTP/2.0" 200 548 "-" "Mozilla/5.0 (Linux; Android 10; K) AppleWebKit/537.36 (KHTML, like Gecko) Chrome/116.0.0.0 Mobile Safari/537.36"
128.124.40.12 - - [15/Sep/2023:16:16:51 +0300] "GET /main.css HTTP/2.0" 200 46815 "https://team-911.com.ua/" "Mozilla/5.0 (Linux; Android 10; K) AppleWebKit/537.36 (KHTML, like Gecko) Chrome/116.0.0.0 Mobile Safari/537.36"
128.124.40.12 - - [15/Sep/2023:16:16:51 +0300] "GET /bundle.js HTTP/2.0" 200 90031 "https://team-911.com.ua/" "Mozilla/5.0 (Linux; Android 10; K) AppleWebKit/537.36 (KHTML, like Gecko) Chrome/116.0.0.0 Mobile Safari/537.36"
188.163.32.46 - - [15/Sep/2023:16:16:52 +0300] "GET / HTTP/1.1" 301 169 "-" "Mozilla/5.0 (iPhone; CPU iPhone OS 16_6_1 like Mac OS X) AppleWebKit/605.1.15 (KHTML, like Gecko) Version/16.6 Mobile/15E148 Safari/604.1"
195.140.224.26 - - [15/Sep/2023:16:16:52 +0300] "GET / HTTP/1.1" 301 169 "-" "Mozilla/5.0 (iPhone; CPU iPhone OS 16_6 like Mac OS X) AppleWebKit/605.1.15 (KHTML, like Gecko) Version/16.6 Mobile/15E148 Safari/604.1"
188.163.32.46 - - [15/Sep/2023:16:16:52 +0300] "GET / HTTP/2.0" 200 548 "-" "Mozilla/5.0 (iPhone; CPU iPhone OS 16_6_1 like Mac OS X) AppleWebKit/605.1.15 (KHTML, like Gecko) Version/16.6 Mobile/15E148 Safari/604.1"
188.163.32.46 - - [15/Sep/2023:16:16:52 +0300] "GET /bundle.js HTTP/2.0" 200 90031 "https://team-911.com.ua/" "Mozilla/5.0 (iPhone; CPU iPhone OS 16_6_1 like Mac OS X) AppleWebKit/605.1.15 (KHTML, like Gecko) Version/16.6 Mobile/15E148 Safari/604.1"
188.163.32.46 - - [15/Sep/2023:16:16:52 +0300] "GET /main.css HTTP/2.0" 200 46815 "https://team-911.com.ua/" "Mozilla/5.0 (iPhone; CPU iPhone OS 16_6_1 like Mac OS X) AppleWebKit/605.1.15 (KHTML, like Gecko) Version/16.6 Mobile/15E148 Safari/604.1"
82.144.203.180 - - [15/Sep/2023:16:16:53 +0300] "POST /rx/data.php HTTP/2.0" 200 81 "https://team-911.com.ua/auth" "Mozilla/5.0 (Linux; Android 10; K) AppleWebKit/537.36 (KHTML, like Gecko) Chrome/116.0.0.0 Mobile Safari/537.36"
31.144.164.15 - - [15/Sep/2023:16:16:53 +0300] "GET / HTTP/1.1" 301 169 "-" "Mozilla/5.0 (iPhone; CPU iPhone OS 16_6_1 like Mac OS X) AppleWebKit/605.1.15 (KHTML, like Gecko) Version/16.6 Mobile/15E148 Safari/604.1"
188.163.32.46 - - [15/Sep/2023:16:16:54 +0300] "GET /favicon.ico HTTP/2.0" 404 172 "https://team-911.com.ua/" "Mozilla/5.0 (iPhone; CPU iPhone OS 16_6_1 like Mac OS X) AppleWebKit/605.1.15 (KHTML, like Gecko) Version/16.6 Mobile/15E148 Safari/604.1"
31.144.164.15 - - [15/Sep/2023:16:16:54 +0300] "GET / HTTP/2.0" 200 548 "-" "Mozilla/5.0 (iPhone; CPU iPhone OS 16_6_1 like Mac OS X) AppleWebKit/605.1.15 (KHTML, like Gecko) Version/16.6 Mobile/15E148 Safari/604.1"
31.144.164.15 - - [15/Sep/2023:16:16:54 +0300] "GET /bundle.js HTTP/2.0" 200 90031 "https://team-911.com.ua/" "Mozilla/5.0 (iPhone; CPU iPhone OS 16_6_1 like Mac OS X) AppleWebKit/605.1.15 (KHTML, like Gecko) Version/16.6 Mobile/15E148 Safari/604.1"
31.144.164.15 - - [15/Sep/2023:16:16:54 +0300] "GET /main.css HTTP/2.0" 200 46815 "https://team-911.com.ua/" "Mozilla/5.0 (iPhone; CPU iPhone OS 16_6_1 like Mac OS X) AppleWebKit/605.1.15 (KHTML, like Gecko) Version/16.6 Mobile/15E148 Safari/604.1"
195.149.108.41 - - [15/Sep/2023:16:16:56 +0300] "POST /rx/data.php HTTP/2.0" 200 81 "https://team-911.com.ua/secondTask" "Mozilla/5.0 (iPhone; CPU iPhone OS 16_6_1 like Mac OS X) AppleWebKit/605.1.15 (KHTML, like Gecko) Version/16.6 Mobile/15E148 Safari/604.1"
128.124.40.12 - - [15/Sep/2023:16:16:56 +0300] "GET /bundle.js HTTP/2.0" 200 90031 "https://team-911.com.ua/" "Mozilla/5.0 (Linux; Android 10; K) AppleWebKit/537.36 (KHTML, like Gecko) Chrome/116.0.0.0 Mobile Safari/537.36"
31.144.164.15 - - [15/Sep/2023:16:16:57 +0300] "GET /favicon.ico HTTP/2.0" 404 172 "https://team-911.com.ua/" "Mozilla/5.0 (iPhone; CPU iPhone OS 16_6_1 like Mac OS X) AppleWebKit/605.1.15 (KHTML, like Gecko) Version/16.6 Mobile/15E148 Safari/604.1"
128.124.40.12 - - [15/Sep/2023:16:16:57 +0300] "GET /favicon.ico HTTP/2.0" 404 172 "https://team-911.com.ua/" "Mozilla/5.0 (Linux; Android 10; K) AppleWebKit/537.36 (KHTML, like Gecko) Chrome/116.0.0.0 Mobile Safari/537.36"
95.47.249.117 - - [15/Sep/2023:16:17:00 +0300] "POST /rx/data.php HTTP/2.0" 200 81 "https://team-911.com.ua/auth" "Mozilla/5.0 (iPhone; CPU iPhone OS 16_6 like Mac OS X) AppleWebKit/605.1.15 (KHTML, like Gecko) Version/16.6 Mobile/15E148 Safari/604.1"
5.59.170.252 - - [15/Sep/2023:16:17:00 +0300] "POST /rx/data.php HTTP/2.0" 200 81 "https://team-911.com.ua/auth" "Mozilla/5.0 (iPhone; CPU iPhone OS 16_6_1 like Mac OS X) AppleWebKit/605.1.15 (KHTML, like Gecko) Version/16.6 Mobile/15E148 Safari/604.1"
195.191.104.126 - - [15/Sep/2023:16:17:00 +0300] "POST /rx/data.php HTTP/2.0" 200 81 "https://team-911.com.ua/secondTask" "Mozilla/5.0 (Linux; Android 10; K) AppleWebKit/537.36 (KHTML, like Gecko) Chrome/117.0.0.0 Mobile Safari/537.36"
31.13.103.119 - - [15/Sep/2023:16:17:01 +0300] "GET / HTTP/2.0" 200 962 "-" "facebookexternalhit/1.1 (+http://www.facebook.com/externalhit_uatext.php)"
31.13.103.120 - - [15/Sep/2023:16:17:01 +0300] "GET / HTTP/2.0" 200 962 "-" "facebookexternalhit/1.1 (+http://www.facebook.com/externalhit_uatext.php)"
46.172.71.242 - - [15/Sep/2023:16:17:01 +0300] "POST /rx/data.php HTTP/2.0" 200 81 "https://team-911.com.ua/auth" "Mozilla/5.0 (Linux; Android 10; K) AppleWebKit/537.36 (KHTML, like Gecko) Chrome/116.0.0.0 Mobile Safari/537.36"
31.13.103.118 - - [15/Sep/2023:16:17:02 +0300] "GET / HTTP/2.0" 200 962 "-" "facebookexternalhit/1.1 (+http://www.facebook.com/externalhit_uatext.php)"
46.98.151.69 - - [15/Sep/2023:16:17:02 +0300] "POST /rx/data.php HTTP/2.0" 200 81 "https://team-911.com.ua/auth" "Mozilla/5.0 (iPhone; CPU iPhone OS 16_6_1 like Mac OS X) AppleWebKit/605.1.15 (KHTML, like Gecko) Version/16.6 Mobile/15E148 Safari/604.1"
91.202.0.80 - - [15/Sep/2023:16:17:05 +0300] "POST /rx/data.php HTTP/2.0" 200 81 "https://team-911.com.ua/auth" "Mozilla/5.0 (iPhone; CPU iPhone OS 16_6_1 like Mac OS X) AppleWebKit/605.1.15 (KHTML, like Gecko) Version/16.6 Mobile/15E148 Safari/604.1"
46.174.247.5 - - [15/Sep/2023:16:17:05 +0300] "POST /rx/data.php HTTP/2.0" 200 81 "https://team-911.com.ua/auth" "Mozilla/5.0 (iPhone; CPU iPhone OS 16_6_1 like Mac OS X) AppleWebKit/605.1.15 (KHTML, like Gecko) Version/16.6 Mobile/15E148 Safari/604.1"
88.155.248.146 - - [15/Sep/2023:16:17:06 +0300] "GET / HTTP/1.1" 301 169 "-" "Mozilla/5.0 (Linux; Android 13; SAMSUNG SM-A346E) AppleWebKit/537.36 (KHTML, like Gecko) SamsungBrowser/22.0 Chrome/111.0.5563.116 Mobile Safari/537.36"
88.155.248.146 - - [15/Sep/2023:16:17:06 +0300] "GET / HTTP/2.0" 200 548 "-" "Mozilla/5.0 (Linux; Android 13; SAMSUNG SM-A346E) AppleWebKit/537.36 (KHTML, like Gecko) SamsungBrowser/22.0 Chrome/111.0.5563.116 Mobile Safari/537.36"
88.155.248.146 - - [15/Sep/2023:16:17:06 +0300] "GET /bundle.js HTTP/2.0" 200 90031 "https://team-911.com.ua/" "Mozilla/5.0 (Linux; Android 13; SAMSUNG SM-A346E) AppleWebKit/537.36 (KHTML, like Gecko) SamsungBrowser/22.0 Chrome/111.0.5563.116 Mobile Safari/537.36"
88.155.248.146 - - [15/Sep/2023:16:17:06 +0300] "GET /main.css HTTP/2.0" 200 46815 "https://team-911.com.ua/" "Mozilla/5.0 (Linux; Android 13; SAMSUNG SM-A346E) AppleWebKit/537.36 (KHTML, like Gecko) SamsungBrowser/22.0 Chrome/111.0.5563.116 Mobile Safari/537.36"
195.66.192.19 - - [15/Sep/2023:16:17:06 +0300] "GET / HTTP/1.1" 301 169 "-" "Mozilla/5.0 (Linux; Android 10; K) AppleWebKit/537.36 (KHTML, like Gecko) Chrome/116.0.0.0 Mobile Safari/537.36"
37.73.16.210 - - [15/Sep/2023:16:17:07 +0300] "POST /rx/data.php HTTP/2.0" 200 81 "https://team-911.com.ua/auth" "Mozilla/5.0 (iPhone; CPU iPhone OS 16_6_1 like Mac OS X) AppleWebKit/605.1.15 (KHTML, like Gecko) Version/16.6 Mobile/15E148 Safari/604.1"
88.155.248.146 - - [15/Sep/2023:16:17:07 +0300] "GET /favicon.ico HTTP/2.0" 404 172 "https://team-911.com.ua/" "Mozilla/5.0 (Linux; Android 13; SAMSUNG SM-A346E) AppleWebKit/537.36 (KHTML, like Gecko) SamsungBrowser/22.0 Chrome/111.0.5563.116 Mobile Safari/537.36"
195.66.192.19 - - [15/Sep/2023:16:17:07 +0300] "GET / HTTP/2.0" 200 548 "-" "Mozilla/5.0 (Linux; Android 10; K) AppleWebKit/537.36 (KHTML, like Gecko) Chrome/116.0.0.0 Mobile Safari/537.36"
195.66.192.19 - - [15/Sep/2023:16:17:07 +0300] "GET /main.css HTTP/2.0" 200 46815 "https://team-911.com.ua/" "Mozilla/5.0 (Linux; Android 10; K) AppleWebKit/537.36 (KHTML, like Gecko) Chrome/116.0.0.0 Mobile Safari/537.36"
195.66.192.19 - - [15/Sep/2023:16:17:07 +0300] "GET /bundle.js HTTP/2.0" 200 90031 "https://team-911.com.ua/" "Mozilla/5.0 (Linux; Android 10; K) AppleWebKit/537.36 (KHTML, like Gecko) Chrome/116.0.0.0 Mobile Safari/537.36"
128.124.133.168 - - [15/Sep/2023:16:17:07 +0300] "GET / HTTP/1.1" 301 169 "-" "Mozilla/5.0 (iPhone; CPU iPhone OS 16_6 like Mac OS X) AppleWebKit/605.1.15 (KHTML, like Gecko) Version/16.6 Mobile/15E148 Safari/604.1"
195.66.192.19 - - [15/Sep/2023:16:17:08 +0300] "GET /favicon.ico HTTP/2.0" 404 172 "https://team-911.com.ua/" "Mozilla/5.0 (Linux; Android 10; K) AppleWebKit/537.36 (KHTML, like Gecko) Chrome/116.0.0.0 Mobile Safari/537.36"
128.124.133.168 - - [15/Sep/2023:16:17:08 +0300] "GET / HTTP/2.0" 200 548 "-" "Mozilla/5.0 (iPhone; CPU iPhone OS 16_6 like Mac OS X) AppleWebKit/605.1.15 (KHTML, like Gecko) Version/16.6 Mobile/15E148 Safari/604.1"
128.124.133.168 - - [15/Sep/2023:16:17:08 +0300] "GET /bundle.js HTTP/2.0" 200 90031 "https://team-911.com.ua/" "Mozilla/5.0 (iPhone; CPU iPhone OS 16_6 like Mac OS X) AppleWebKit/605.1.15 (KHTML, like Gecko) Version/16.6 Mobile/15E148 Safari/604.1"
128.124.133.168 - - [15/Sep/2023:16:17:08 +0300] "GET /main.css HTTP/2.0" 200 46815 "https://team-911.com.ua/" "Mozilla/5.0 (iPhone; CPU iPhone OS 16_6 like Mac OS X) AppleWebKit/605.1.15 (KHTML, like Gecko) Version/16.6 Mobile/15E148 Safari/604.1"
128.124.133.168 - - [15/Sep/2023:16:17:08 +0300] "GET / HTTP/2.0" 200 548 "-" "Mozilla/5.0 (iPhone; CPU iPhone OS 16_6 like Mac OS X) AppleWebKit/605.1.15 (KHTML, like Gecko) Version/16.6 Mobile/15E148 Safari/604.1"
128.124.133.168 - - [15/Sep/2023:16:17:08 +0300] "GET /apple-touch-icon-120x120-precomposed.png HTTP/2.0" 404 172 "-" "MobileSafari/8615.3.12.10.2 CFNetwork/1410.0.3 Darwin/22.6.0"
128.124.133.168 - - [15/Sep/2023:16:17:08 +0300] "GET /apple-touch-icon-120x120.png HTTP/2.0" 404 172 "-" "MobileSafari/8615.3.12.10.2 CFNetwork/1410.0.3 Darwin/22.6.0"
128.124.133.168 - - [15/Sep/2023:16:17:08 +0300] "GET /apple-touch-icon-precomposed.png HTTP/2.0" 404 172 "-" "MobileSafari/8615.3.12.10.2 CFNetwork/1410.0.3 Darwin/22.6.0"
128.124.133.168 - - [15/Sep/2023:16:17:09 +0300] "GET /apple-touch-icon.png HTTP/2.0" 404 172 "-" "MobileSafari/8615.3.12.10.2 CFNetwork/1410.0.3 Darwin/22.6.0"
128.124.133.168 - - [15/Sep/2023:16:17:09 +0300] "GET /favicon.ico HTTP/2.0" 404 172 "-" "MobileSafari/8615.3.12.10.2 CFNetwork/1410.0.3 Darwin/22.6.0"
128.124.133.168 - - [15/Sep/2023:16:17:09 +0300] "GET /apple-touch-icon-120x120-precomposed.png HTTP/2.0" 404 172 "-" "MobileSafari/8615.3.12.10.2 CFNetwork/1410.0.3 Darwin/22.6.0"
128.124.133.168 - - [15/Sep/2023:16:17:09 +0300] "GET /apple-touch-icon-120x120.png HTTP/2.0" 404 172 "-" "MobileSafari/8615.3.12.10.2 CFNetwork/1410.0.3 Darwin/22.6.0"
128.124.133.168 - - [15/Sep/2023:16:17:09 +0300] "GET /apple-touch-icon-precomposed.png HTTP/2.0" 404 172 "-" "MobileSafari/8615.3.12.10.2 CFNetwork/1410.0.3 Darwin/22.6.0"
128.124.133.168 - - [15/Sep/2023:16:17:09 +0300] "GET /apple-touch-icon.png HTTP/2.0" 404 172 "-" "MobileSafari/8615.3.12.10.2 CFNetwork/1410.0.3 Darwin/22.6.0"
128.124.133.168 - - [15/Sep/2023:16:17:09 +0300] "GET /favicon.ico HTTP/2.0" 404 172 "-" "MobileSafari/8615.3.12.10.2 CFNetwork/1410.0.3 Darwin/22.6.0"
128.124.133.168 - - [15/Sep/2023:16:17:10 +0300] "GET /favicon.ico HTTP/2.0" 404 172 "https://team-911.com.ua/" "Mozilla/5.0 (iPhone; CPU iPhone OS 16_6 like Mac OS X) AppleWebKit/605.1.15 (KHTML, like Gecko) Version/16.6 Mobile/15E148 Safari/604.1"
37.73.72.239 - - [15/Sep/2023:16:17:12 +0300] "GET / HTTP/1.1" 301 169 "-" "Mozilla/5.0 (Linux; Android 10; K) AppleWebKit/537.36 (KHTML, like Gecko) Chrome/115.0.0.0 Mobile Safari/537.36"
37.73.72.239 - - [15/Sep/2023:16:17:13 +0300] "GET / HTTP/2.0" 200 548 "-" "Mozilla/5.0 (Linux; Android 10; K) AppleWebKit/537.36 (KHTML, like Gecko) Chrome/115.0.0.0 Mobile Safari/537.36"
37.73.72.239 - - [15/Sep/2023:16:17:13 +0300] "GET /main.css HTTP/2.0" 200 46815 "https://team-911.com.ua/" "Mozilla/5.0 (Linux; Android 10; K) AppleWebKit/537.36 (KHTML, like Gecko) Chrome/115.0.0.0 Mobile Safari/537.36"
37.73.72.239 - - [15/Sep/2023:16:17:13 +0300] "GET /bundle.js HTTP/2.0" 200 90031 "https://team-911.com.ua/" "Mozilla/5.0 (Linux; Android 10; K) AppleWebKit/537.36 (KHTML, like Gecko) Chrome/115.0.0.0 Mobile Safari/537.36"
37.73.72.239 - - [15/Sep/2023:16:17:14 +0300] "GET /favicon.ico HTTP/2.0" 404 172 "https://team-911.com.ua/" "Mozilla/5.0 (Linux; Android 10; K) AppleWebKit/537.36 (KHTML, like Gecko) Chrome/115.0.0.0 Mobile Safari/537.36"
46.211.243.80 - - [15/Sep/2023:16:17:16 +0300] "POST /rx/data.php HTTP/2.0" 200 81 "https://team-911.com.ua/auth" "Mozilla/5.0 (iPhone; CPU iPhone OS 16_6 like Mac OS X) AppleWebKit/605.1.15 (KHTML, like Gecko) Version/16.6 Mobile/15E148 Safari/604.1"
46.133.22.243 - - [15/Sep/2023:16:17:18 +0300] "POST /rx/data.php HTTP/2.0" 200 81 "https://team-911.com.ua/secondTask" "Mozilla/5.0 (Linux; Android 10; K) AppleWebKit/537.36 (KHTML, like Gecko) Chrome/116.0.0.0 Mobile Safari/537.36"
46.118.69.153 - - [15/Sep/2023:16:17:19 +0300] "GET / HTTP/1.1" 200 560 "-" "Viber"
46.211.107.80 - - [15/Sep/2023:16:17:24 +0300] "GET / HTTP/1.1" 301 169 "-" "Mozilla/5.0 (iPhone; CPU iPhone OS 16_6_1 like Mac OS X) AppleWebKit/605.1.15 (KHTML, like Gecko) Version/16.6 Mobile/15E148 Safari/604.1"
46.211.107.80 - - [15/Sep/2023:16:17:25 +0300] "GET / HTTP/2.0" 200 548 "-" "Mozilla/5.0 (iPhone; CPU iPhone OS 16_6_1 like Mac OS X) AppleWebKit/605.1.15 (KHTML, like Gecko) Version/16.6 Mobile/15E148 Safari/604.1"
46.211.107.80 - - [15/Sep/2023:16:17:25 +0300] "GET /bundle.js HTTP/2.0" 200 90031 "https://team-911.com.ua/" "Mozilla/5.0 (iPhone; CPU iPhone OS 16_6_1 like Mac OS X) AppleWebKit/605.1.15 (KHTML, like Gecko) Version/16.6 Mobile/15E148 Safari/604.1"
46.211.107.80 - - [15/Sep/2023:16:17:25 +0300] "GET /main.css HTTP/2.0" 200 46815 "https://team-911.com.ua/" "Mozilla/5.0 (iPhone; CPU iPhone OS 16_6_1 like Mac OS X) AppleWebKit/605.1.15 (KHTML, like Gecko) Version/16.6 Mobile/15E148 Safari/604.1"
46.211.225.229 - - [15/Sep/2023:16:17:26 +0300] "POST /rx/data.php HTTP/2.0" 200 81 "https://team-911.com.ua/secondTask" "Mozilla/5.0 (Linux; Android 10; K) AppleWebKit/537.36 (KHTML, like Gecko) Chrome/116.0.0.0 Mobile Safari/537.36"
176.98.71.9 - - [15/Sep/2023:16:17:27 +0300] "GET / HTTP/1.1" 301 169 "-" "Mozilla/5.0 (Linux; Android 13; SAMSUNG SM-A515F) AppleWebKit/537.36 (KHTML, like Gecko) SamsungBrowser/22.0 Chrome/111.0.5563.116 Mobile Safari/537.36"
176.98.71.9 - - [15/Sep/2023:16:17:29 +0300] "GET / HTTP/2.0" 200 548 "-" "Mozilla/5.0 (Linux; Android 13; SAMSUNG SM-A515F) AppleWebKit/537.36 (KHTML, like Gecko) SamsungBrowser/22.0 Chrome/111.0.5563.116 Mobile Safari/537.36"
185.96.30.251 - - [15/Sep/2023:16:17:29 +0300] "POST /rx/data.php HTTP/2.0" 200 81 "https://team-911.com.ua/secondTask" "Mozilla/5.0 (Linux; Android 10; K) AppleWebKit/537.36 (KHTML, like Gecko) Chrome/116.0.0.0 Mobile Safari/537.36"
176.98.71.9 - - [15/Sep/2023:16:17:30 +0300] "GET /bundle.js HTTP/2.0" 200 90031 "https://team-911.com.ua/" "Mozilla/5.0 (Linux; Android 13; SAMSUNG SM-A515F) AppleWebKit/537.36 (KHTML, like Gecko) SamsungBrowser/22.0 Chrome/111.0.5563.116 Mobile Safari/537.36"
95.132.179.214 - - [15/Sep/2023:16:17:31 +0300] "POST /rx/data.php HTTP/2.0" 200 81 "https://team-911.com.ua/secondTask" "Mozilla/5.0 (iPhone; CPU iPhone OS 16_6_1 like Mac OS X) AppleWebKit/605.1.15 (KHTML, like Gecko) Version/16.6 Mobile/15E148 Safari/604.1"
46.211.254.93 - - [15/Sep/2023:16:17:31 +0300] "POST /rx/data.php HTTP/2.0" 200 81 "https://team-911.com.ua/auth" "Mozilla/5.0 (iPhone; CPU iPhone OS 16_1_1 like Mac OS X) AppleWebKit/605.1.15 (KHTML, like Gecko) Version/16.1 Mobile/15E148 Safari/604.1"
46.211.68.117 - - [15/Sep/2023:16:17:35 +0300] "POST /rx/data.php HTTP/2.0" 200 81 "https://team-911.com.ua/auth" "Mozilla/5.0 (Linux; U; Android 10; uk-ua; MI 8 Lite Build/QKQ1.190910.002) AppleWebKit/537.36 (KHTML, like Gecko) Version/4.0 Chrome/112.0.5615.136 Mobile Safari/537.36 XiaoMi/MiuiBrowser/13.35.0-gn"
176.98.71.9 - - [15/Sep/2023:16:17:35 +0300] "GET /main.css HTTP/2.0" 200 46815 "https://team-911.com.ua/" "Mozilla/5.0 (Linux; Android 13; SAMSUNG SM-A515F) AppleWebKit/537.36 (KHTML, like Gecko) SamsungBrowser/22.0 Chrome/111.0.5563.116 Mobile Safari/537.36"
94.124.163.29 - - [15/Sep/2023:16:17:35 +0300] "POST /rx/data.php HTTP/2.0" 200 81 "https://team-911.com.ua/auth" "Mozilla/5.0 (Linux; Android 10; K) AppleWebKit/537.36 (KHTML, like Gecko) Chrome/116.0.0.0 Mobile Safari/537.36"
195.140.224.67 - - [15/Sep/2023:16:17:36 +0300] "GET / HTTP/2.0" 200 548 "-" "Mozilla/5.0 (Linux; Android 13; SAMSUNG SM-G990B2) AppleWebKit/537.36 (KHTML, like Gecko) SamsungBrowser/22.0 Chrome/111.0.5563.116 Mobile Safari/537.36"
195.140.224.67 - - [15/Sep/2023:16:17:36 +0300] "GET /bundle.js HTTP/2.0" 200 90031 "https://team-911.com.ua/" "Mozilla/5.0 (Linux; Android 13; SAMSUNG SM-G990B2) AppleWebKit/537.36 (KHTML, like Gecko) SamsungBrowser/22.0 Chrome/111.0.5563.116 Mobile Safari/537.36"
195.140.224.67 - - [15/Sep/2023:16:17:36 +0300] "GET /main.css HTTP/2.0" 200 46815 "https://team-911.com.ua/" "Mozilla/5.0 (Linux; Android 13; SAMSUNG SM-G990B2) AppleWebKit/537.36 (KHTML, like Gecko) SamsungBrowser/22.0 Chrome/111.0.5563.116 Mobile Safari/537.36"
195.140.224.67 - - [15/Sep/2023:16:17:36 +0300] "GET /favicon.ico HTTP/2.0" 404 172 "https://team-911.com.ua/" "Mozilla/5.0 (Linux; Android 13; SAMSUNG SM-G990B2) AppleWebKit/537.36 (KHTML, like Gecko) SamsungBrowser/22.0 Chrome/111.0.5563.116 Mobile Safari/537.36"
77.93.61.33 - - [15/Sep/2023:16:17:37 +0300] "GET / HTTP/1.1" 301 169 "-" "Mozilla/5.0 (iPhone; CPU iPhone OS 16_6_1 like Mac OS X) AppleWebKit/605.1.15 (KHTML, like Gecko) Version/16.6 Mobile/15E148 Safari/604.1"
77.93.61.33 - - [15/Sep/2023:16:17:37 +0300] "GET / HTTP/2.0" 200 548 "-" "Mozilla/5.0 (iPhone; CPU iPhone OS 16_6_1 like Mac OS X) AppleWebKit/605.1.15 (KHTML, like Gecko) Version/16.6 Mobile/15E148 Safari/604.1"
77.93.61.33 - - [15/Sep/2023:16:17:37 +0300] "GET /main.css HTTP/2.0" 200 46815 "https://team-911.com.ua/" "Mozilla/5.0 (iPhone; CPU iPhone OS 16_6_1 like Mac OS X) AppleWebKit/605.1.15 (KHTML, like Gecko) Version/16.6 Mobile/15E148 Safari/604.1"
77.93.61.33 - - [15/Sep/2023:16:17:38 +0300] "GET /bundle.js HTTP/2.0" 200 90031 "https://team-911.com.ua/" "Mozilla/5.0 (iPhone; CPU iPhone OS 16_6_1 like Mac OS X) AppleWebKit/605.1.15 (KHTML, like Gecko) Version/16.6 Mobile/15E148 Safari/604.1"
77.93.61.33 - - [15/Sep/2023:16:17:38 +0300] "GET / HTTP/2.0" 200 548 "-" "Mozilla/5.0 (iPhone; CPU iPhone OS 16_6_1 like Mac OS X) AppleWebKit/605.1.15 (KHTML, like Gecko) Version/16.6 Mobile/15E148 Safari/604.1"
77.93.61.33 - - [15/Sep/2023:16:17:38 +0300] "GET /apple-touch-icon-120x120-precomposed.png HTTP/2.0" 404 172 "-" "MobileSafari/8615.3.12.10.2 CFNetwork/1410.0.3 Darwin/22.6.0"
77.93.61.33 - - [15/Sep/2023:16:17:38 +0300] "GET /apple-touch-icon-120x120.png HTTP/2.0" 404 172 "-" "MobileSafari/8615.3.12.10.2 CFNetwork/1410.0.3 Darwin/22.6.0"
77.93.61.33 - - [15/Sep/2023:16:17:38 +0300] "GET /apple-touch-icon-precomposed.png HTTP/2.0" 404 172 "-" "MobileSafari/8615.3.12.10.2 CFNetwork/1410.0.3 Darwin/22.6.0"
77.93.61.33 - - [15/Sep/2023:16:17:38 +0300] "GET /apple-touch-icon.png HTTP/2.0" 404 172 "-" "MobileSafari/8615.3.12.10.2 CFNetwork/1410.0.3 Darwin/22.6.0"
77.93.61.33 - - [15/Sep/2023:16:17:38 +0300] "GET /favicon.ico HTTP/2.0" 404 172 "-" "MobileSafari/8615.3.12.10.2 CFNetwork/1410.0.3 Darwin/22.6.0"
77.93.61.33 - - [15/Sep/2023:16:17:38 +0300] "GET /apple-touch-icon-120x120-precomposed.png HTTP/2.0" 404 172 "-" "MobileSafari/8615.3.12.10.2 CFNetwork/1410.0.3 Darwin/22.6.0"
77.93.61.33 - - [15/Sep/2023:16:17:38 +0300] "GET /apple-touch-icon-120x120.png HTTP/2.0" 404 172 "-" "MobileSafari/8615.3.12.10.2 CFNetwork/1410.0.3 Darwin/22.6.0"
77.93.61.33 - - [15/Sep/2023:16:17:38 +0300] "GET /apple-touch-icon-precomposed.png HTTP/2.0" 404 172 "-" "MobileSafari/8615.3.12.10.2 CFNetwork/1410.0.3 Darwin/22.6.0"
77.93.61.33 - - [15/Sep/2023:16:17:38 +0300] "GET /apple-touch-icon.png HTTP/2.0" 404 172 "-" "MobileSafari/8615.3.12.10.2 CFNetwork/1410.0.3 Darwin/22.6.0"
77.93.61.33 - - [15/Sep/2023:16:17:38 +0300] "GET /favicon.ico HTTP/2.0" 404 172 "-" "MobileSafari/8615.3.12.10.2 CFNetwork/1410.0.3 Darwin/22.6.0"
77.93.61.33 - - [15/Sep/2023:16:17:39 +0300] "GET /favicon.ico HTTP/2.0" 404 172 "https://team-911.com.ua/" "Mozilla/5.0 (iPhone; CPU iPhone OS 16_6_1 like Mac OS X) AppleWebKit/605.1.15 (KHTML, like Gecko) Version/16.6 Mobile/15E148 Safari/604.1"
178.94.216.57 - - [15/Sep/2023:16:17:40 +0300] "POST /rx/data.php HTTP/2.0" 200 81 "https://team-911.com.ua/secondTask" "Mozilla/5.0 (Linux; Android 10; K) AppleWebKit/537.36 (KHTML, like Gecko) Chrome/115.0.0.0 Mobile Safari/537.36"
176.98.71.9 - - [15/Sep/2023:16:17:41 +0300] "GET /favicon.ico HTTP/2.0" 404 172 "https://team-911.com.ua/" "Mozilla/5.0 (Linux; Android 13; SAMSUNG SM-A515F) AppleWebKit/537.36 (KHTML, like Gecko) SamsungBrowser/22.0 Chrome/111.0.5563.116 Mobile Safari/537.36"
195.64.229.164 - - [15/Sep/2023:16:17:41 +0300] "POST /rx/data.php HTTP/2.0" 200 81 "https://team-911.com.ua/auth" "Mozilla/5.0 (Linux; U; Android 10; ru-ru; Redmi Note 8 Pro Build/QP1A.190711.020) AppleWebKit/537.36 (KHTML, like Gecko) Version/4.0 Chrome/112.0.5615.136 Mobile Safari/537.36 XiaoMi/MiuiBrowser/13.36.1-gn"
31.131.104.137 - - [15/Sep/2023:16:17:43 +0300] "POST /rx/data.php HTTP/2.0" 200 81 "https://team-911.com.ua/auth" "Mozilla/5.0 (Linux; Android 10; K) AppleWebKit/537.36 (KHTML, like Gecko) Chrome/116.0.0.0 Mobile Safari/537.36"
128.124.132.138 - - [15/Sep/2023:16:17:45 +0300] "POST /rx/data.php HTTP/2.0" 200 81 "https://team-911.com.ua/secondTask" "Mozilla/5.0 (Linux; Android 10; K) AppleWebKit/537.36 (KHTML, like Gecko) Chrome/116.0.0.0 Mobile Safari/537.36"
46.133.22.148 - - [15/Sep/2023:16:17:48 +0300] "GET / HTTP/1.1" 301 169 "-" "Mozilla/5.0 (iPhone; CPU iPhone OS 16_6_1 like Mac OS X) AppleWebKit/605.1.15 (KHTML, like Gecko) Version/16.6 Mobile/15E148 Safari/604.1"
46.133.22.148 - - [15/Sep/2023:16:17:49 +0300] "GET / HTTP/2.0" 200 548 "-" "Mozilla/5.0 (iPhone; CPU iPhone OS 16_6_1 like Mac OS X) AppleWebKit/605.1.15 (KHTML, like Gecko) Version/16.6 Mobile/15E148 Safari/604.1"
46.133.22.148 - - [15/Sep/2023:16:17:49 +0300] "GET /bundle.js HTTP/2.0" 200 90031 "https://team-911.com.ua/" "Mozilla/5.0 (iPhone; CPU iPhone OS 16_6_1 like Mac OS X) AppleWebKit/605.1.15 (KHTML, like Gecko) Version/16.6 Mobile/15E148 Safari/604.1"
46.133.22.148 - - [15/Sep/2023:16:17:49 +0300] "GET /main.css HTTP/2.0" 200 46815 "https://team-911.com.ua/" "Mozilla/5.0 (iPhone; CPU iPhone OS 16_6_1 like Mac OS X) AppleWebKit/605.1.15 (KHTML, like Gecko) Version/16.6 Mobile/15E148 Safari/604.1"
46.133.22.148 - - [15/Sep/2023:16:17:52 +0300] "GET /favicon.ico HTTP/2.0" 404 172 "https://team-911.com.ua/" "Mozilla/5.0 (iPhone; CPU iPhone OS 16_6_1 like Mac OS X) AppleWebKit/605.1.15 (KHTML, like Gecko) Version/16.6 Mobile/15E148 Safari/604.1"
82.144.200.73 - - [15/Sep/2023:16:17:52 +0300] "POST /rx/data.php HTTP/2.0" 200 81 "https://team-911.com.ua/auth" "Mozilla/5.0 (Linux; Android 10; K) AppleWebKit/537.36 (KHTML, like Gecko) Chrome/115.0.0.0 Mobile Safari/537.36"
91.234.226.46 - - [15/Sep/2023:16:17:53 +0300] "GET /secondTask HTTP/2.0" 404 172 "-" "Mozilla/5.0 (Linux; Android 10; K) AppleWebKit/537.36 (KHTML, like Gecko) Chrome/116.0.0.0 Mobile Safari/537.36"
176.103.14.76 - - [15/Sep/2023:16:17:54 +0300] "GET / HTTP/1.1" 301 169 "-" "Mozilla/5.0 (Linux; Android 10; K) AppleWebKit/537.36 (KHTML, like Gecko) Chrome/116.0.0.0 Mobile Safari/537.36"
176.103.14.76 - - [15/Sep/2023:16:17:54 +0300] "GET / HTTP/2.0" 200 548 "-" "Mozilla/5.0 (Linux; Android 10; K) AppleWebKit/537.36 (KHTML, like Gecko) Chrome/116.0.0.0 Mobile Safari/537.36"
176.103.14.76 - - [15/Sep/2023:16:17:54 +0300] "GET /bundle.js HTTP/2.0" 200 90031 "https://team-911.com.ua/" "Mozilla/5.0 (Linux; Android 10; K) AppleWebKit/537.36 (KHTML, like Gecko) Chrome/116.0.0.0 Mobile Safari/537.36"
176.103.14.76 - - [15/Sep/2023:16:17:54 +0300] "GET /main.css HTTP/2.0" 200 46815 "https://team-911.com.ua/" "Mozilla/5.0 (Linux; Android 10; K) AppleWebKit/537.36 (KHTML, like Gecko) Chrome/116.0.0.0 Mobile Safari/537.36"
37.73.33.206 - - [15/Sep/2023:16:17:54 +0300] "POST /rx/data.php HTTP/2.0" 200 81 "https://team-911.com.ua/secondTask" "Mozilla/5.0 (Linux; Android 10; K) AppleWebKit/537.36 (KHTML, like Gecko) Chrome/114.0.0.0 Mobile Safari/537.36"
176.103.14.76 - - [15/Sep/2023:16:17:55 +0300] "GET /favicon.ico HTTP/2.0" 404 172 "https://team-911.com.ua/" "Mozilla/5.0 (Linux; Android 10; K) AppleWebKit/537.36 (KHTML, like Gecko) Chrome/116.0.0.0 Mobile Safari/537.36"
91.234.226.46 - - [15/Sep/2023:16:17:55 +0300] "GET /secondTask HTTP/2.0" 404 172 "-" "Mozilla/5.0 (Linux; Android 10; K) AppleWebKit/537.36 (KHTML, like Gecko) Chrome/116.0.0.0 Mobile Safari/537.36"
77.120.140.204 - - [15/Sep/2023:16:17:57 +0300] "POST /rx/data.php HTTP/2.0" 200 81 "https://team-911.com.ua/secondTask" "Mozilla/5.0 (iPhone; CPU iPhone OS 16_6_1 like Mac OS X) AppleWebKit/605.1.15 (KHTML, like Gecko) Version/16.6 Mobile/15E148 Safari/604.1"
91.234.226.46 - - [15/Sep/2023:16:17:58 +0300] "GET /secondTask HTTP/2.0" 404 172 "-" "Mozilla/5.0 (Linux; Android 10; K) AppleWebKit/537.36 (KHTML, like Gecko) Chrome/116.0.0.0 Mobile Safari/537.36"
45.12.25.238 - - [15/Sep/2023:16:17:58 +0300] "GET / HTTP/2.0" 200 548 "-" "Mozilla/5.0 (iPhone; CPU iPhone OS 16_6 like Mac OS X) AppleWebKit/605.1.15 (KHTML, like Gecko) CriOS/116.0.5845.177 Mobile/15E148 Safari/604.1"
45.12.25.238 - - [15/Sep/2023:16:17:58 +0300] "GET /bundle.js HTTP/2.0" 200 90031 "https://team-911.com.ua/" "Mozilla/5.0 (iPhone; CPU iPhone OS 16_6 like Mac OS X) AppleWebKit/605.1.15 (KHTML, like Gecko) CriOS/116.0.5845.177 Mobile/15E148 Safari/604.1"
45.12.25.238 - - [15/Sep/2023:16:17:58 +0300] "GET /main.css HTTP/2.0" 200 46815 "https://team-911.com.ua/" "Mozilla/5.0 (iPhone; CPU iPhone OS 16_6 like Mac OS X) AppleWebKit/605.1.15 (KHTML, like Gecko) CriOS/116.0.5845.177 Mobile/15E148 Safari/604.1"
77.222.156.107 - - [15/Sep/2023:16:17:59 +0300] "GET / HTTP/1.1" 301 169 "-" "Mozilla/5.0 (Linux; Android 10; K) AppleWebKit/537.36 (KHTML, like Gecko) Chrome/116.0.0.0 Mobile Safari/537.36"
77.222.156.107 - - [15/Sep/2023:16:17:59 +0300] "GET / HTTP/2.0" 200 548 "-" "Mozilla/5.0 (Linux; Android 10; K) AppleWebKit/537.36 (KHTML, like Gecko) Chrome/116.0.0.0 Mobile Safari/537.36"
77.222.156.107 - - [15/Sep/2023:16:17:59 +0300] "GET /main.css HTTP/2.0" 200 46815 "https://team-911.com.ua/" "Mozilla/5.0 (Linux; Android 10; K) AppleWebKit/537.36 (KHTML, like Gecko) Chrome/116.0.0.0 Mobile Safari/537.36"
77.222.156.107 - - [15/Sep/2023:16:17:59 +0300] "GET /bundle.js HTTP/2.0" 200 90031 "https://team-911.com.ua/" "Mozilla/5.0 (Linux; Android 10; K) AppleWebKit/537.36 (KHTML, like Gecko) Chrome/116.0.0.0 Mobile Safari/537.36"
77.222.156.107 - - [15/Sep/2023:16:17:59 +0300] "GET /favicon.ico HTTP/2.0" 404 172 "https://team-911.com.ua/" "Mozilla/5.0 (Linux; Android 10; K) AppleWebKit/537.36 (KHTML, like Gecko) Chrome/116.0.0.0 Mobile Safari/537.36"
31.144.12.150 - - [15/Sep/2023:16:17:59 +0300] "POST /rx/data.php HTTP/2.0" 200 81 "https://team-911.com.ua/auth" "Mozilla/5.0 (Linux; U; Android 10; ru-ru; Redmi 7 Build/QKQ1.191008.001) AppleWebKit/537.36 (KHTML, like Gecko) Version/4.0 Chrome/71.0.3578.141 Mobile Safari/537.36 XiaoMi/MiuiBrowser/12.5.2-gn"
45.132.58.49 - - [15/Sep/2023:16:18:02 +0300] "POST /rx/data.php HTTP/2.0" 200 81 "https://team-911.com.ua/secondTask" "Mozilla/5.0 (iPhone; CPU iPhone OS 16_6_1 like Mac OS X) AppleWebKit/605.1.15 (KHTML, like Gecko) Version/16.6 Mobile/15E148 Safari/604.1"
46.149.52.137 - - [15/Sep/2023:16:18:03 +0300] "GET / HTTP/1.1" 301 169 "android-app://org.telegram.messenger/" "Mozilla/5.0 (Linux; Android 10; K) AppleWebKit/537.36 (KHTML, like Gecko) Chrome/116.0.0.0 Mobile Safari/537.36"
46.33.230.35 - - [15/Sep/2023:16:18:03 +0300] "GET / HTTP/2.0" 200 548 "-" "Mozilla/5.0 (Windows NT 10.0; Win64; x64) AppleWebKit/537.36 (KHTML, like Gecko) Chrome/108.0.5359.98 Safari/537.36"
46.149.52.137 - - [15/Sep/2023:16:18:03 +0300] "GET / HTTP/2.0" 200 548 "android-app://org.telegram.messenger/" "Mozilla/5.0 (Linux; Android 10; K) AppleWebKit/537.36 (KHTML, like Gecko) Chrome/116.0.0.0 Mobile Safari/537.36"
46.149.52.137 - - [15/Sep/2023:16:18:03 +0300] "GET /main.css HTTP/2.0" 200 46815 "https://team-911.com.ua/" "Mozilla/5.0 (Linux; Android 10; K) AppleWebKit/537.36 (KHTML, like Gecko) Chrome/116.0.0.0 Mobile Safari/537.36"
46.149.52.137 - - [15/Sep/2023:16:18:03 +0300] "GET /bundle.js HTTP/2.0" 200 90031 "https://team-911.com.ua/" "Mozilla/5.0 (Linux; Android 10; K) AppleWebKit/537.36 (KHTML, like Gecko) Chrome/116.0.0.0 Mobile Safari/537.36"
46.211.250.148 - - [15/Sep/2023:16:18:04 +0300] "GET / HTTP/2.0" 304 0 "-" "Mozilla/5.0 (iPhone; CPU iPhone OS 16_6 like Mac OS X) AppleWebKit/605.1.15 (KHTML, like Gecko) Version/16.6 Mobile/15E148 Safari/604.1"
46.211.250.148 - - [15/Sep/2023:16:18:04 +0300] "GET /bundle.js HTTP/2.0" 304 0 "https://team-911.com.ua/" "Mozilla/5.0 (iPhone; CPU iPhone OS 16_6 like Mac OS X) AppleWebKit/605.1.15 (KHTML, like Gecko) Version/16.6 Mobile/15E148 Safari/604.1"
46.211.250.148 - - [15/Sep/2023:16:18:04 +0300] "GET /main.css HTTP/2.0" 304 0 "https://team-911.com.ua/" "Mozilla/5.0 (iPhone; CPU iPhone OS 16_6 like Mac OS X) AppleWebKit/605.1.15 (KHTML, like Gecko) Version/16.6 Mobile/15E148 Safari/604.1"
46.149.52.137 - - [15/Sep/2023:16:18:04 +0300] "GET /favicon.ico HTTP/2.0" 404 172 "https://team-911.com.ua/" "Mozilla/5.0 (Linux; Android 10; K) AppleWebKit/537.36 (KHTML, like Gecko) Chrome/116.0.0.0 Mobile Safari/537.36"
195.225.49.99 - - [15/Sep/2023:16:18:06 +0300] "POST /rx/data.php HTTP/2.0" 200 81 "https://team-911.com.ua/secondTask" "Mozilla/5.0 (Linux; Android 10; K) AppleWebKit/537.36 (KHTML, like Gecko) Chrome/116.0.0.0 Mobile Safari/537.36"
128.124.40.12 - - [15/Sep/2023:16:18:06 +0300] "POST /rx/data.php HTTP/2.0" 200 81 "https://team-911.com.ua/auth" "Mozilla/5.0 (Linux; Android 10; K) AppleWebKit/537.36 (KHTML, like Gecko) Chrome/116.0.0.0 Mobile Safari/537.36"
82.144.203.180 - - [15/Sep/2023:16:18:08 +0300] "GET / HTTP/1.1" 301 169 "-" "Mozilla/5.0 (Linux; Android 10; K) AppleWebKit/537.36 (KHTML, like Gecko) Chrome/115.0.0.0 Mobile Safari/537.36"
82.144.203.180 - - [15/Sep/2023:16:18:09 +0300] "GET / HTTP/2.0" 200 548 "-" "Mozilla/5.0 (Linux; Android 10; K) AppleWebKit/537.36 (KHTML, like Gecko) Chrome/115.0.0.0 Mobile Safari/537.36"
82.144.203.180 - - [15/Sep/2023:16:18:09 +0300] "GET /bundle.js HTTP/2.0" 200 90031 "https://team-911.com.ua/" "Mozilla/5.0 (Linux; Android 10; K) AppleWebKit/537.36 (KHTML, like Gecko) Chrome/115.0.0.0 Mobile Safari/537.36"
82.144.203.180 - - [15/Sep/2023:16:18:09 +0300] "GET /main.css HTTP/2.0" 200 46815 "https://team-911.com.ua/" "Mozilla/5.0 (Linux; Android 10; K) AppleWebKit/537.36 (KHTML, like Gecko) Chrome/115.0.0.0 Mobile Safari/537.36"
82.144.203.180 - - [15/Sep/2023:16:18:10 +0300] "GET /favicon.ico HTTP/2.0" 404 172 "https://team-911.com.ua/" "Mozilla/5.0 (Linux; Android 10; K) AppleWebKit/537.36 (KHTML, like Gecko) Chrome/115.0.0.0 Mobile Safari/537.36"
46.211.127.212 - - [15/Sep/2023:16:18:14 +0300] "GET /firstTask HTTP/2.0" 404 172 "-" "Mozilla/5.0 (Linux; Android 13; SAMSUNG SM-G990B2) AppleWebKit/537.36 (KHTML, like Gecko) SamsungBrowser/22.0 Chrome/111.0.5563.116 Mobile Safari/537.36"
46.211.76.148 - - [15/Sep/2023:16:18:16 +0300] "POST /rx/data.php HTTP/2.0" 200 81 "https://team-911.com.ua/secondTask" "Mozilla/5.0 (Linux; Android 10; K) AppleWebKit/537.36 (KHTML, like Gecko) Chrome/116.0.0.0 Mobile Safari/537.36"
46.211.96.250 - - [15/Sep/2023:16:18:20 +0300] "POST /rx/data.php HTTP/2.0" 200 81 "https://team-911.com.ua/auth" "Mozilla/5.0 (Linux; Android 13; SAMSUNG SM-A515F) AppleWebKit/537.36 (KHTML, like Gecko) SamsungBrowser/22.0 Chrome/111.0.5563.116 Mobile Safari/537.36"
46.211.14.174 - - [15/Sep/2023:16:18:21 +0300] "GET / HTTP/1.1" 301 169 "-" "Mozilla/5.0 (Linux; Android 10; K) AppleWebKit/537.36 (KHTML, like Gecko) Chrome/114.0.0.0 Mobile Safari/537.36"
46.211.14.174 - - [15/Sep/2023:16:18:21 +0300] "GET / HTTP/2.0" 200 548 "-" "Mozilla/5.0 (Linux; Android 10; K) AppleWebKit/537.36 (KHTML, like Gecko) Chrome/114.0.0.0 Mobile Safari/537.36"
46.211.14.174 - - [15/Sep/2023:16:18:23 +0300] "GET /main.css HTTP/2.0" 200 46815 "https://team-911.com.ua/" "Mozilla/5.0 (Linux; Android 10; K) AppleWebKit/537.36 (KHTML, like Gecko) Chrome/114.0.0.0 Mobile Safari/537.36"
46.211.14.174 - - [15/Sep/2023:16:18:23 +0300] "GET /bundle.js HTTP/2.0" 200 90031 "https://team-911.com.ua/" "Mozilla/5.0 (Linux; Android 10; K) AppleWebKit/537.36 (KHTML, like Gecko) Chrome/114.0.0.0 Mobile Safari/537.36"
46.211.14.174 - - [15/Sep/2023:16:18:23 +0300] "GET /favicon.ico HTTP/2.0" 404 172 "https://team-911.com.ua/" "Mozilla/5.0 (Linux; Android 10; K) AppleWebKit/537.36 (KHTML, like Gecko) Chrome/114.0.0.0 Mobile Safari/537.36"
46.211.127.212 - - [15/Sep/2023:16:18:24 +0300] "GET / HTTP/2.0" 304 0 "-" "Mozilla/5.0 (Linux; Android 13; SAMSUNG SM-G990B2) AppleWebKit/537.36 (KHTML, like Gecko) SamsungBrowser/22.0 Chrome/111.0.5563.116 Mobile Safari/537.36"
46.211.127.212 - - [15/Sep/2023:16:18:24 +0300] "GET /main.css HTTP/2.0" 304 0 "https://team-911.com.ua/" "Mozilla/5.0 (Linux; Android 13; SAMSUNG SM-G990B2) AppleWebKit/537.36 (KHTML, like Gecko) SamsungBrowser/22.0 Chrome/111.0.5563.116 Mobile Safari/537.36"
46.211.127.212 - - [15/Sep/2023:16:18:24 +0300] "GET /bundle.js HTTP/2.0" 304 0 "https://team-911.com.ua/" "Mozilla/5.0 (Linux; Android 13; SAMSUNG SM-G990B2) AppleWebKit/537.36 (KHTML, like Gecko) SamsungBrowser/22.0 Chrome/111.0.5563.116 Mobile Safari/537.36"
46.133.52.241 - - [15/Sep/2023:16:18:27 +0300] "GET / HTTP/1.1" 301 169 "-" "Mozilla/5.0 (iPhone; CPU iPhone OS 16_6_1 like Mac OS X) AppleWebKit/605.1.15 (KHTML, like Gecko) Version/16.6 Mobile/15E148 Safari/604.1"
46.133.52.241 - - [15/Sep/2023:16:18:27 +0300] "GET / HTTP/2.0" 200 548 "-" "Mozilla/5.0 (iPhone; CPU iPhone OS 16_6_1 like Mac OS X) AppleWebKit/605.1.15 (KHTML, like Gecko) Version/16.6 Mobile/15E148 Safari/604.1"
46.133.52.241 - - [15/Sep/2023:16:18:27 +0300] "GET /bundle.js HTTP/2.0" 200 90031 "https://team-911.com.ua/" "Mozilla/5.0 (iPhone; CPU iPhone OS 16_6_1 like Mac OS X) AppleWebKit/605.1.15 (KHTML, like Gecko) Version/16.6 Mobile/15E148 Safari/604.1"
46.133.52.241 - - [15/Sep/2023:16:18:27 +0300] "GET /main.css HTTP/2.0" 200 46815 "https://team-911.com.ua/" "Mozilla/5.0 (iPhone; CPU iPhone OS 16_6_1 like Mac OS X) AppleWebKit/605.1.15 (KHTML, like Gecko) Version/16.6 Mobile/15E148 Safari/604.1"
128.124.133.168 - - [15/Sep/2023:16:18:28 +0300] "POST /rx/data.php HTTP/2.0" 200 81 "https://team-911.com.ua/auth" "Mozilla/5.0 (iPhone; CPU iPhone OS 16_6 like Mac OS X) AppleWebKit/605.1.15 (KHTML, like Gecko) Version/16.6 Mobile/15E148 Safari/604.1"
69.171.231.119 - - [15/Sep/2023:16:18:28 +0300] "GET / HTTP/2.0" 200 962 "-" "facebookexternalhit/1.1 (+http://www.facebook.com/externalhit_uatext.php)"
69.171.231.4 - - [15/Sep/2023:16:18:28 +0300] "GET / HTTP/2.0" 200 962 "-" "facebookexternalhit/1.1 (+http://www.facebook.com/externalhit_uatext.php)"
77.93.61.33 - - [15/Sep/2023:16:18:30 +0300] "POST /rx/data.php HTTP/2.0" 200 81 "https://team-911.com.ua/auth" "Mozilla/5.0 (iPhone; CPU iPhone OS 16_6_1 like Mac OS X) AppleWebKit/605.1.15 (KHTML, like Gecko) Version/16.6 Mobile/15E148 Safari/604.1"
195.191.104.126 - - [15/Sep/2023:16:18:30 +0300] "GET / HTTP/2.0" 304 0 "-" "Mozilla/5.0 (Linux; Android 10; K) AppleWebKit/537.36 (KHTML, like Gecko) Chrome/117.0.0.0 Mobile Safari/537.36"
195.191.104.126 - - [15/Sep/2023:16:18:31 +0300] "GET /main.css HTTP/2.0" 304 0 "https://team-911.com.ua/" "Mozilla/5.0 (Linux; Android 10; K) AppleWebKit/537.36 (KHTML, like Gecko) Chrome/117.0.0.0 Mobile Safari/537.36"
195.191.104.126 - - [15/Sep/2023:16:18:31 +0300] "GET /bundle.js HTTP/2.0" 304 0 "https://team-911.com.ua/" "Mozilla/5.0 (Linux; Android 10; K) AppleWebKit/537.36 (KHTML, like Gecko) Chrome/117.0.0.0 Mobile Safari/537.36"
46.211.107.80 - - [15/Sep/2023:16:18:31 +0300] "POST /rx/data.php HTTP/2.0" 200 81 "https://team-911.com.ua/auth" "Mozilla/5.0 (iPhone; CPU iPhone OS 16_6_1 like Mac OS X) AppleWebKit/605.1.15 (KHTML, like Gecko) Version/16.6 Mobile/15E148 Safari/604.1"
46.211.84.37 - - [15/Sep/2023:16:18:32 +0300] "POST /rx/data.php HTTP/2.0" 200 81 "https://team-911.com.ua/secondTask" "Mozilla/5.0 (Linux; Android 10; K) AppleWebKit/537.36 (KHTML, like Gecko) Chrome/112.0.0.0 Mobile Safari/537.36"
79.98.243.66 - - [15/Sep/2023:16:18:33 +0300] "POST /rx/data.php HTTP/2.0" 200 81 "https://team-911.com.ua/secondTask" "Mozilla/5.0 (iPhone; CPU iPhone OS 16_6_1 like Mac OS X) AppleWebKit/605.1.15 (KHTML, like Gecko) Version/16.6 Mobile/15E148 Safari/604.1"
195.140.224.67 - - [15/Sep/2023:16:18:34 +0300] "POST /rx/data.php HTTP/2.0" 200 81 "https://team-911.com.ua/auth" "Mozilla/5.0 (Linux; Android 13; SAMSUNG SM-G990B2) AppleWebKit/537.36 (KHTML, like Gecko) SamsungBrowser/22.0 Chrome/111.0.5563.116 Mobile Safari/537.36"
91.234.226.46 - - [15/Sep/2023:16:18:35 +0300] "GET / HTTP/2.0" 304 0 "-" "Mozilla/5.0 (Linux; Android 10; K) AppleWebKit/537.36 (KHTML, like Gecko) Chrome/116.0.0.0 Mobile Safari/537.36"
94.124.163.29 - - [15/Sep/2023:16:18:35 +0300] "POST /rx/data.php HTTP/2.0" 200 81 "https://team-911.com.ua/secondTask" "Mozilla/5.0 (Linux; Android 10; K) AppleWebKit/537.36 (KHTML, like Gecko) Chrome/114.0.0.0 Mobile Safari/537.36"
91.234.226.46 - - [15/Sep/2023:16:18:36 +0300] "GET /bundle.js HTTP/2.0" 304 0 "https://team-911.com.ua/" "Mozilla/5.0 (Linux; Android 10; K) AppleWebKit/537.36 (KHTML, like Gecko) Chrome/116.0.0.0 Mobile Safari/537.36"
91.234.226.46 - - [15/Sep/2023:16:18:36 +0300] "GET /main.css HTTP/2.0" 304 0 "https://team-911.com.ua/" "Mozilla/5.0 (Linux; Android 10; K) AppleWebKit/537.36 (KHTML, like Gecko) Chrome/116.0.0.0 Mobile Safari/537.36"
46.211.225.229 - - [15/Sep/2023:16:18:36 +0300] "POST /rx/data.php HTTP/2.0" 200 81 "https://team-911.com.ua/secondTask" "Mozilla/5.0 (Linux; Android 10; K) AppleWebKit/537.36 (KHTML, like Gecko) Chrome/116.0.0.0 Mobile Safari/537.36"
94.124.163.29 - - [15/Sep/2023:16:18:37 +0300] "GET / HTTP/1.1" 301 169 "-" "Mozilla/5.0 (Linux; U; Android 13; ru-ru; POCO X5 Pro 5G Build/TKQ1.221114.001) AppleWebKit/537.36 (KHTML, like Gecko) Version/4.0 Chrome/100.0.4896.127 Mobile Safari/537.36 XiaoMi/MiuiBrowser/13.30.1-gn"
94.124.163.29 - - [15/Sep/2023:16:18:37 +0300] "GET / HTTP/2.0" 200 548 "-" "Mozilla/5.0 (Linux; U; Android 13; ru-ru; POCO X5 Pro 5G Build/TKQ1.221114.001) AppleWebKit/537.36 (KHTML, like Gecko) Version/4.0 Chrome/100.0.4896.127 Mobile Safari/537.36 XiaoMi/MiuiBrowser/13.30.1-gn"
94.124.163.29 - - [15/Sep/2023:16:18:37 +0300] "GET /bundle.js HTTP/2.0" 200 90031 "https://team-911.com.ua/" "Mozilla/5.0 (Linux; U; Android 13; ru-ru; POCO X5 Pro 5G Build/TKQ1.221114.001) AppleWebKit/537.36 (KHTML, like Gecko) Version/4.0 Chrome/100.0.4896.127 Mobile Safari/537.36 XiaoMi/MiuiBrowser/13.30.1-gn"
94.124.163.29 - - [15/Sep/2023:16:18:37 +0300] "GET /main.css HTTP/2.0" 200 46815 "https://team-911.com.ua/" "Mozilla/5.0 (Linux; U; Android 13; ru-ru; POCO X5 Pro 5G Build/TKQ1.221114.001) AppleWebKit/537.36 (KHTML, like Gecko) Version/4.0 Chrome/100.0.4896.127 Mobile Safari/537.36 XiaoMi/MiuiBrowser/13.30.1-gn"
37.73.33.49 - - [15/Sep/2023:16:18:39 +0300] "GET / HTTP/1.1" 301 169 "-" "Mozilla/5.0 (Linux; U; Android 13; uk-ua; Redmi Note 11 Pro+ 5G Build/TP1A.220624.014) AppleWebKit/537.36 (KHTML, like Gecko) Version/4.0 Chrome/112.0.5615.136 Mobile Safari/537.36 XiaoMi/MiuiBrowser/13.35.0-gn"
37.73.33.49 - - [15/Sep/2023:16:18:39 +0300] "GET / HTTP/2.0" 200 548 "-" "Mozilla/5.0 (Linux; U; Android 13; uk-ua; Redmi Note 11 Pro+ 5G Build/TP1A.220624.014) AppleWebKit/537.36 (KHTML, like Gecko) Version/4.0 Chrome/112.0.5615.136 Mobile Safari/537.36 XiaoMi/MiuiBrowser/13.35.0-gn"
94.124.163.29 - - [15/Sep/2023:16:18:39 +0300] "GET /favicon.ico HTTP/2.0" 404 172 "https://team-911.com.ua/" "Mozilla/5.0 (Linux; U; Android 13; ru-ru; POCO X5 Pro 5G Build/TKQ1.221114.001) AppleWebKit/537.36 (KHTML, like Gecko) Version/4.0 Chrome/100.0.4896.127 Mobile Safari/537.36 XiaoMi/MiuiBrowser/13.30.1-gn"
37.73.33.49 - - [15/Sep/2023:16:18:39 +0300] "GET /main.css HTTP/2.0" 200 46815 "https://team-911.com.ua/" "Mozilla/5.0 (Linux; U; Android 13; uk-ua; Redmi Note 11 Pro+ 5G Build/TP1A.220624.014) AppleWebKit/537.36 (KHTML, like Gecko) Version/4.0 Chrome/112.0.5615.136 Mobile Safari/537.36 XiaoMi/MiuiBrowser/13.35.0-gn"
37.73.33.49 - - [15/Sep/2023:16:18:39 +0300] "GET /bundle.js HTTP/2.0" 200 90031 "https://team-911.com.ua/" "Mozilla/5.0 (Linux; U; Android 13; uk-ua; Redmi Note 11 Pro+ 5G Build/TP1A.220624.014) AppleWebKit/537.36 (KHTML, like Gecko) Version/4.0 Chrome/112.0.5615.136 Mobile Safari/537.36 XiaoMi/MiuiBrowser/13.35.0-gn"
37.73.33.49 - - [15/Sep/2023:16:18:40 +0300] "GET /favicon.ico HTTP/2.0" 404 172 "https://team-911.com.ua/" "Mozilla/5.0 (Linux; U; Android 13; uk-ua; Redmi Note 11 Pro+ 5G Build/TP1A.220624.014) AppleWebKit/537.36 (KHTML, like Gecko) Version/4.0 Chrome/112.0.5615.136 Mobile Safari/537.36 XiaoMi/MiuiBrowser/13.35.0-gn"
37.73.33.49 - - [15/Sep/2023:16:18:41 +0300] "GET /favicon.ico HTTP/2.0" 404 172 "https://team-911.com.ua/" "Mozilla/5.0 (Linux; U; Android 13; uk-ua; Redmi Note 11 Pro+ 5G Build/TP1A.220624.014) AppleWebKit/537.36 (KHTML, like Gecko) Version/4.0 Chrome/112.0.5615.136 Mobile Safari/537.36 XiaoMi/MiuiBrowser/13.35.0-gn"
128.124.132.138 - - [15/Sep/2023:16:18:42 +0300] "GET /win HTTP/2.0" 404 172 "-" "Mozilla/5.0 (Linux; Android 10; K) AppleWebKit/537.36 (KHTML, like Gecko) Chrome/116.0.0.0 Mobile Safari/537.36"
193.105.62.37 - - [15/Sep/2023:16:18:43 +0300] "POST /rx/data.php HTTP/2.0" 200 81 "https://team-911.com.ua/auth" "Mozilla/5.0 (Linux; Android 10; K) AppleWebKit/537.36 (KHTML, like Gecko) Chrome/116.0.0.0 Mobile Safari/537.36"
