45.12.25.238 - - [15/Sep/2023:15:01:29 +0300] "GET /main.css HTTP/2.0" 304 0 "https://team-911.com.ua/firstTaskDesc" "Mozilla/5.0 (Windows NT 10.0; Win64; x64) AppleWebKit/537.36 (KHTML, like Gecko) Chrome/116.0.0.0 Safari/537.36"
91.203.5.73 - - [15/Sep/2023:15:14:01 +0300] "GET / HTTP/1.1" 200 560 "-" "Mozilla/5.0 (X11; Linux x86_64) AppleWebKit/537.36 (KHTML, like Gecko) Chrome/44.0.2403.157 Safari/537.36"
46.118.240.88 - - [15/Sep/2023:15:18:06 +0300] "GET / HTTP/2.0" 200 548 "-" "Mozilla/5.0 (Linux; Android 12; M2007J3SG) AppleWebKit/537.36 (KHTML, like Gecko) Chrome/115.0.5790.167 Mobile Safari/537.36 OPR/77.2.4095.74586"
46.118.240.88 - - [15/Sep/2023:15:18:06 +0300] "GET /bundle.js HTTP/2.0" 200 90047 "https://team-911.com.ua/" "Mozilla/5.0 (Linux; Android 12; M2007J3SG) AppleWebKit/537.36 (KHTML, like Gecko) Chrome/115.0.5790.167 Mobile Safari/537.36 OPR/77.2.4095.74586"
46.118.240.88 - - [15/Sep/2023:15:18:06 +0300] "GET /main.css HTTP/2.0" 200 46834 "https://team-911.com.ua/" "Mozilla/5.0 (Linux; Android 12; M2007J3SG) AppleWebKit/537.36 (KHTML, like Gecko) Chrome/115.0.5790.167 Mobile Safari/537.36 OPR/77.2.4095.74586"
91.203.5.73 - - [15/Sep/2023:15:28:01 +0300] "GET / HTTP/1.1" 200 560 "-" "Mozilla/5.0 (X11; Linux x86_64) AppleWebKit/537.36 (KHTML, like Gecko) Chrome/44.0.2403.157 Safari/537.36"
45.12.25.238 - - [15/Sep/2023:15:28:58 +0300] "GET / HTTP/2.0" 200 548 "-" "Mozilla/5.0 (Windows NT 10.0; Win64; x64) AppleWebKit/537.36 (KHTML, like Gecko) Chrome/116.0.0.0 Safari/537.36"
45.12.25.238 - - [15/Sep/2023:15:28:58 +0300] "GET /main.css HTTP/2.0" 200 46865 "https://team-911.com.ua/" "Mozilla/5.0 (Windows NT 10.0; Win64; x64) AppleWebKit/537.36 (KHTML, like Gecko) Chrome/116.0.0.0 Safari/537.36"
45.12.25.238 - - [15/Sep/2023:15:28:58 +0300] "GET /bundle.js HTTP/2.0" 200 89769 "https://team-911.com.ua/" "Mozilla/5.0 (Windows NT 10.0; Win64; x64) AppleWebKit/537.36 (KHTML, like Gecko) Chrome/116.0.0.0 Safari/537.36"
45.12.25.238 - - [15/Sep/2023:15:29:01 +0300] "GET / HTTP/2.0" 304 0 "-" "Mozilla/5.0 (Windows NT 10.0; Win64; x64) AppleWebKit/537.36 (KHTML, like Gecko) Chrome/116.0.0.0 Safari/537.36"
45.12.25.238 - - [15/Sep/2023:15:30:23 +0300] "GET /firstTaskDesc HTTP/2.0" 404 172 "-" "Mozilla/5.0 (iPhone; CPU iPhone OS 13_2_3 like Mac OS X) AppleWebKit/605.1.15 (KHTML, like Gecko) Version/13.0.3 Mobile/15E148 Safari/604.1"
95.67.12.229 - - [15/Sep/2023:15:30:25 +0300] "GET /firstTaskDesc HTTP/1.1" 404 183 "https://www.google.com/" "Mozilla/5.0 (Windows NT 10.0; Win64; x64) AppleWebKit/537.36 (KHTML, like Gecko) Chrome/116.0.0.0 Safari/537.36"
45.12.25.238 - - [15/Sep/2023:15:30:29 +0300] "GET / HTTP/2.0" 200 548 "-" "Mozilla/5.0 (iPhone; CPU iPhone OS 13_2_3 like Mac OS X) AppleWebKit/605.1.15 (KHTML, like Gecko) Version/13.0.3 Mobile/15E148 Safari/604.1"
45.12.25.238 - - [15/Sep/2023:15:30:29 +0300] "GET /main.css HTTP/2.0" 200 46865 "https://team-911.com.ua/" "Mozilla/5.0 (iPhone; CPU iPhone OS 13_2_3 like Mac OS X) AppleWebKit/605.1.15 (KHTML, like Gecko) Version/13.0.3 Mobile/15E148 Safari/604.1"
45.12.25.238 - - [15/Sep/2023:15:30:29 +0300] "GET /bundle.js HTTP/2.0" 200 90036 "https://team-911.com.ua/" "Mozilla/5.0 (iPhone; CPU iPhone OS 13_2_3 like Mac OS X) AppleWebKit/605.1.15 (KHTML, like Gecko) Version/13.0.3 Mobile/15E148 Safari/604.1"
45.12.25.238 - - [15/Sep/2023:15:31:13 +0300] "POST /rx/data.php HTTP/2.0" 200 81 "https://team-911.com.ua/auth" "Mozilla/5.0 (iPhone; CPU iPhone OS 13_2_3 like Mac OS X) AppleWebKit/605.1.15 (KHTML, like Gecko) Version/13.0.3 Mobile/15E148 Safari/604.1"
45.12.25.238 - - [15/Sep/2023:15:35:44 +0300] "GET / HTTP/2.0" 200 548 "-" "Mozilla/5.0 (iPhone; CPU iPhone OS 13_2_3 like Mac OS X) AppleWebKit/605.1.15 (KHTML, like Gecko) Version/13.0.3 Mobile/15E148 Safari/604.1"
45.12.25.238 - - [15/Sep/2023:15:35:44 +0300] "GET /main.css HTTP/2.0" 200 46814 "https://team-911.com.ua/" "Mozilla/5.0 (iPhone; CPU iPhone OS 13_2_3 like Mac OS X) AppleWebKit/605.1.15 (KHTML, like Gecko) Version/13.0.3 Mobile/15E148 Safari/604.1"
45.12.25.238 - - [15/Sep/2023:15:35:44 +0300] "GET /bundle.js HTTP/2.0" 200 90031 "https://team-911.com.ua/" "Mozilla/5.0 (iPhone; CPU iPhone OS 13_2_3 like Mac OS X) AppleWebKit/605.1.15 (KHTML, like Gecko) Version/13.0.3 Mobile/15E148 Safari/604.1"
45.12.25.238 - - [15/Sep/2023:15:36:16 +0300] "POST /rx/data.php HTTP/2.0" 200 81 "https://team-911.com.ua/auth" "Mozilla/5.0 (iPhone; CPU iPhone OS 13_2_3 like Mac OS X) AppleWebKit/605.1.15 (KHTML, like Gecko) Version/13.0.3 Mobile/15E148 Safari/604.1"
45.12.25.238 - - [15/Sep/2023:15:39:59 +0300] "POST /rx/data.php HTTP/2.0" 200 81 "https://team-911.com.ua/secondTask" "Mozilla/5.0 (iPhone; CPU iPhone OS 13_2_3 like Mac OS X) AppleWebKit/605.1.15 (KHTML, like Gecko) Version/13.0.3 Mobile/15E148 Safari/604.1"
45.12.25.238 - - [15/Sep/2023:15:40:33 +0300] "POST /rx/data.php HTTP/2.0" 200 81 "https://team-911.com.ua/secondTask" "Mozilla/5.0 (iPhone; CPU iPhone OS 13_2_3 like Mac OS X) AppleWebKit/605.1.15 (KHTML, like Gecko) Version/13.0.3 Mobile/15E148 Safari/604.1"
91.203.5.73 - - [15/Sep/2023:15:42:02 +0300] "GET / HTTP/1.1" 200 560 "-" "Mozilla/5.0 (X11; Linux x86_64) AppleWebKit/537.36 (KHTML, like Gecko) Chrome/44.0.2403.157 Safari/537.36"
176.37.149.6 - - [15/Sep/2023:15:45:20 +0300] "GET / HTTP/2.0" 200 548 "-" "Mozilla/5.0 (Linux; Android 13; SAMSUNG SM-A715F) AppleWebKit/537.36 (KHTML, like Gecko) SamsungBrowser/22.0 Chrome/111.0.5563.116 Mobile Safari/537.36"
176.37.149.6 - - [15/Sep/2023:15:45:20 +0300] "GET /bundle.js HTTP/2.0" 200 90031 "https://team-911.com.ua/" "Mozilla/5.0 (Linux; Android 13; SAMSUNG SM-A715F) AppleWebKit/537.36 (KHTML, like Gecko) SamsungBrowser/22.0 Chrome/111.0.5563.116 Mobile Safari/537.36"
176.37.149.6 - - [15/Sep/2023:15:45:20 +0300] "GET /main.css HTTP/2.0" 200 46815 "https://team-911.com.ua/" "Mozilla/5.0 (Linux; Android 13; SAMSUNG SM-A715F) AppleWebKit/537.36 (KHTML, like Gecko) SamsungBrowser/22.0 Chrome/111.0.5563.116 Mobile Safari/537.36"
176.37.149.6 - - [15/Sep/2023:15:45:21 +0300] "GET /favicon.ico HTTP/2.0" 404 172 "https://team-911.com.ua/" "Mozilla/5.0 (Linux; Android 13; SAMSUNG SM-A715F) AppleWebKit/537.36 (KHTML, like Gecko) SamsungBrowser/22.0 Chrome/111.0.5563.116 Mobile Safari/537.36"
176.37.149.6 - - [15/Sep/2023:15:46:00 +0300] "POST /rx/data.php HTTP/2.0" 200 81 "https://team-911.com.ua/auth" "Mozilla/5.0 (Linux; Android 13; SAMSUNG SM-A715F) AppleWebKit/537.36 (KHTML, like Gecko) SamsungBrowser/22.0 Chrome/111.0.5563.116 Mobile Safari/537.36"
176.37.149.6 - - [15/Sep/2023:15:48:43 +0300] "POST /rx/data.php HTTP/2.0" 200 81 "https://team-911.com.ua/secondTask" "Mozilla/5.0 (Linux; Android 13; SAMSUNG SM-A715F) AppleWebKit/537.36 (KHTML, like Gecko) SamsungBrowser/22.0 Chrome/111.0.5563.116 Mobile Safari/537.36"
176.37.149.6 - - [15/Sep/2023:15:49:12 +0300] "POST /rx/data.php HTTP/2.0" 200 81 "https://team-911.com.ua/secondTask" "Mozilla/5.0 (Linux; Android 13; SAMSUNG SM-A715F) AppleWebKit/537.36 (KHTML, like Gecko) SamsungBrowser/22.0 Chrome/111.0.5563.116 Mobile Safari/537.36"
193.107.111.254 - - [15/Sep/2023:15:53:48 +0300] "GET / HTTP/2.0" 200 548 "-" "Mozilla/5.0 (Windows NT 10.0; Win64; x64) AppleWebKit/537.36 (KHTML, like Gecko) Chrome/108.0.5359.98 Safari/537.36"
159.224.94.133 - - [15/Sep/2023:15:54:51 +0300] "GET / HTTP/1.1" 301 169 "-" "Mozilla/5.0 (Linux; Android 10; K) AppleWebKit/537.36 (KHTML, like Gecko) Chrome/116.0.0.0 Mobile Safari/537.36"
159.224.94.133 - - [15/Sep/2023:15:54:51 +0300] "GET / HTTP/2.0" 200 548 "-" "Mozilla/5.0 (Linux; Android 10; K) AppleWebKit/537.36 (KHTML, like Gecko) Chrome/116.0.0.0 Mobile Safari/537.36"
159.224.94.133 - - [15/Sep/2023:15:54:51 +0300] "GET /main.css HTTP/2.0" 200 46815 "https://team-911.com.ua/" "Mozilla/5.0 (Linux; Android 10; K) AppleWebKit/537.36 (KHTML, like Gecko) Chrome/116.0.0.0 Mobile Safari/537.36"
159.224.94.133 - - [15/Sep/2023:15:54:51 +0300] "GET /bundle.js HTTP/2.0" 200 90031 "https://team-911.com.ua/" "Mozilla/5.0 (Linux; Android 10; K) AppleWebKit/537.36 (KHTML, like Gecko) Chrome/116.0.0.0 Mobile Safari/537.36"
159.224.94.133 - - [15/Sep/2023:15:54:52 +0300] "GET /favicon.ico HTTP/2.0" 404 172 "https://team-911.com.ua/" "Mozilla/5.0 (Linux; Android 10; K) AppleWebKit/537.36 (KHTML, like Gecko) Chrome/116.0.0.0 Mobile Safari/537.36"
91.230.25.6 - - [15/Sep/2023:15:54:58 +0300] "GET / HTTP/1.1" 301 169 "https://www.google.com/" "Mozilla/5.0 (Linux; Android 10; K) AppleWebKit/537.36 (KHTML, like Gecko) Chrome/116.0.0.0 Mobile Safari/537.36"
91.230.25.6 - - [15/Sep/2023:15:54:59 +0300] "GET / HTTP/1.1" 200 560 "https://www.google.com/" "Mozilla/5.0 (Linux; Android 10; K) AppleWebKit/537.36 (KHTML, like Gecko) Chrome/116.0.0.0 Mobile Safari/537.36"
146.120.199.56 - - [15/Sep/2023:15:54:59 +0300] "GET / HTTP/1.1" 301 169 "android-app://org.telegram.messenger/" "Mozilla/5.0 (Linux; Android 10; K) AppleWebKit/537.36 (KHTML, like Gecko) Chrome/114.0.0.0 Mobile Safari/537.36"
146.120.199.56 - - [15/Sep/2023:15:55:00 +0300] "GET / HTTP/2.0" 200 548 "android-app://org.telegram.messenger/" "Mozilla/5.0 (Linux; Android 10; K) AppleWebKit/537.36 (KHTML, like Gecko) Chrome/114.0.0.0 Mobile Safari/537.36"
146.120.199.56 - - [15/Sep/2023:15:55:00 +0300] "GET /bundle.js HTTP/2.0" 200 90031 "https://team-911.com.ua/" "Mozilla/5.0 (Linux; Android 10; K) AppleWebKit/537.36 (KHTML, like Gecko) Chrome/114.0.0.0 Mobile Safari/537.36"
146.120.199.56 - - [15/Sep/2023:15:55:00 +0300] "GET /main.css HTTP/2.0" 200 46815 "https://team-911.com.ua/" "Mozilla/5.0 (Linux; Android 10; K) AppleWebKit/537.36 (KHTML, like Gecko) Chrome/114.0.0.0 Mobile Safari/537.36"
89.209.36.34 - - [15/Sep/2023:15:55:00 +0300] "GET / HTTP/1.1" 301 169 "-" "Mozilla/5.0 (Linux; Android 10; K) AppleWebKit/537.36 (KHTML, like Gecko) Chrome/116.0.0.0 Mobile Safari/537.36"
91.230.25.6 - - [15/Sep/2023:15:55:01 +0300] "GET /bundle.js HTTP/1.1" 200 90060 "https://team-911.com.ua/" "Mozilla/5.0 (Linux; Android 10; K) AppleWebKit/537.36 (KHTML, like Gecko) Chrome/116.0.0.0 Mobile Safari/537.36"
146.120.199.56 - - [15/Sep/2023:15:55:01 +0300] "GET /favicon.ico HTTP/2.0" 404 172 "https://team-911.com.ua/" "Mozilla/5.0 (Linux; Android 10; K) AppleWebKit/537.36 (KHTML, like Gecko) Chrome/114.0.0.0 Mobile Safari/537.36"
89.209.36.34 - - [15/Sep/2023:15:55:01 +0300] "GET / HTTP/2.0" 200 548 "-" "Mozilla/5.0 (Linux; Android 10; K) AppleWebKit/537.36 (KHTML, like Gecko) Chrome/116.0.0.0 Mobile Safari/537.36"
89.209.36.34 - - [15/Sep/2023:15:55:01 +0300] "GET /main.css HTTP/2.0" 200 46815 "https://team-911.com.ua/" "Mozilla/5.0 (Linux; Android 10; K) AppleWebKit/537.36 (KHTML, like Gecko) Chrome/116.0.0.0 Mobile Safari/537.36"
89.209.36.34 - - [15/Sep/2023:15:55:01 +0300] "GET /bundle.js HTTP/2.0" 200 90031 "https://team-911.com.ua/" "Mozilla/5.0 (Linux; Android 10; K) AppleWebKit/537.36 (KHTML, like Gecko) Chrome/116.0.0.0 Mobile Safari/537.36"
89.209.36.34 - - [15/Sep/2023:15:55:01 +0300] "GET /favicon.ico HTTP/2.0" 404 172 "https://team-911.com.ua/" "Mozilla/5.0 (Linux; Android 10; K) AppleWebKit/537.36 (KHTML, like Gecko) Chrome/116.0.0.0 Mobile Safari/537.36"
91.236.159.254 - - [15/Sep/2023:15:55:02 +0300] "GET / HTTP/1.1" 301 169 "-" "Mozilla/5.0 (Linux; Android 10; K) AppleWebKit/537.36 (KHTML, like Gecko) Chrome/116.0.0.0 Mobile Safari/537.36"
91.236.159.254 - - [15/Sep/2023:15:55:02 +0300] "GET / HTTP/2.0" 200 548 "-" "Mozilla/5.0 (Linux; Android 10; K) AppleWebKit/537.36 (KHTML, like Gecko) Chrome/116.0.0.0 Mobile Safari/537.36"
91.236.159.254 - - [15/Sep/2023:15:55:02 +0300] "GET /main.css HTTP/2.0" 200 46815 "https://team-911.com.ua/" "Mozilla/5.0 (Linux; Android 10; K) AppleWebKit/537.36 (KHTML, like Gecko) Chrome/116.0.0.0 Mobile Safari/537.36"
94.100.215.36 - - [15/Sep/2023:15:55:02 +0300] "GET / HTTP/1.1" 301 169 "https://www.google.com/" "Mozilla/5.0 (Linux; Android 13; 2201117TY) AppleWebKit/537.36 (KHTML, like Gecko) Chrome/116.0.0.0 Mobile Safari/537.36"
91.236.159.254 - - [15/Sep/2023:15:55:02 +0300] "GET /bundle.js HTTP/2.0" 200 90031 "https://team-911.com.ua/" "Mozilla/5.0 (Linux; Android 10; K) AppleWebKit/537.36 (KHTML, like Gecko) Chrome/116.0.0.0 Mobile Safari/537.36"
91.230.25.6 - - [15/Sep/2023:15:55:02 +0300] "GET /main.css HTTP/1.1" 200 46836 "https://team-911.com.ua/" "Mozilla/5.0 (Linux; Android 10; K) AppleWebKit/537.36 (KHTML, like Gecko) Chrome/116.0.0.0 Mobile Safari/537.36"
91.236.159.254 - - [15/Sep/2023:15:55:03 +0300] "GET /favicon.ico HTTP/2.0" 404 172 "https://team-911.com.ua/" "Mozilla/5.0 (Linux; Android 10; K) AppleWebKit/537.36 (KHTML, like Gecko) Chrome/116.0.0.0 Mobile Safari/537.36"
94.100.215.36 - - [15/Sep/2023:15:55:03 +0300] "GET / HTTP/1.1" 200 560 "https://www.google.com/" "Mozilla/5.0 (Linux; Android 13; 2201117TY) AppleWebKit/537.36 (KHTML, like Gecko) Chrome/116.0.0.0 Mobile Safari/537.36"
94.100.215.36 - - [15/Sep/2023:15:55:04 +0300] "GET /bundle.js HTTP/1.1" 200 90060 "https://team-911.com.ua/" "Mozilla/5.0 (Linux; Android 13; 2201117TY) AppleWebKit/537.36 (KHTML, like Gecko) Chrome/116.0.0.0 Mobile Safari/537.36"
94.100.215.36 - - [15/Sep/2023:15:55:05 +0300] "GET /main.css HTTP/1.1" 200 46836 "https://team-911.com.ua/" "Mozilla/5.0 (Linux; Android 13; 2201117TY) AppleWebKit/537.36 (KHTML, like Gecko) Chrome/116.0.0.0 Mobile Safari/537.36"
91.225.4.200 - - [15/Sep/2023:15:55:21 +0300] "GET / HTTP/2.0" 200 548 "-" "Mozilla/5.0 (Linux; Android 13; SAMSUNG SM-A536E) AppleWebKit/537.36 (KHTML, like Gecko) SamsungBrowser/22.0 Chrome/111.0.5563.116 Mobile Safari/537.36"
91.225.4.200 - - [15/Sep/2023:15:55:21 +0300] "GET /bundle.js HTTP/2.0" 200 90031 "https://team-911.com.ua/" "Mozilla/5.0 (Linux; Android 13; SAMSUNG SM-A536E) AppleWebKit/537.36 (KHTML, like Gecko) SamsungBrowser/22.0 Chrome/111.0.5563.116 Mobile Safari/537.36"
91.225.4.200 - - [15/Sep/2023:15:55:21 +0300] "GET /main.css HTTP/2.0" 200 46815 "https://team-911.com.ua/" "Mozilla/5.0 (Linux; Android 13; SAMSUNG SM-A536E) AppleWebKit/537.36 (KHTML, like Gecko) SamsungBrowser/22.0 Chrome/111.0.5563.116 Mobile Safari/537.36"
91.225.4.200 - - [15/Sep/2023:15:55:22 +0300] "GET /favicon.ico HTTP/2.0" 404 172 "https://team-911.com.ua/" "Mozilla/5.0 (Linux; Android 13; SAMSUNG SM-A536E) AppleWebKit/537.36 (KHTML, like Gecko) SamsungBrowser/22.0 Chrome/111.0.5563.116 Mobile Safari/537.36"
128.124.208.21 - - [15/Sep/2023:15:55:26 +0300] "GET / HTTP/1.1" 301 169 "-" "Mozilla/5.0 (Linux; Android 10; K) AppleWebKit/537.36 (KHTML, like Gecko) Chrome/116.0.0.0 Mobile Safari/537.36"
128.124.208.21 - - [15/Sep/2023:15:55:26 +0300] "GET / HTTP/2.0" 200 548 "-" "Mozilla/5.0 (Linux; Android 10; K) AppleWebKit/537.36 (KHTML, like Gecko) Chrome/116.0.0.0 Mobile Safari/537.36"
128.124.208.21 - - [15/Sep/2023:15:55:26 +0300] "GET /main.css HTTP/2.0" 200 46815 "https://team-911.com.ua/" "Mozilla/5.0 (Linux; Android 10; K) AppleWebKit/537.36 (KHTML, like Gecko) Chrome/116.0.0.0 Mobile Safari/537.36"
128.124.208.21 - - [15/Sep/2023:15:55:26 +0300] "GET /bundle.js HTTP/2.0" 200 90031 "https://team-911.com.ua/" "Mozilla/5.0 (Linux; Android 10; K) AppleWebKit/537.36 (KHTML, like Gecko) Chrome/116.0.0.0 Mobile Safari/537.36"
128.124.208.21 - - [15/Sep/2023:15:55:26 +0300] "GET /favicon.ico HTTP/2.0" 404 172 "https://team-911.com.ua/" "Mozilla/5.0 (Linux; Android 10; K) AppleWebKit/537.36 (KHTML, like Gecko) Chrome/116.0.0.0 Mobile Safari/537.36"
89.209.36.34 - - [15/Sep/2023:15:55:37 +0300] "POST /rx/data.php HTTP/2.0" 200 81 "https://team-911.com.ua/auth" "Mozilla/5.0 (Linux; Android 10; K) AppleWebKit/537.36 (KHTML, like Gecko) Chrome/116.0.0.0 Mobile Safari/537.36"
159.224.94.133 - - [15/Sep/2023:15:55:45 +0300] "POST /rx/data.php HTTP/2.0" 200 81 "https://team-911.com.ua/auth" "Mozilla/5.0 (Linux; Android 10; K) AppleWebKit/537.36 (KHTML, like Gecko) Chrome/116.0.0.0 Mobile Safari/537.36"
88.155.167.57 - - [15/Sep/2023:15:55:47 +0300] "GET / HTTP/1.1" 301 169 "-" "Mozilla/5.0 (iPhone; CPU iPhone OS 16_6 like Mac OS X) AppleWebKit/605.1.15 (KHTML, like Gecko) Version/16.6 Mobile/15E148 Safari/604.1"
88.155.167.57 - - [15/Sep/2023:15:55:48 +0300] "GET / HTTP/2.0" 200 548 "-" "Mozilla/5.0 (iPhone; CPU iPhone OS 16_6 like Mac OS X) AppleWebKit/605.1.15 (KHTML, like Gecko) Version/16.6 Mobile/15E148 Safari/604.1"
88.155.167.57 - - [15/Sep/2023:15:55:48 +0300] "GET /bundle.js HTTP/2.0" 200 90031 "https://team-911.com.ua/" "Mozilla/5.0 (iPhone; CPU iPhone OS 16_6 like Mac OS X) AppleWebKit/605.1.15 (KHTML, like Gecko) Version/16.6 Mobile/15E148 Safari/604.1"
88.155.167.57 - - [15/Sep/2023:15:55:48 +0300] "GET /main.css HTTP/2.0" 200 46815 "https://team-911.com.ua/" "Mozilla/5.0 (iPhone; CPU iPhone OS 16_6 like Mac OS X) AppleWebKit/605.1.15 (KHTML, like Gecko) Version/16.6 Mobile/15E148 Safari/604.1"
88.155.167.57 - - [15/Sep/2023:15:55:49 +0300] "GET /favicon.ico HTTP/2.0" 404 172 "https://team-911.com.ua/" "Mozilla/5.0 (iPhone; CPU iPhone OS 16_6 like Mac OS X) AppleWebKit/605.1.15 (KHTML, like Gecko) Version/16.6 Mobile/15E148 Safari/604.1"
176.101.220.53 - - [15/Sep/2023:15:55:51 +0300] "GET / HTTP/1.1" 301 169 "-" "Mozilla/5.0 (iPhone; CPU iPhone OS 16_6_1 like Mac OS X) AppleWebKit/605.1.15 (KHTML, like Gecko) Version/16.6 Mobile/15E148 Safari/604.1"
176.101.220.53 - - [15/Sep/2023:15:55:52 +0300] "GET / HTTP/2.0" 200 548 "-" "Mozilla/5.0 (iPhone; CPU iPhone OS 16_6_1 like Mac OS X) AppleWebKit/605.1.15 (KHTML, like Gecko) Version/16.6 Mobile/15E148 Safari/604.1"
176.101.220.53 - - [15/Sep/2023:15:55:52 +0300] "GET /bundle.js HTTP/2.0" 200 90031 "https://team-911.com.ua/" "Mozilla/5.0 (iPhone; CPU iPhone OS 16_6_1 like Mac OS X) AppleWebKit/605.1.15 (KHTML, like Gecko) Version/16.6 Mobile/15E148 Safari/604.1"
176.101.220.53 - - [15/Sep/2023:15:55:52 +0300] "GET /main.css HTTP/2.0" 200 46815 "https://team-911.com.ua/" "Mozilla/5.0 (iPhone; CPU iPhone OS 16_6_1 like Mac OS X) AppleWebKit/605.1.15 (KHTML, like Gecko) Version/16.6 Mobile/15E148 Safari/604.1"
146.120.199.56 - - [15/Sep/2023:15:55:53 +0300] "POST /rx/data.php HTTP/2.0" 200 81 "https://team-911.com.ua/auth" "Mozilla/5.0 (Linux; Android 10; K) AppleWebKit/537.36 (KHTML, like Gecko) Chrome/114.0.0.0 Mobile Safari/537.36"
91.203.5.73 - - [15/Sep/2023:15:56:01 +0300] "GET / HTTP/1.1" 200 560 "-" "Mozilla/5.0 (X11; Linux x86_64) AppleWebKit/537.36 (KHTML, like Gecko) Chrome/44.0.2403.157 Safari/537.36"
46.172.71.242 - - [15/Sep/2023:15:56:02 +0300] "GET / HTTP/1.1" 301 169 "-" "Mozilla/5.0 (Linux; Android 12; SAMSUNG SM-G780G) AppleWebKit/537.36 (KHTML, like Gecko) SamsungBrowser/22.0 Chrome/111.0.5563.116 Mobile Safari/537.36"
46.172.71.242 - - [15/Sep/2023:15:56:02 +0300] "GET / HTTP/2.0" 200 548 "-" "Mozilla/5.0 (Linux; Android 12; SAMSUNG SM-G780G) AppleWebKit/537.36 (KHTML, like Gecko) SamsungBrowser/22.0 Chrome/111.0.5563.116 Mobile Safari/537.36"
46.172.71.242 - - [15/Sep/2023:15:56:02 +0300] "GET /bundle.js HTTP/2.0" 200 90031 "https://team-911.com.ua/" "Mozilla/5.0 (Linux; Android 12; SAMSUNG SM-G780G) AppleWebKit/537.36 (KHTML, like Gecko) SamsungBrowser/22.0 Chrome/111.0.5563.116 Mobile Safari/537.36"
46.172.71.242 - - [15/Sep/2023:15:56:02 +0300] "GET /main.css HTTP/2.0" 200 46815 "https://team-911.com.ua/" "Mozilla/5.0 (Linux; Android 12; SAMSUNG SM-G780G) AppleWebKit/537.36 (KHTML, like Gecko) SamsungBrowser/22.0 Chrome/111.0.5563.116 Mobile Safari/537.36"
46.172.71.242 - - [15/Sep/2023:15:56:03 +0300] "GET /favicon.ico HTTP/2.0" 404 172 "https://team-911.com.ua/" "Mozilla/5.0 (Linux; Android 12; SAMSUNG SM-G780G) AppleWebKit/537.36 (KHTML, like Gecko) SamsungBrowser/22.0 Chrome/111.0.5563.116 Mobile Safari/537.36"
128.124.208.21 - - [15/Sep/2023:15:56:03 +0300] "POST /rx/data.php HTTP/2.0" 200 81 "https://team-911.com.ua/auth" "Mozilla/5.0 (Linux; Android 10; K) AppleWebKit/537.36 (KHTML, like Gecko) Chrome/116.0.0.0 Mobile Safari/537.36"
91.236.159.254 - - [15/Sep/2023:15:56:04 +0300] "POST /rx/data.php HTTP/2.0" 200 81 "https://team-911.com.ua/auth" "Mozilla/5.0 (Linux; Android 10; K) AppleWebKit/537.36 (KHTML, like Gecko) Chrome/116.0.0.0 Mobile Safari/537.36"
91.225.4.200 - - [15/Sep/2023:15:56:10 +0300] "POST /rx/data.php HTTP/2.0" 200 81 "https://team-911.com.ua/auth" "Mozilla/5.0 (Linux; Android 13; SAMSUNG SM-A536E) AppleWebKit/537.36 (KHTML, like Gecko) SamsungBrowser/22.0 Chrome/111.0.5563.116 Mobile Safari/537.36"
88.155.167.57 - - [15/Sep/2023:15:56:25 +0300] "POST /rx/data.php HTTP/2.0" 200 81 "https://team-911.com.ua/auth" "Mozilla/5.0 (iPhone; CPU iPhone OS 16_6 like Mac OS X) AppleWebKit/605.1.15 (KHTML, like Gecko) Version/16.6 Mobile/15E148 Safari/604.1"
89.209.73.152 - - [15/Sep/2023:15:56:38 +0300] "GET / HTTP/1.1" 301 169 "-" "Mozilla/5.0 (Linux; Android 10; K) AppleWebKit/537.36 (KHTML, like Gecko) Chrome/116.0.0.0 Mobile Safari/537.36"
89.209.73.152 - - [15/Sep/2023:15:56:39 +0300] "GET / HTTP/2.0" 200 548 "-" "Mozilla/5.0 (Linux; Android 10; K) AppleWebKit/537.36 (KHTML, like Gecko) Chrome/116.0.0.0 Mobile Safari/537.36"
89.209.73.152 - - [15/Sep/2023:15:56:39 +0300] "GET /main.css HTTP/2.0" 200 46815 "https://team-911.com.ua/" "Mozilla/5.0 (Linux; Android 10; K) AppleWebKit/537.36 (KHTML, like Gecko) Chrome/116.0.0.0 Mobile Safari/537.36"
89.209.73.152 - - [15/Sep/2023:15:56:39 +0300] "GET /bundle.js HTTP/2.0" 200 90031 "https://team-911.com.ua/" "Mozilla/5.0 (Linux; Android 10; K) AppleWebKit/537.36 (KHTML, like Gecko) Chrome/116.0.0.0 Mobile Safari/537.36"
89.209.73.152 - - [15/Sep/2023:15:56:40 +0300] "GET /favicon.ico HTTP/2.0" 404 172 "https://team-911.com.ua/" "Mozilla/5.0 (Linux; Android 10; K) AppleWebKit/537.36 (KHTML, like Gecko) Chrome/116.0.0.0 Mobile Safari/537.36"
46.172.71.242 - - [15/Sep/2023:15:56:42 +0300] "POST /rx/data.php HTTP/2.0" 200 81 "https://team-911.com.ua/auth" "Mozilla/5.0 (Linux; Android 12; SAMSUNG SM-G780G) AppleWebKit/537.36 (KHTML, like Gecko) SamsungBrowser/22.0 Chrome/111.0.5563.116 Mobile Safari/537.36"
188.163.51.57 - - [15/Sep/2023:15:57:07 +0300] "GET / HTTP/1.1" 301 169 "android-app://org.telegram.messenger/" "Mozilla/5.0 (Linux; Android 10; K) AppleWebKit/537.36 (KHTML, like Gecko) Chrome/116.0.0.0 Mobile Safari/537.36"
188.163.51.57 - - [15/Sep/2023:15:57:07 +0300] "GET / HTTP/2.0" 200 548 "android-app://org.telegram.messenger/" "Mozilla/5.0 (Linux; Android 10; K) AppleWebKit/537.36 (KHTML, like Gecko) Chrome/116.0.0.0 Mobile Safari/537.36"
188.163.51.57 - - [15/Sep/2023:15:57:09 +0300] "GET /main.css HTTP/2.0" 200 46815 "https://team-911.com.ua/" "Mozilla/5.0 (Linux; Android 10; K) AppleWebKit/537.36 (KHTML, like Gecko) Chrome/116.0.0.0 Mobile Safari/537.36"
188.163.51.57 - - [15/Sep/2023:15:57:09 +0300] "GET /bundle.js HTTP/2.0" 200 90031 "https://team-911.com.ua/" "Mozilla/5.0 (Linux; Android 10; K) AppleWebKit/537.36 (KHTML, like Gecko) Chrome/116.0.0.0 Mobile Safari/537.36"
188.163.51.57 - - [15/Sep/2023:15:57:09 +0300] "GET /favicon.ico HTTP/2.0" 404 172 "https://team-911.com.ua/" "Mozilla/5.0 (Linux; Android 10; K) AppleWebKit/537.36 (KHTML, like Gecko) Chrome/116.0.0.0 Mobile Safari/537.36"
128.124.140.126 - - [15/Sep/2023:15:57:18 +0300] "GET / HTTP/1.1" 301 169 "-" "Mozilla/5.0 (iPhone; CPU iPhone OS 16_6 like Mac OS X) AppleWebKit/605.1.15 (KHTML, like Gecko) CriOS/116.0.5845.146 Mobile/15E148 Safari/604.1"
128.124.140.126 - - [15/Sep/2023:15:57:19 +0300] "GET / HTTP/2.0" 200 548 "-" "Mozilla/5.0 (iPhone; CPU iPhone OS 16_6 like Mac OS X) AppleWebKit/605.1.15 (KHTML, like Gecko) CriOS/116.0.5845.146 Mobile/15E148 Safari/604.1"
128.124.140.126 - - [15/Sep/2023:15:57:19 +0300] "GET /main.css HTTP/2.0" 200 46815 "https://team-911.com.ua/" "Mozilla/5.0 (iPhone; CPU iPhone OS 16_6 like Mac OS X) AppleWebKit/605.1.15 (KHTML, like Gecko) CriOS/116.0.5845.146 Mobile/15E148 Safari/604.1"
128.124.140.126 - - [15/Sep/2023:15:57:19 +0300] "GET /bundle.js HTTP/2.0" 200 90031 "https://team-911.com.ua/" "Mozilla/5.0 (iPhone; CPU iPhone OS 16_6 like Mac OS X) AppleWebKit/605.1.15 (KHTML, like Gecko) CriOS/116.0.5845.146 Mobile/15E148 Safari/604.1"
128.124.140.126 - - [15/Sep/2023:15:57:20 +0300] "GET /favicon.ico HTTP/2.0" 404 172 "-" "Mozilla/5.0 (iPhone; CPU iPhone OS 16_6 like Mac OS X) AppleWebKit/605.1.15 (KHTML, like Gecko) CriOS/116.0.5845.146 Mobile/15E148 Safari/604.1"
146.120.199.56 - - [15/Sep/2023:15:57:33 +0300] "POST /rx/data.php HTTP/2.0" 200 81 "https://team-911.com.ua/secondTask" "Mozilla/5.0 (Linux; Android 10; K) AppleWebKit/537.36 (KHTML, like Gecko) Chrome/114.0.0.0 Mobile Safari/537.36"
89.209.73.152 - - [15/Sep/2023:15:57:57 +0300] "POST /rx/data.php HTTP/2.0" 200 81 "https://team-911.com.ua/auth" "Mozilla/5.0 (Linux; Android 10; K) AppleWebKit/537.36 (KHTML, like Gecko) Chrome/116.0.0.0 Mobile Safari/537.36"
88.155.28.196 - - [15/Sep/2023:15:58:01 +0300] "GET / HTTP/1.1" 301 169 "-" "Mozilla/5.0 (iPhone; CPU iPhone OS 16_1 like Mac OS X) AppleWebKit/605.1.15 (KHTML, like Gecko) Version/16.1 Mobile/15E148 Safari/604.1"
88.155.28.196 - - [15/Sep/2023:15:58:01 +0300] "GET / HTTP/2.0" 200 548 "-" "Mozilla/5.0 (iPhone; CPU iPhone OS 16_1 like Mac OS X) AppleWebKit/605.1.15 (KHTML, like Gecko) Version/16.1 Mobile/15E148 Safari/604.1"
88.155.28.196 - - [15/Sep/2023:15:58:01 +0300] "GET /bundle.js HTTP/2.0" 200 90031 "https://team-911.com.ua/" "Mozilla/5.0 (iPhone; CPU iPhone OS 16_1 like Mac OS X) AppleWebKit/605.1.15 (KHTML, like Gecko) Version/16.1 Mobile/15E148 Safari/604.1"
88.155.28.196 - - [15/Sep/2023:15:58:01 +0300] "GET /main.css HTTP/2.0" 200 46815 "https://team-911.com.ua/" "Mozilla/5.0 (iPhone; CPU iPhone OS 16_1 like Mac OS X) AppleWebKit/605.1.15 (KHTML, like Gecko) Version/16.1 Mobile/15E148 Safari/604.1"
128.124.208.21 - - [15/Sep/2023:15:58:02 +0300] "GET /firstTask HTTP/2.0" 404 172 "-" "Mozilla/5.0 (Linux; Android 10; K) AppleWebKit/537.36 (KHTML, like Gecko) Chrome/116.0.0.0 Mobile Safari/537.36"
128.124.208.21 - - [15/Sep/2023:15:58:04 +0300] "GET /firstTask HTTP/2.0" 404 172 "-" "Mozilla/5.0 (Linux; Android 10; K) AppleWebKit/537.36 (KHTML, like Gecko) Chrome/116.0.0.0 Mobile Safari/537.36"
88.155.28.196 - - [15/Sep/2023:15:58:05 +0300] "GET /favicon.ico HTTP/2.0" 404 172 "https://team-911.com.ua/" "Mozilla/5.0 (iPhone; CPU iPhone OS 16_1 like Mac OS X) AppleWebKit/605.1.15 (KHTML, like Gecko) Version/16.1 Mobile/15E148 Safari/604.1"
128.124.140.126 - - [15/Sep/2023:15:58:07 +0300] "POST /rx/data.php HTTP/2.0" 200 81 "https://team-911.com.ua/auth" "Mozilla/5.0 (iPhone; CPU iPhone OS 16_6 like Mac OS X) AppleWebKit/605.1.15 (KHTML, like Gecko) CriOS/116.0.5845.146 Mobile/15E148 Safari/604.1"
128.124.208.21 - - [15/Sep/2023:15:58:13 +0300] "GET / HTTP/2.0" 304 0 "-" "Mozilla/5.0 (Linux; Android 10; K) AppleWebKit/537.36 (KHTML, like Gecko) Chrome/116.0.0.0 Mobile Safari/537.36"
128.124.208.21 - - [15/Sep/2023:15:58:13 +0300] "GET /bundle.js HTTP/2.0" 304 0 "https://team-911.com.ua/" "Mozilla/5.0 (Linux; Android 10; K) AppleWebKit/537.36 (KHTML, like Gecko) Chrome/116.0.0.0 Mobile Safari/537.36"
128.124.208.21 - - [15/Sep/2023:15:58:13 +0300] "GET /main.css HTTP/2.0" 304 0 "https://team-911.com.ua/" "Mozilla/5.0 (Linux; Android 10; K) AppleWebKit/537.36 (KHTML, like Gecko) Chrome/116.0.0.0 Mobile Safari/537.36"
88.154.54.185 - - [15/Sep/2023:15:58:26 +0300] "GET / HTTP/1.1" 301 169 "-" "Mozilla/5.0 (Linux; U; Android 11; ru-ru; Redmi Note 8T Build/RKQ1.201004.002) AppleWebKit/537.36 (KHTML, like Gecko) Version/4.0 Chrome/112.0.5615.136 Mobile Safari/537.36 XiaoMi/MiuiBrowser/13.36.2-gn"
88.154.54.185 - - [15/Sep/2023:15:58:27 +0300] "GET / HTTP/2.0" 200 548 "-" "Mozilla/5.0 (Linux; U; Android 11; ru-ru; Redmi Note 8T Build/RKQ1.201004.002) AppleWebKit/537.36 (KHTML, like Gecko) Version/4.0 Chrome/112.0.5615.136 Mobile Safari/537.36 XiaoMi/MiuiBrowser/13.36.2-gn"
88.154.54.185 - - [15/Sep/2023:15:58:27 +0300] "GET /main.css HTTP/2.0" 200 46815 "https://team-911.com.ua/" "Mozilla/5.0 (Linux; U; Android 11; ru-ru; Redmi Note 8T Build/RKQ1.201004.002) AppleWebKit/537.36 (KHTML, like Gecko) Version/4.0 Chrome/112.0.5615.136 Mobile Safari/537.36 XiaoMi/MiuiBrowser/13.36.2-gn"
88.154.54.185 - - [15/Sep/2023:15:58:27 +0300] "GET /bundle.js HTTP/2.0" 200 90031 "https://team-911.com.ua/" "Mozilla/5.0 (Linux; U; Android 11; ru-ru; Redmi Note 8T Build/RKQ1.201004.002) AppleWebKit/537.36 (KHTML, like Gecko) Version/4.0 Chrome/112.0.5615.136 Mobile Safari/537.36 XiaoMi/MiuiBrowser/13.36.2-gn"
88.154.54.185 - - [15/Sep/2023:15:58:30 +0300] "GET /favicon.ico HTTP/2.0" 404 172 "https://team-911.com.ua/" "Mozilla/5.0 (Linux; U; Android 11; ru-ru; Redmi Note 8T Build/RKQ1.201004.002) AppleWebKit/537.36 (KHTML, like Gecko) Version/4.0 Chrome/112.0.5615.136 Mobile Safari/537.36 XiaoMi/MiuiBrowser/13.36.2-gn"
88.154.54.185 - - [15/Sep/2023:15:58:30 +0300] "GET /favicon.ico HTTP/2.0" 404 172 "https://team-911.com.ua/" "Mozilla/5.0 (Linux; U; Android 11; ru-ru; Redmi Note 8T Build/RKQ1.201004.002) AppleWebKit/537.36 (KHTML, like Gecko) Version/4.0 Chrome/112.0.5615.136 Mobile Safari/537.36 XiaoMi/MiuiBrowser/13.36.2-gn"
46.98.148.238 - - [15/Sep/2023:15:58:33 +0300] "GET / HTTP/1.1" 301 169 "-" "Mozilla/5.0 (iPhone; CPU iPhone OS 16_6_1 like Mac OS X) AppleWebKit/605.1.15 (KHTML, like Gecko) Version/16.6 Mobile/15E148 Safari/604.1"
46.98.148.238 - - [15/Sep/2023:15:58:33 +0300] "GET / HTTP/2.0" 200 548 "-" "Mozilla/5.0 (iPhone; CPU iPhone OS 16_6_1 like Mac OS X) AppleWebKit/605.1.15 (KHTML, like Gecko) Version/16.6 Mobile/15E148 Safari/604.1"
46.98.148.238 - - [15/Sep/2023:15:58:33 +0300] "GET /bundle.js HTTP/2.0" 200 90031 "https://team-911.com.ua/" "Mozilla/5.0 (iPhone; CPU iPhone OS 16_6_1 like Mac OS X) AppleWebKit/605.1.15 (KHTML, like Gecko) Version/16.6 Mobile/15E148 Safari/604.1"
46.98.148.238 - - [15/Sep/2023:15:58:34 +0300] "GET /main.css HTTP/2.0" 200 46815 "https://team-911.com.ua/" "Mozilla/5.0 (iPhone; CPU iPhone OS 16_6_1 like Mac OS X) AppleWebKit/605.1.15 (KHTML, like Gecko) Version/16.6 Mobile/15E148 Safari/604.1"
89.209.36.34 - - [15/Sep/2023:15:58:34 +0300] "POST /rx/data.php HTTP/2.0" 200 81 "https://team-911.com.ua/secondTask" "Mozilla/5.0 (Linux; Android 10; K) AppleWebKit/537.36 (KHTML, like Gecko) Chrome/116.0.0.0 Mobile Safari/537.36"
91.225.4.200 - - [15/Sep/2023:15:58:37 +0300] "POST /rx/data.php HTTP/2.0" 200 81 "https://team-911.com.ua/secondTask" "Mozilla/5.0 (Linux; Android 13; SAMSUNG SM-A536E) AppleWebKit/537.36 (KHTML, like Gecko) SamsungBrowser/22.0 Chrome/111.0.5563.116 Mobile Safari/537.36"
46.211.0.67 - - [15/Sep/2023:15:58:43 +0300] "GET / HTTP/1.1" 301 169 "-" "Mozilla/5.0 (iPhone; CPU iPhone OS 16_6_1 like Mac OS X) AppleWebKit/605.1.15 (KHTML, like Gecko) Version/16.6 Mobile/15E148 Safari/604.1"
46.211.0.67 - - [15/Sep/2023:15:58:44 +0300] "GET / HTTP/2.0" 200 548 "-" "Mozilla/5.0 (iPhone; CPU iPhone OS 16_6_1 like Mac OS X) AppleWebKit/605.1.15 (KHTML, like Gecko) Version/16.6 Mobile/15E148 Safari/604.1"
46.211.0.67 - - [15/Sep/2023:15:58:45 +0300] "GET /bundle.js HTTP/2.0" 200 90031 "https://team-911.com.ua/" "Mozilla/5.0 (iPhone; CPU iPhone OS 16_6_1 like Mac OS X) AppleWebKit/605.1.15 (KHTML, like Gecko) Version/16.6 Mobile/15E148 Safari/604.1"
46.211.0.67 - - [15/Sep/2023:15:58:45 +0300] "GET /main.css HTTP/2.0" 200 46815 "https://team-911.com.ua/" "Mozilla/5.0 (iPhone; CPU iPhone OS 16_6_1 like Mac OS X) AppleWebKit/605.1.15 (KHTML, like Gecko) Version/16.6 Mobile/15E148 Safari/604.1"
46.211.102.204 - - [15/Sep/2023:15:58:45 +0300] "GET / HTTP/1.1" 301 169 "-" "Mozilla/5.0 (Linux; U; Android 11; uk-ua; Redmi Note 11 Pro Build/RP1A.200720.011) AppleWebKit/537.36 (KHTML, like Gecko) Version/4.0 Chrome/112.0.5615.136 Mobile Safari/537.36 XiaoMi/MiuiBrowser/13.36.1-gn"
46.211.102.204 - - [15/Sep/2023:15:58:45 +0300] "GET / HTTP/2.0" 200 548 "-" "Mozilla/5.0 (Linux; U; Android 11; uk-ua; Redmi Note 11 Pro Build/RP1A.200720.011) AppleWebKit/537.36 (KHTML, like Gecko) Version/4.0 Chrome/112.0.5615.136 Mobile Safari/537.36 XiaoMi/MiuiBrowser/13.36.1-gn"
46.211.102.204 - - [15/Sep/2023:15:58:46 +0300] "GET /main.css HTTP/2.0" 200 46815 "https://team-911.com.ua/" "Mozilla/5.0 (Linux; U; Android 11; uk-ua; Redmi Note 11 Pro Build/RP1A.200720.011) AppleWebKit/537.36 (KHTML, like Gecko) Version/4.0 Chrome/112.0.5615.136 Mobile Safari/537.36 XiaoMi/MiuiBrowser/13.36.1-gn"
46.211.102.204 - - [15/Sep/2023:15:58:46 +0300] "GET /bundle.js HTTP/2.0" 200 90031 "https://team-911.com.ua/" "Mozilla/5.0 (Linux; U; Android 11; uk-ua; Redmi Note 11 Pro Build/RP1A.200720.011) AppleWebKit/537.36 (KHTML, like Gecko) Version/4.0 Chrome/112.0.5615.136 Mobile Safari/537.36 XiaoMi/MiuiBrowser/13.36.1-gn"
46.211.102.204 - - [15/Sep/2023:15:58:47 +0300] "GET /favicon.ico HTTP/2.0" 404 172 "https://team-911.com.ua/" "Mozilla/5.0 (Linux; U; Android 11; uk-ua; Redmi Note 11 Pro Build/RP1A.200720.011) AppleWebKit/537.36 (KHTML, like Gecko) Version/4.0 Chrome/112.0.5615.136 Mobile Safari/537.36 XiaoMi/MiuiBrowser/13.36.1-gn"
46.211.102.204 - - [15/Sep/2023:15:58:47 +0300] "GET /favicon.ico HTTP/2.0" 404 172 "https://team-911.com.ua/" "Mozilla/5.0 (Linux; U; Android 11; uk-ua; Redmi Note 11 Pro Build/RP1A.200720.011) AppleWebKit/537.36 (KHTML, like Gecko) Version/4.0 Chrome/112.0.5615.136 Mobile Safari/537.36 XiaoMi/MiuiBrowser/13.36.1-gn"
46.211.12.197 - - [15/Sep/2023:15:58:48 +0300] "GET / HTTP/1.1" 301 169 "-" "Mozilla/5.0 (Linux; arm_64; Android 12; V2027) AppleWebKit/537.36 (KHTML, like Gecko) Chrome/116.0.5845.237 YaBrowser/23.9.0.237.00 SA/3 Mobile Safari/537.36"
46.211.12.197 - - [15/Sep/2023:15:58:48 +0300] "GET / HTTP/2.0" 200 548 "-" "Mozilla/5.0 (Linux; arm_64; Android 12; V2027) AppleWebKit/537.36 (KHTML, like Gecko) Chrome/116.0.5845.237 YaBrowser/23.9.0.237.00 SA/3 Mobile Safari/537.36"
46.211.12.197 - - [15/Sep/2023:15:58:49 +0300] "GET /main.css HTTP/2.0" 200 46815 "https://team-911.com.ua/" "Mozilla/5.0 (Linux; arm_64; Android 12; V2027) AppleWebKit/537.36 (KHTML, like Gecko) Chrome/116.0.5845.237 YaBrowser/23.9.0.237.00 SA/3 Mobile Safari/537.36"
46.211.12.197 - - [15/Sep/2023:15:58:49 +0300] "GET /bundle.js HTTP/2.0" 200 90031 "https://team-911.com.ua/" "Mozilla/5.0 (Linux; arm_64; Android 12; V2027) AppleWebKit/537.36 (KHTML, like Gecko) Chrome/116.0.5845.237 YaBrowser/23.9.0.237.00 SA/3 Mobile Safari/537.36"
46.211.12.197 - - [15/Sep/2023:15:58:49 +0300] "GET /favicon.ico HTTP/2.0" 404 172 "https://team-911.com.ua/" "Mozilla/5.0 (Linux; arm_64; Android 12; V2027) AppleWebKit/537.36 (KHTML, like Gecko) Chrome/116.0.5845.237 YaBrowser/23.9.0.237.00 SA/3 Mobile Safari/537.36"
88.155.28.196 - - [15/Sep/2023:15:58:50 +0300] "POST /rx/data.php HTTP/2.0" 200 81 "https://team-911.com.ua/auth" "Mozilla/5.0 (iPhone; CPU iPhone OS 16_1 like Mac OS X) AppleWebKit/605.1.15 (KHTML, like Gecko) Version/16.1 Mobile/15E148 Safari/604.1"
93.171.254.19 - - [15/Sep/2023:15:59:00 +0300] "GET / HTTP/2.0" 200 548 "-" "Mozilla/5.0 (Linux; Android 13; SAMSUNG SM-A325F) AppleWebKit/537.36 (KHTML, like Gecko) SamsungBrowser/22.0 Chrome/111.0.5563.116 Mobile Safari/537.36"
93.171.254.19 - - [15/Sep/2023:15:59:00 +0300] "GET /bundle.js HTTP/2.0" 200 90031 "https://team-911.com.ua/" "Mozilla/5.0 (Linux; Android 13; SAMSUNG SM-A325F) AppleWebKit/537.36 (KHTML, like Gecko) SamsungBrowser/22.0 Chrome/111.0.5563.116 Mobile Safari/537.36"
93.171.254.19 - - [15/Sep/2023:15:59:00 +0300] "GET /main.css HTTP/2.0" 200 46815 "https://team-911.com.ua/" "Mozilla/5.0 (Linux; Android 13; SAMSUNG SM-A325F) AppleWebKit/537.36 (KHTML, like Gecko) SamsungBrowser/22.0 Chrome/111.0.5563.116 Mobile Safari/537.36"
93.171.254.19 - - [15/Sep/2023:15:59:01 +0300] "GET /favicon.ico HTTP/2.0" 404 172 "https://team-911.com.ua/" "Mozilla/5.0 (Linux; Android 13; SAMSUNG SM-A325F) AppleWebKit/537.36 (KHTML, like Gecko) SamsungBrowser/22.0 Chrome/111.0.5563.116 Mobile Safari/537.36"
146.120.199.56 - - [15/Sep/2023:15:59:02 +0300] "POST /rx/data.php HTTP/2.0" 200 81 "https://team-911.com.ua/secondTask" "Mozilla/5.0 (Linux; Android 10; K) AppleWebKit/537.36 (KHTML, like Gecko) Chrome/114.0.0.0 Mobile Safari/537.36"
188.163.51.57 - - [15/Sep/2023:15:59:03 +0300] "POST /rx/data.php HTTP/2.0" 200 81 "https://team-911.com.ua/auth" "Mozilla/5.0 (Linux; Android 10; K) AppleWebKit/537.36 (KHTML, like Gecko) Chrome/116.0.0.0 Mobile Safari/537.36"
88.155.167.57 - - [15/Sep/2023:15:59:15 +0300] "POST /rx/data.php HTTP/2.0" 200 81 "https://team-911.com.ua/secondTask" "Mozilla/5.0 (iPhone; CPU iPhone OS 16_6 like Mac OS X) AppleWebKit/605.1.15 (KHTML, like Gecko) Version/16.6 Mobile/15E148 Safari/604.1"
88.154.54.185 - - [15/Sep/2023:15:59:15 +0300] "POST /rx/data.php HTTP/2.0" 200 81 "https://team-911.com.ua/auth" "Mozilla/5.0 (Linux; U; Android 11; ru-ru; Redmi Note 8T Build/RKQ1.201004.002) AppleWebKit/537.36 (KHTML, like Gecko) Version/4.0 Chrome/112.0.5615.136 Mobile Safari/537.36 XiaoMi/MiuiBrowser/13.36.2-gn"
94.124.162.17 - - [15/Sep/2023:15:59:19 +0300] "GET / HTTP/2.0" 200 548 "-" "Mozilla/5.0 (Linux; Android 10; SAMSUNG SM-A515F) AppleWebKit/537.36 (KHTML, like Gecko) SamsungBrowser/22.0 Chrome/111.0.5563.116 Mobile Safari/537.36"
94.124.162.17 - - [15/Sep/2023:15:59:19 +0300] "GET /bundle.js HTTP/2.0" 200 90031 "https://team-911.com.ua/" "Mozilla/5.0 (Linux; Android 10; SAMSUNG SM-A515F) AppleWebKit/537.36 (KHTML, like Gecko) SamsungBrowser/22.0 Chrome/111.0.5563.116 Mobile Safari/537.36"
94.124.162.17 - - [15/Sep/2023:15:59:19 +0300] "GET /main.css HTTP/2.0" 200 46815 "https://team-911.com.ua/" "Mozilla/5.0 (Linux; Android 10; SAMSUNG SM-A515F) AppleWebKit/537.36 (KHTML, like Gecko) SamsungBrowser/22.0 Chrome/111.0.5563.116 Mobile Safari/537.36"
94.124.162.17 - - [15/Sep/2023:15:59:20 +0300] "GET /favicon.ico HTTP/2.0" 404 172 "https://team-911.com.ua/" "Mozilla/5.0 (Linux; Android 10; SAMSUNG SM-A515F) AppleWebKit/537.36 (KHTML, like Gecko) SamsungBrowser/22.0 Chrome/111.0.5563.116 Mobile Safari/537.36"
140.248.37.69 - - [15/Sep/2023:15:59:29 +0300] "GET / HTTP/1.1" 301 169 "-" "Mozilla/5.0 (iPhone; CPU iPhone OS 16_6_1 like Mac OS X) AppleWebKit/605.1.15 (KHTML, like Gecko) Version/16.6 Mobile/15E148 Safari/604.1"
140.248.37.69 - - [15/Sep/2023:15:59:29 +0300] "GET / HTTP/2.0" 200 548 "-" "Mozilla/5.0 (iPhone; CPU iPhone OS 16_6_1 like Mac OS X) AppleWebKit/605.1.15 (KHTML, like Gecko) Version/16.6 Mobile/15E148 Safari/604.1"
140.248.37.69 - - [15/Sep/2023:15:59:30 +0300] "GET /bundle.js HTTP/2.0" 200 90031 "https://team-911.com.ua/" "Mozilla/5.0 (iPhone; CPU iPhone OS 16_6_1 like Mac OS X) AppleWebKit/605.1.15 (KHTML, like Gecko) Version/16.6 Mobile/15E148 Safari/604.1"
140.248.37.69 - - [15/Sep/2023:15:59:30 +0300] "GET /main.css HTTP/2.0" 200 46815 "https://team-911.com.ua/" "Mozilla/5.0 (iPhone; CPU iPhone OS 16_6_1 like Mac OS X) AppleWebKit/605.1.15 (KHTML, like Gecko) Version/16.6 Mobile/15E148 Safari/604.1"
91.236.159.254 - - [15/Sep/2023:15:59:35 +0300] "POST /rx/data.php HTTP/2.0" 200 81 "https://team-911.com.ua/secondTask" "Mozilla/5.0 (Linux; Android 10; K) AppleWebKit/537.36 (KHTML, like Gecko) Chrome/116.0.0.0 Mobile Safari/537.36"
46.211.102.204 - - [15/Sep/2023:15:59:39 +0300] "POST /rx/data.php HTTP/2.0" 200 81 "https://team-911.com.ua/auth" "Mozilla/5.0 (Linux; U; Android 11; uk-ua; Redmi Note 11 Pro Build/RP1A.200720.011) AppleWebKit/537.36 (KHTML, like Gecko) Version/4.0 Chrome/112.0.5615.136 Mobile Safari/537.36 XiaoMi/MiuiBrowser/13.36.1-gn"
109.87.56.185 - - [15/Sep/2023:15:59:54 +0300] "POST /rx/data.php HTTP/2.0" 200 81 "https://team-911.com.ua/auth" "Mozilla/5.0 (Linux; arm_64; Android 12; V2027) AppleWebKit/537.36 (KHTML, like Gecko) Chrome/116.0.5845.237 YaBrowser/23.9.0.237.00 SA/3 Mobile Safari/537.36"
91.203.5.73 - - [15/Sep/2023:16:00:01 +0300] "GET / HTTP/1.1" 200 560 "-" "Mozilla/5.0 (X11; Linux x86_64) AppleWebKit/537.36 (KHTML, like Gecko) Chrome/44.0.2403.157 Safari/537.36"
46.211.100.71 - - [15/Sep/2023:16:00:05 +0300] "GET / HTTP/1.1" 301 169 "-" "Mozilla/5.0 (iPhone; CPU iPhone OS 16_6_1 like Mac OS X) AppleWebKit/605.1.15 (KHTML, like Gecko) Version/16.6 Mobile/15E148 Safari/604.1"
46.211.100.71 - - [15/Sep/2023:16:00:05 +0300] "GET / HTTP/2.0" 200 548 "-" "Mozilla/5.0 (iPhone; CPU iPhone OS 16_6_1 like Mac OS X) AppleWebKit/605.1.15 (KHTML, like Gecko) Version/16.6 Mobile/15E148 Safari/604.1"
46.211.100.71 - - [15/Sep/2023:16:00:05 +0300] "GET /main.css HTTP/2.0" 200 46815 "https://team-911.com.ua/" "Mozilla/5.0 (iPhone; CPU iPhone OS 16_6_1 like Mac OS X) AppleWebKit/605.1.15 (KHTML, like Gecko) Version/16.6 Mobile/15E148 Safari/604.1"
46.211.100.71 - - [15/Sep/2023:16:00:05 +0300] "GET /bundle.js HTTP/2.0" 200 90031 "https://team-911.com.ua/" "Mozilla/5.0 (iPhone; CPU iPhone OS 16_6_1 like Mac OS X) AppleWebKit/605.1.15 (KHTML, like Gecko) Version/16.6 Mobile/15E148 Safari/604.1"
159.224.94.133 - - [15/Sep/2023:16:00:06 +0300] "POST /rx/data.php HTTP/2.0" 200 81 "https://team-911.com.ua/secondTask" "Mozilla/5.0 (Linux; Android 10; K) AppleWebKit/537.36 (KHTML, like Gecko) Chrome/116.0.0.0 Mobile Safari/537.36"
128.124.161.11 - - [15/Sep/2023:16:00:07 +0300] "GET / HTTP/1.1" 301 169 "-" "Mozilla/5.0 (iPhone; CPU iPhone OS 16_6 like Mac OS X) AppleWebKit/605.1.15 (KHTML, like Gecko) Version/16.6 Mobile/15E148 Safari/604.1"
128.124.161.11 - - [15/Sep/2023:16:00:08 +0300] "GET / HTTP/2.0" 200 548 "-" "Mozilla/5.0 (iPhone; CPU iPhone OS 16_6 like Mac OS X) AppleWebKit/605.1.15 (KHTML, like Gecko) Version/16.6 Mobile/15E148 Safari/604.1"
128.124.161.11 - - [15/Sep/2023:16:00:08 +0300] "GET /bundle.js HTTP/2.0" 200 90031 "https://team-911.com.ua/" "Mozilla/5.0 (iPhone; CPU iPhone OS 16_6 like Mac OS X) AppleWebKit/605.1.15 (KHTML, like Gecko) Version/16.6 Mobile/15E148 Safari/604.1"
128.124.161.11 - - [15/Sep/2023:16:00:08 +0300] "GET /main.css HTTP/2.0" 200 46815 "https://team-911.com.ua/" "Mozilla/5.0 (iPhone; CPU iPhone OS 16_6 like Mac OS X) AppleWebKit/605.1.15 (KHTML, like Gecko) Version/16.6 Mobile/15E148 Safari/604.1"
94.124.162.17 - - [15/Sep/2023:16:00:23 +0300] "POST /rx/data.php HTTP/2.0" 200 81 "https://team-911.com.ua/auth" "Mozilla/5.0 (Linux; Android 10; SAMSUNG SM-A515F) AppleWebKit/537.36 (KHTML, like Gecko) SamsungBrowser/22.0 Chrome/111.0.5563.116 Mobile Safari/537.36"
89.209.36.34 - - [15/Sep/2023:16:00:23 +0300] "POST /rx/data.php HTTP/2.0" 200 81 "https://team-911.com.ua/secondTask" "Mozilla/5.0 (Linux; Android 10; K) AppleWebKit/537.36 (KHTML, like Gecko) Chrome/116.0.0.0 Mobile Safari/537.36"
140.248.37.69 - - [15/Sep/2023:16:00:25 +0300] "POST /rx/data.php HTTP/2.0" 200 81 "https://team-911.com.ua/auth" "Mozilla/5.0 (iPhone; CPU iPhone OS 16_6_1 like Mac OS X) AppleWebKit/605.1.15 (KHTML, like Gecko) Version/16.6 Mobile/15E148 Safari/604.1"
188.163.120.69 - - [15/Sep/2023:16:00:26 +0300] "GET / HTTP/2.0" 200 548 "-" "Mozilla/5.0 (Linux; Android 10; K) AppleWebKit/537.36 (KHTML, like Gecko) Chrome/117.0.0.0 Mobile Safari/537.36"
188.163.120.69 - - [15/Sep/2023:16:00:27 +0300] "GET /main.css HTTP/2.0" 200 46815 "https://team-911.com.ua/" "Mozilla/5.0 (Linux; Android 10; K) AppleWebKit/537.36 (KHTML, like Gecko) Chrome/117.0.0.0 Mobile Safari/537.36"
188.163.120.69 - - [15/Sep/2023:16:00:27 +0300] "GET /bundle.js HTTP/2.0" 200 90031 "https://team-911.com.ua/" "Mozilla/5.0 (Linux; Android 10; K) AppleWebKit/537.36 (KHTML, like Gecko) Chrome/117.0.0.0 Mobile Safari/537.36"
188.163.120.69 - - [15/Sep/2023:16:00:28 +0300] "GET /favicon.ico HTTP/2.0" 404 172 "https://team-911.com.ua/" "Mozilla/5.0 (Linux; Android 10; K) AppleWebKit/537.36 (KHTML, like Gecko) Chrome/117.0.0.0 Mobile Safari/537.36"
194.60.254.119 - - [15/Sep/2023:16:00:35 +0300] "GET / HTTP/2.0" 200 548 "-" "Mozilla/5.0 (Linux; Android 10; SAMSUNG SM-M205FN) AppleWebKit/537.36 (KHTML, like Gecko) SamsungBrowser/22.0 Chrome/111.0.5563.116 Mobile Safari/537.36"
193.138.239.117 - - [15/Sep/2023:16:00:35 +0300] "GET / HTTP/1.1" 301 169 "-" "Mozilla/5.0 (Linux; U; Android 10; ru-ru; Redmi Note 7 Build/QKQ1.190910.002) AppleWebKit/537.36 (KHTML, like Gecko) Version/4.0 Chrome/112.0.5615.136 Mobile Safari/537.36 XiaoMi/MiuiBrowser/13.36.1-gn"
193.138.239.117 - - [15/Sep/2023:16:00:36 +0300] "GET / HTTP/2.0" 200 548 "-" "Mozilla/5.0 (Linux; U; Android 10; ru-ru; Redmi Note 7 Build/QKQ1.190910.002) AppleWebKit/537.36 (KHTML, like Gecko) Version/4.0 Chrome/112.0.5615.136 Mobile Safari/537.36 XiaoMi/MiuiBrowser/13.36.1-gn"
193.138.239.117 - - [15/Sep/2023:16:00:36 +0300] "GET /main.css HTTP/2.0" 200 46815 "https://team-911.com.ua/" "Mozilla/5.0 (Linux; U; Android 10; ru-ru; Redmi Note 7 Build/QKQ1.190910.002) AppleWebKit/537.36 (KHTML, like Gecko) Version/4.0 Chrome/112.0.5615.136 Mobile Safari/537.36 XiaoMi/MiuiBrowser/13.36.1-gn"
193.138.239.117 - - [15/Sep/2023:16:00:36 +0300] "GET /bundle.js HTTP/2.0" 200 90031 "https://team-911.com.ua/" "Mozilla/5.0 (Linux; U; Android 10; ru-ru; Redmi Note 7 Build/QKQ1.190910.002) AppleWebKit/537.36 (KHTML, like Gecko) Version/4.0 Chrome/112.0.5615.136 Mobile Safari/537.36 XiaoMi/MiuiBrowser/13.36.1-gn"
194.60.254.119 - - [15/Sep/2023:16:00:38 +0300] "GET /main.css HTTP/2.0" 200 46815 "https://team-911.com.ua/" "Mozilla/5.0 (Linux; Android 10; SAMSUNG SM-M205FN) AppleWebKit/537.36 (KHTML, like Gecko) SamsungBrowser/22.0 Chrome/111.0.5563.116 Mobile Safari/537.36"
194.60.254.119 - - [15/Sep/2023:16:00:38 +0300] "GET /bundle.js HTTP/2.0" 200 90031 "https://team-911.com.ua/" "Mozilla/5.0 (Linux; Android 10; SAMSUNG SM-M205FN) AppleWebKit/537.36 (KHTML, like Gecko) SamsungBrowser/22.0 Chrome/111.0.5563.116 Mobile Safari/537.36"
193.138.239.117 - - [15/Sep/2023:16:00:39 +0300] "GET /favicon.ico HTTP/2.0" 404 172 "https://team-911.com.ua/" "Mozilla/5.0 (Linux; U; Android 10; ru-ru; Redmi Note 7 Build/QKQ1.190910.002) AppleWebKit/537.36 (KHTML, like Gecko) Version/4.0 Chrome/112.0.5615.136 Mobile Safari/537.36 XiaoMi/MiuiBrowser/13.36.1-gn"
193.138.239.117 - - [15/Sep/2023:16:00:39 +0300] "GET /favicon.ico HTTP/2.0" 404 172 "https://team-911.com.ua/" "Mozilla/5.0 (Linux; U; Android 10; ru-ru; Redmi Note 7 Build/QKQ1.190910.002) AppleWebKit/537.36 (KHTML, like Gecko) Version/4.0 Chrome/112.0.5615.136 Mobile Safari/537.36 XiaoMi/MiuiBrowser/13.36.1-gn"
194.60.254.119 - - [15/Sep/2023:16:00:39 +0300] "GET /favicon.ico HTTP/2.0" 404 172 "https://team-911.com.ua/" "Mozilla/5.0 (Linux; Android 10; SAMSUNG SM-M205FN) AppleWebKit/537.36 (KHTML, like Gecko) SamsungBrowser/22.0 Chrome/111.0.5563.116 Mobile Safari/537.36"
94.124.163.29 - - [15/Sep/2023:16:00:49 +0300] "GET / HTTP/1.1" 301 169 "-" "Mozilla/5.0 (Linux; Android 13; SAMSUNG SM-G780G) AppleWebKit/537.36 (KHTML, like Gecko) SamsungBrowser/22.0 Chrome/111.0.5563.116 Mobile Safari/537.36"
94.124.163.29 - - [15/Sep/2023:16:00:49 +0300] "GET / HTTP/2.0" 200 548 "-" "Mozilla/5.0 (Linux; Android 13; SAMSUNG SM-G780G) AppleWebKit/537.36 (KHTML, like Gecko) SamsungBrowser/22.0 Chrome/111.0.5563.116 Mobile Safari/537.36"
94.124.163.29 - - [15/Sep/2023:16:00:49 +0300] "GET /bundle.js HTTP/2.0" 200 90031 "https://team-911.com.ua/" "Mozilla/5.0 (Linux; Android 13; SAMSUNG SM-G780G) AppleWebKit/537.36 (KHTML, like Gecko) SamsungBrowser/22.0 Chrome/111.0.5563.116 Mobile Safari/537.36"
94.124.163.29 - - [15/Sep/2023:16:00:49 +0300] "GET /main.css HTTP/2.0" 200 46815 "https://team-911.com.ua/" "Mozilla/5.0 (Linux; Android 13; SAMSUNG SM-G780G) AppleWebKit/537.36 (KHTML, like Gecko) SamsungBrowser/22.0 Chrome/111.0.5563.116 Mobile Safari/537.36"
94.124.163.29 - - [15/Sep/2023:16:00:49 +0300] "GET /favicon.ico HTTP/2.0" 404 172 "https://team-911.com.ua/" "Mozilla/5.0 (Linux; Android 13; SAMSUNG SM-G780G) AppleWebKit/537.36 (KHTML, like Gecko) SamsungBrowser/22.0 Chrome/111.0.5563.116 Mobile Safari/537.36"
93.171.78.246 - - [15/Sep/2023:16:00:53 +0300] "GET / HTTP/1.1" 301 169 "-" "Mozilla/5.0 (iPhone; CPU iPhone OS 16_6_1 like Mac OS X) AppleWebKit/605.1.15 (KHTML, like Gecko) Version/16.6 Mobile/15E148 Safari/604.1"
93.171.78.246 - - [15/Sep/2023:16:00:53 +0300] "GET / HTTP/2.0" 200 548 "-" "Mozilla/5.0 (iPhone; CPU iPhone OS 16_6_1 like Mac OS X) AppleWebKit/605.1.15 (KHTML, like Gecko) Version/16.6 Mobile/15E148 Safari/604.1"
93.171.78.246 - - [15/Sep/2023:16:00:53 +0300] "GET /main.css HTTP/2.0" 200 46815 "https://team-911.com.ua/" "Mozilla/5.0 (iPhone; CPU iPhone OS 16_6_1 like Mac OS X) AppleWebKit/605.1.15 (KHTML, like Gecko) Version/16.6 Mobile/15E148 Safari/604.1"
93.171.78.246 - - [15/Sep/2023:16:00:53 +0300] "GET /bundle.js HTTP/2.0" 200 90031 "https://team-911.com.ua/" "Mozilla/5.0 (iPhone; CPU iPhone OS 16_6_1 like Mac OS X) AppleWebKit/605.1.15 (KHTML, like Gecko) Version/16.6 Mobile/15E148 Safari/604.1"
93.171.78.246 - - [15/Sep/2023:16:00:53 +0300] "GET / HTTP/2.0" 200 548 "-" "Mozilla/5.0 (iPhone; CPU iPhone OS 16_6_1 like Mac OS X) AppleWebKit/605.1.15 (KHTML, like Gecko) Version/16.6 Mobile/15E148 Safari/604.1"
93.171.78.246 - - [15/Sep/2023:16:00:53 +0300] "GET /apple-touch-icon-120x120-precomposed.png HTTP/2.0" 404 172 "-" "MobileSafari/8615.3.12.10.2 CFNetwork/1410.0.3 Darwin/22.6.0"
93.171.78.246 - - [15/Sep/2023:16:00:53 +0300] "GET /apple-touch-icon-120x120.png HTTP/2.0" 404 172 "-" "MobileSafari/8615.3.12.10.2 CFNetwork/1410.0.3 Darwin/22.6.0"
93.171.78.246 - - [15/Sep/2023:16:00:54 +0300] "GET /apple-touch-icon-precomposed.png HTTP/2.0" 404 172 "-" "MobileSafari/8615.3.12.10.2 CFNetwork/1410.0.3 Darwin/22.6.0"
93.171.78.246 - - [15/Sep/2023:16:00:54 +0300] "GET /apple-touch-icon.png HTTP/2.0" 404 172 "-" "MobileSafari/8615.3.12.10.2 CFNetwork/1410.0.3 Darwin/22.6.0"
93.171.78.246 - - [15/Sep/2023:16:00:54 +0300] "GET /favicon.ico HTTP/2.0" 404 172 "-" "MobileSafari/8615.3.12.10.2 CFNetwork/1410.0.3 Darwin/22.6.0"
93.171.78.246 - - [15/Sep/2023:16:00:54 +0300] "GET /apple-touch-icon-120x120-precomposed.png HTTP/2.0" 404 172 "-" "MobileSafari/8615.3.12.10.2 CFNetwork/1410.0.3 Darwin/22.6.0"
93.171.78.246 - - [15/Sep/2023:16:00:54 +0300] "GET /apple-touch-icon-120x120.png HTTP/2.0" 404 172 "-" "MobileSafari/8615.3.12.10.2 CFNetwork/1410.0.3 Darwin/22.6.0"
