79.98.243.66 - - [15/Sep/2023:16:14:07 +0300] "GET /main.css HTTP/2.0" 200 46815 "https://team-911.com.ua/" "Mozilla/5.0 (iPhone; CPU iPhone OS 16_6_1 like Mac OS X) AppleWebKit/605.1.15 (KHTML, like Gecko) Version/16.6 Mobile/15E148 Safari/604.1"
37.139.184.86 - - [15/Sep/2023:16:14:09 +0300] "POST /rx/data.php HTTP/2.0" 200 81 "https://team-911.com.ua/secondTask" "Mozilla/5.0 (iPhone; CPU iPhone OS 16_6_1 like Mac OS X) AppleWebKit/605.1.15 (KHTML, like Gecko) Version/16.6 Mobile/15E148 Safari/604.1"
46.211.127.212 - - [15/Sep/2023:16:14:11 +0300] "GET / HTTP/1.1" 301 169 "-" "Mozilla/5.0 (Linux; Android 13; SAMSUNG SM-G990B2) AppleWebKit/537.36 (KHTML, like Gecko) SamsungBrowser/22.0 Chrome/111.0.5563.116 Mobile Safari/537.36"
46.211.127.212 - - [15/Sep/2023:16:14:11 +0300] "GET / HTTP/2.0" 200 548 "-" "Mozilla/5.0 (Linux; Android 13; SAMSUNG SM-G990B2) AppleWebKit/537.36 (KHTML, like Gecko) SamsungBrowser/22.0 Chrome/111.0.5563.116 Mobile Safari/537.36"
46.211.19.189 - - [15/Sep/2023:16:14:12 +0300] "POST /rx/data.php HTTP/2.0" 200 81 "https://team-911.com.ua/auth" "Mozilla/5.0 (Linux; Android 10; K) AppleWebKit/537.36 (KHTML, like Gecko) Chrome/112.0.0.0 Mobile Safari/537.36"
46.211.127.212 - - [15/Sep/2023:16:14:12 +0300] "GET /main.css HTTP/2.0" 200 46815 "https://team-911.com.ua/" "Mozilla/5.0 (Linux; Android 13; SAMSUNG SM-G990B2) AppleWebKit/537.36 (KHTML, like Gecko) SamsungBrowser/22.0 Chrome/111.0.5563.116 Mobile Safari/537.36"
176.36.37.182 - - [15/Sep/2023:16:14:14 +0300] "POST /rx/data.php HTTP/2.0" 200 81 "https://team-911.com.ua/secondTask" "Mozilla/5.0 (Linux; Android 10; K) AppleWebKit/537.36 (KHTML, like Gecko) Chrome/116.0.0.0 Mobile Safari/537.36"
46.211.127.212 - - [15/Sep/2023:16:14:14 +0300] "GET /bundle.js HTTP/2.0" 200 90031 "https://team-911.com.ua/" "Mozilla/5.0 (Linux; Android 13; SAMSUNG SM-G990B2) AppleWebKit/537.36 (KHTML, like Gecko) SamsungBrowser/22.0 Chrome/111.0.5563.116 Mobile Safari/537.36"
46.133.138.27 - - [15/Sep/2023:16:14:15 +0300] "POST /rx/data.php HTTP/2.0" 200 81 "https://team-911.com.ua/auth" "Mozilla/5.0 (Linux; Android 12; V2027; wv) AppleWebKit/537.36 (KHTML, like Gecko) Version/4.0 Chrome/87.0.4280.141 Mobile Safari/537.36 VivoBrowser/8.2.2.1"
69.171.249.11 - - [15/Sep/2023:16:14:17 +0300] "GET / HTTP/2.0" 200 962 "-" "facebookexternalhit/1.1 (+http://www.facebook.com/externalhit_uatext.php)"
69.171.249.117 - - [15/Sep/2023:16:14:17 +0300] "GET / HTTP/2.0" 200 962 "-" "facebookexternalhit/1.1 (+http://www.facebook.com/externalhit_uatext.php)"
69.171.249.4 - - [15/Sep/2023:16:14:17 +0300] "GET / HTTP/2.0" 200 962 "-" "facebookexternalhit/1.1 (+http://www.facebook.com/externalhit_uatext.php)"
46.211.84.37 - - [15/Sep/2023:16:14:18 +0300] "POST /rx/data.php HTTP/2.0" 200 81 "https://team-911.com.ua/auth" "Mozilla/5.0 (Linux; Android 10; K) AppleWebKit/537.36 (KHTML, like Gecko) Chrome/112.0.0.0 Mobile Safari/537.36"
46.211.238.40 - - [15/Sep/2023:16:14:20 +0300] "POST /rx/data.php HTTP/2.0" 200 81 "https://team-911.com.ua/secondTask" "Mozilla/5.0 (Macintosh; Intel Mac OS X 10_15_7) AppleWebKit/605.1.15 (KHTML, like Gecko) Version/16.6 Safari/605.1.15"
46.211.127.212 - - [15/Sep/2023:16:14:20 +0300] "GET /favicon.ico HTTP/2.0" 404 172 "https://team-911.com.ua/" "Mozilla/5.0 (Linux; Android 13; SAMSUNG SM-G990B2) AppleWebKit/537.36 (KHTML, like Gecko) SamsungBrowser/22.0 Chrome/111.0.5563.116 Mobile Safari/537.36"
178.94.216.57 - - [15/Sep/2023:16:14:22 +0300] "GET / HTTP/1.1" 301 169 "-" "Mozilla/5.0 (Linux; Android 10; K) AppleWebKit/537.36 (KHTML, like Gecko) Chrome/115.0.0.0 Mobile Safari/537.36"
178.94.216.57 - - [15/Sep/2023:16:14:22 +0300] "GET / HTTP/2.0" 200 548 "-" "Mozilla/5.0 (Linux; Android 10; K) AppleWebKit/537.36 (KHTML, like Gecko) Chrome/115.0.0.0 Mobile Safari/537.36"
192.162.32.143 - - [15/Sep/2023:16:14:22 +0300] "POST /rx/data.php HTTP/2.0" 200 81 "https://team-911.com.ua/auth" "Mozilla/5.0 (Linux; Android 10; K) AppleWebKit/537.36 (KHTML, like Gecko) Chrome/116.0.0.0 Mobile Safari/537.36"
178.94.216.57 - - [15/Sep/2023:16:14:22 +0300] "GET /bundle.js HTTP/2.0" 200 90031 "https://team-911.com.ua/" "Mozilla/5.0 (Linux; Android 10; K) AppleWebKit/537.36 (KHTML, like Gecko) Chrome/115.0.0.0 Mobile Safari/537.36"
178.94.216.57 - - [15/Sep/2023:16:14:22 +0300] "GET /main.css HTTP/2.0" 200 46815 "https://team-911.com.ua/" "Mozilla/5.0 (Linux; Android 10; K) AppleWebKit/537.36 (KHTML, like Gecko) Chrome/115.0.0.0 Mobile Safari/537.36"
178.94.216.57 - - [15/Sep/2023:16:14:23 +0300] "GET /favicon.ico HTTP/2.0" 404 172 "https://team-911.com.ua/" "Mozilla/5.0 (Linux; Android 10; K) AppleWebKit/537.36 (KHTML, like Gecko) Chrome/115.0.0.0 Mobile Safari/537.36"
46.211.158.146 - - [15/Sep/2023:16:14:24 +0300] "POST /rx/data.php HTTP/2.0" 200 81 "https://team-911.com.ua/auth" "Mozilla/5.0 (Linux; Android 10; K) AppleWebKit/537.36 (KHTML, like Gecko) Chrome/116.0.0.0 Mobile Safari/537.36"
46.172.71.242 - - [15/Sep/2023:16:14:30 +0300] "GET / HTTP/1.1" 301 169 "-" "Mozilla/5.0 (Linux; Android 10; K) AppleWebKit/537.36 (KHTML, like Gecko) Chrome/116.0.0.0 Mobile Safari/537.36"
46.172.71.242 - - [15/Sep/2023:16:14:30 +0300] "GET / HTTP/2.0" 200 548 "-" "Mozilla/5.0 (Linux; Android 10; K) AppleWebKit/537.36 (KHTML, like Gecko) Chrome/116.0.0.0 Mobile Safari/537.36"
46.172.71.242 - - [15/Sep/2023:16:14:30 +0300] "GET /main.css HTTP/2.0" 200 46815 "https://team-911.com.ua/" "Mozilla/5.0 (Linux; Android 10; K) AppleWebKit/537.36 (KHTML, like Gecko) Chrome/116.0.0.0 Mobile Safari/537.36"
46.172.71.242 - - [15/Sep/2023:16:14:30 +0300] "GET /bundle.js HTTP/2.0" 200 90031 "https://team-911.com.ua/" "Mozilla/5.0 (Linux; Android 10; K) AppleWebKit/537.36 (KHTML, like Gecko) Chrome/116.0.0.0 Mobile Safari/537.36"
94.124.163.29 - - [15/Sep/2023:16:14:31 +0300] "POST /rx/data.php HTTP/2.0" 200 81 "https://team-911.com.ua/auth" "Mozilla/5.0 (Linux; Android 10; K) AppleWebKit/537.36 (KHTML, like Gecko) Chrome/114.0.0.0 Mobile Safari/537.36"
46.172.71.242 - - [15/Sep/2023:16:14:31 +0300] "GET /favicon.ico HTTP/2.0" 404 172 "https://team-911.com.ua/" "Mozilla/5.0 (Linux; Android 10; K) AppleWebKit/537.36 (KHTML, like Gecko) Chrome/116.0.0.0 Mobile Safari/537.36"
89.209.153.11 - - [15/Sep/2023:16:14:31 +0300] "POST /rx/data.php HTTP/2.0" 200 81 "https://team-911.com.ua/secondTask" "Mozilla/5.0 (Linux; Android 10; K) AppleWebKit/537.36 (KHTML, like Gecko) Chrome/114.0.0.0 Mobile Safari/537.36"
193.107.106.6 - - [15/Sep/2023:16:14:33 +0300] "POST /rx/data.php HTTP/2.0" 200 81 "https://team-911.com.ua/secondTask" "Mozilla/5.0 (Linux; Android 10; K) AppleWebKit/537.36 (KHTML, like Gecko) Chrome/113.0.0.0 Mobile Safari/537.36"
46.211.111.168 - - [15/Sep/2023:16:14:38 +0300] "GET / HTTP/1.1" 301 169 "-" "Mozilla/5.0 (Linux; Android 13; SAMSUNG SM-A536E) AppleWebKit/537.36 (KHTML, like Gecko) SamsungBrowser/22.0 Chrome/111.0.5563.116 Mobile Safari/537.36"
46.211.111.168 - - [15/Sep/2023:16:14:38 +0300] "GET / HTTP/2.0" 200 548 "-" "Mozilla/5.0 (Linux; Android 13; SAMSUNG SM-A536E) AppleWebKit/537.36 (KHTML, like Gecko) SamsungBrowser/22.0 Chrome/111.0.5563.116 Mobile Safari/537.36"
46.211.111.168 - - [15/Sep/2023:16:14:39 +0300] "GET /main.css HTTP/2.0" 200 46815 "https://team-911.com.ua/" "Mozilla/5.0 (Linux; Android 13; SAMSUNG SM-A536E) AppleWebKit/537.36 (KHTML, like Gecko) SamsungBrowser/22.0 Chrome/111.0.5563.116 Mobile Safari/537.36"
46.211.111.168 - - [15/Sep/2023:16:14:39 +0300] "GET /bundle.js HTTP/2.0" 200 90031 "https://team-911.com.ua/" "Mozilla/5.0 (Linux; Android 13; SAMSUNG SM-A536E) AppleWebKit/537.36 (KHTML, like Gecko) SamsungBrowser/22.0 Chrome/111.0.5563.116 Mobile Safari/537.36"
46.211.111.168 - - [15/Sep/2023:16:14:39 +0300] "GET /favicon.ico HTTP/2.0" 404 172 "https://team-911.com.ua/" "Mozilla/5.0 (Linux; Android 13; SAMSUNG SM-A536E) AppleWebKit/537.36 (KHTML, like Gecko) SamsungBrowser/22.0 Chrome/111.0.5563.116 Mobile Safari/537.36"
37.73.33.206 - - [15/Sep/2023:16:14:40 +0300] "POST /rx/data.php HTTP/2.0" 200 81 "https://team-911.com.ua/auth" "Mozilla/5.0 (Linux; Android 10; K) AppleWebKit/537.36 (KHTML, like Gecko) Chrome/114.0.0.0 Mobile Safari/537.36"
195.189.248.32 - - [15/Sep/2023:16:14:46 +0300] "GET /win HTTP/2.0" 404 172 "-" "Mozilla/5.0 (Linux; Android 10; K) AppleWebKit/537.36 (KHTML, like Gecko) Chrome/116.0.0.0 Mobile Safari/537.36"
176.105.210.30 - - [15/Sep/2023:16:14:46 +0300] "POST /rx/data.php HTTP/2.0" 200 81 "https://team-911.com.ua/secondTask" "Mozilla/5.0 (Linux; Android 13; SAMSUNG SM-M526B) AppleWebKit/537.36 (KHTML, like Gecko) SamsungBrowser/22.0 Chrome/111.0.5563.116 Mobile Safari/537.36"
88.154.53.200 - - [15/Sep/2023:16:14:47 +0300] "POST /rx/data.php HTTP/2.0" 200 81 "https://team-911.com.ua/auth" "Mozilla/5.0 (Linux; Android 10; K) AppleWebKit/537.36 (KHTML, like Gecko) Chrome/116.0.0.0 Mobile Safari/537.36"
195.138.70.38 - - [15/Sep/2023:16:14:48 +0300] "GET /win HTTP/1.1" 404 183 "https://www.google.com/" "Mozilla/5.0 (Linux; Android 10; Redmi 8) AppleWebKit/537.36 (KHTML, like Gecko) Chrome/116.0.0.0 Mobile Safari/537.36"
178.159.208.60 - - [15/Sep/2023:16:14:49 +0300] "POST /rx/data.php HTTP/2.0" 200 81 "https://team-911.com.ua/auth" "Mozilla/5.0 (Linux; Android 10; K) AppleWebKit/537.36 (KHTML, like Gecko) Chrome/116.0.0.0 Mobile Safari/537.36"
31.128.76.134 - - [15/Sep/2023:16:14:50 +0300] "GET / HTTP/1.1" 301 169 "-" "Mozilla/5.0 (iPhone; CPU iPhone OS 16_6_1 like Mac OS X) AppleWebKit/605.1.15 (KHTML, like Gecko) Version/16.6 Mobile/15E148 Safari/604.1"
31.128.76.134 - - [15/Sep/2023:16:14:51 +0300] "GET / HTTP/2.0" 200 548 "-" "Mozilla/5.0 (iPhone; CPU iPhone OS 16_6_1 like Mac OS X) AppleWebKit/605.1.15 (KHTML, like Gecko) Version/16.6 Mobile/15E148 Safari/604.1"
31.128.76.134 - - [15/Sep/2023:16:14:51 +0300] "GET /bundle.js HTTP/2.0" 200 90031 "https://team-911.com.ua/" "Mozilla/5.0 (iPhone; CPU iPhone OS 16_6_1 like Mac OS X) AppleWebKit/605.1.15 (KHTML, like Gecko) Version/16.6 Mobile/15E148 Safari/604.1"
31.128.76.134 - - [15/Sep/2023:16:14:51 +0300] "GET /main.css HTTP/2.0" 200 46815 "https://team-911.com.ua/" "Mozilla/5.0 (iPhone; CPU iPhone OS 16_6_1 like Mac OS X) AppleWebKit/605.1.15 (KHTML, like Gecko) Version/16.6 Mobile/15E148 Safari/604.1"
37.73.131.196 - - [15/Sep/2023:16:14:54 +0300] "POST /rx/data.php HTTP/2.0" 200 81 "https://team-911.com.ua/secondTask" "Mozilla/5.0 (iPhone; CPU iPhone OS 16_6 like Mac OS X) AppleWebKit/605.1.15 (KHTML, like Gecko) Version/16.6 Mobile/15E148 Safari/604.1"
31.128.76.134 - - [15/Sep/2023:16:14:56 +0300] "GET /favicon.ico HTTP/2.0" 404 172 "https://team-911.com.ua/" "Mozilla/5.0 (iPhone; CPU iPhone OS 16_6_1 like Mac OS X) AppleWebKit/605.1.15 (KHTML, like Gecko) Version/16.6 Mobile/15E148 Safari/604.1"
78.152.187.226 - - [15/Sep/2023:16:14:57 +0300] "GET / HTTP/1.1" 301 169 "-" "Mozilla/5.0 (iPhone; CPU iPhone OS 16_6 like Mac OS X) AppleWebKit/605.1.15 (KHTML, like Gecko) Version/16.6 Mobile/15E148 Safari/604.1"
78.152.187.226 - - [15/Sep/2023:16:14:57 +0300] "GET / HTTP/2.0" 200 548 "-" "Mozilla/5.0 (iPhone; CPU iPhone OS 16_6 like Mac OS X) AppleWebKit/605.1.15 (KHTML, like Gecko) Version/16.6 Mobile/15E148 Safari/604.1"
78.152.187.226 - - [15/Sep/2023:16:14:57 +0300] "GET /bundle.js HTTP/2.0" 200 90031 "https://team-911.com.ua/" "Mozilla/5.0 (iPhone; CPU iPhone OS 16_6 like Mac OS X) AppleWebKit/605.1.15 (KHTML, like Gecko) Version/16.6 Mobile/15E148 Safari/604.1"
78.152.187.226 - - [15/Sep/2023:16:14:57 +0300] "GET /main.css HTTP/2.0" 200 46815 "https://team-911.com.ua/" "Mozilla/5.0 (iPhone; CPU iPhone OS 16_6 like Mac OS X) AppleWebKit/605.1.15 (KHTML, like Gecko) Version/16.6 Mobile/15E148 Safari/604.1"
78.152.187.226 - - [15/Sep/2023:16:14:57 +0300] "GET /favicon.ico HTTP/2.0" 404 172 "https://team-911.com.ua/" "Mozilla/5.0 (iPhone; CPU iPhone OS 16_6 like Mac OS X) AppleWebKit/605.1.15 (KHTML, like Gecko) Version/16.6 Mobile/15E148 Safari/604.1"
46.211.225.229 - - [15/Sep/2023:16:14:59 +0300] "POST /rx/data.php HTTP/2.0" 200 81 "https://team-911.com.ua/auth" "Mozilla/5.0 (Linux; Android 10; K) AppleWebKit/537.36 (KHTML, like Gecko) Chrome/116.0.0.0 Mobile Safari/537.36"
88.155.8.17 - - [15/Sep/2023:16:15:00 +0300] "GET /win HTTP/2.0" 404 172 "-" "Mozilla/5.0 (Linux; U; Android 11; ru-ru; Redmi Note 8T Build/RKQ1.201004.002) AppleWebKit/537.36 (KHTML, like Gecko) Version/4.0 Chrome/112.0.5615.136 Mobile Safari/537.36 XiaoMi/MiuiBrowser/13.36.1-gn"
88.155.8.17 - - [15/Sep/2023:16:15:00 +0300] "GET /favicon.ico HTTP/2.0" 404 172 "https://team-911.com.ua/win" "Mozilla/5.0 (Linux; U; Android 11; ru-ru; Redmi Note 8T Build/RKQ1.201004.002) AppleWebKit/537.36 (KHTML, like Gecko) Version/4.0 Chrome/112.0.5615.136 Mobile Safari/537.36 XiaoMi/MiuiBrowser/13.36.1-gn"
88.155.8.17 - - [15/Sep/2023:16:15:01 +0300] "GET /secondTask HTTP/2.0" 404 172 "-" "Mozilla/5.0 (Linux; U; Android 11; ru-ru; Redmi Note 8T Build/RKQ1.201004.002) AppleWebKit/537.36 (KHTML, like Gecko) Version/4.0 Chrome/112.0.5615.136 Mobile Safari/537.36 XiaoMi/MiuiBrowser/13.36.1-gn"
88.155.8.17 - - [15/Sep/2023:16:15:03 +0300] "GET /firstTask HTTP/2.0" 404 172 "-" "Mozilla/5.0 (Linux; U; Android 11; ru-ru; Redmi Note 8T Build/RKQ1.201004.002) AppleWebKit/537.36 (KHTML, like Gecko) Version/4.0 Chrome/112.0.5615.136 Mobile Safari/537.36 XiaoMi/MiuiBrowser/13.36.1-gn"
88.155.8.17 - - [15/Sep/2023:16:15:05 +0300] "GET /firstTaskDesc HTTP/2.0" 404 172 "-" "Mozilla/5.0 (Linux; U; Android 11; ru-ru; Redmi Note 8T Build/RKQ1.201004.002) AppleWebKit/537.36 (KHTML, like Gecko) Version/4.0 Chrome/112.0.5615.136 Mobile Safari/537.36 XiaoMi/MiuiBrowser/13.36.1-gn"
89.209.105.160 - - [15/Sep/2023:16:15:05 +0300] "POST /rx/data.php HTTP/2.0" 200 81 "https://team-911.com.ua/secondTask" "Mozilla/5.0 (Linux; Android 10; K) AppleWebKit/537.36 (KHTML, like Gecko) Chrome/116.0.0.0 Mobile Safari/537.36"
88.155.18.32 - - [15/Sep/2023:16:15:05 +0300] "GET / HTTP/1.1" 301 169 "-" "Mozilla/5.0 (iPhone; CPU iPhone OS 16_6 like Mac OS X) AppleWebKit/605.1.15 (KHTML, like Gecko) Version/16.6 Mobile/15E148 Safari/604.1"
88.155.18.32 - - [15/Sep/2023:16:15:06 +0300] "GET / HTTP/2.0" 200 548 "-" "Mozilla/5.0 (iPhone; CPU iPhone OS 16_6 like Mac OS X) AppleWebKit/605.1.15 (KHTML, like Gecko) Version/16.6 Mobile/15E148 Safari/604.1"
88.155.18.32 - - [15/Sep/2023:16:15:06 +0300] "GET /bundle.js HTTP/2.0" 200 90031 "https://team-911.com.ua/" "Mozilla/5.0 (iPhone; CPU iPhone OS 16_6 like Mac OS X) AppleWebKit/605.1.15 (KHTML, like Gecko) Version/16.6 Mobile/15E148 Safari/604.1"
88.155.18.32 - - [15/Sep/2023:16:15:06 +0300] "GET /main.css HTTP/2.0" 200 46815 "https://team-911.com.ua/" "Mozilla/5.0 (iPhone; CPU iPhone OS 16_6 like Mac OS X) AppleWebKit/605.1.15 (KHTML, like Gecko) Version/16.6 Mobile/15E148 Safari/604.1"
88.155.8.17 - - [15/Sep/2023:16:15:06 +0300] "GET /auth HTTP/2.0" 404 172 "-" "Mozilla/5.0 (Linux; U; Android 11; ru-ru; Redmi Note 8T Build/RKQ1.201004.002) AppleWebKit/537.36 (KHTML, like Gecko) Version/4.0 Chrome/112.0.5615.136 Mobile Safari/537.36 XiaoMi/MiuiBrowser/13.36.1-gn"
46.96.171.5 - - [15/Sep/2023:16:15:06 +0300] "GET / HTTP/1.1" 301 169 "-" "Mozilla/5.0 (Linux; U; Android 9; ru-ru; Redmi Note 7 Build/PKQ1.180904.001) AppleWebKit/537.36 (KHTML, like Gecko) Version/4.0 Chrome/112.0.5615.136 Mobile Safari/537.36 XiaoMi/MiuiBrowser/13.35.0-gn"
46.96.171.5 - - [15/Sep/2023:16:15:07 +0300] "GET / HTTP/2.0" 200 548 "-" "Mozilla/5.0 (Linux; U; Android 9; ru-ru; Redmi Note 7 Build/PKQ1.180904.001) AppleWebKit/537.36 (KHTML, like Gecko) Version/4.0 Chrome/112.0.5615.136 Mobile Safari/537.36 XiaoMi/MiuiBrowser/13.35.0-gn"
88.155.8.17 - - [15/Sep/2023:16:15:07 +0300] "GET /description HTTP/2.0" 404 172 "-" "Mozilla/5.0 (Linux; U; Android 11; ru-ru; Redmi Note 8T Build/RKQ1.201004.002) AppleWebKit/537.36 (KHTML, like Gecko) Version/4.0 Chrome/112.0.5615.136 Mobile Safari/537.36 XiaoMi/MiuiBrowser/13.36.1-gn"
46.96.171.5 - - [15/Sep/2023:16:15:07 +0300] "GET /main.css HTTP/2.0" 200 46815 "https://team-911.com.ua/" "Mozilla/5.0 (Linux; U; Android 9; ru-ru; Redmi Note 7 Build/PKQ1.180904.001) AppleWebKit/537.36 (KHTML, like Gecko) Version/4.0 Chrome/112.0.5615.136 Mobile Safari/537.36 XiaoMi/MiuiBrowser/13.35.0-gn"
46.96.171.5 - - [15/Sep/2023:16:15:07 +0300] "GET /bundle.js HTTP/2.0" 200 90031 "https://team-911.com.ua/" "Mozilla/5.0 (Linux; U; Android 9; ru-ru; Redmi Note 7 Build/PKQ1.180904.001) AppleWebKit/537.36 (KHTML, like Gecko) Version/4.0 Chrome/112.0.5615.136 Mobile Safari/537.36 XiaoMi/MiuiBrowser/13.35.0-gn"
178.94.216.57 - - [15/Sep/2023:16:15:07 +0300] "POST /rx/data.php HTTP/2.0" 200 81 "https://team-911.com.ua/auth" "Mozilla/5.0 (Linux; Android 10; K) AppleWebKit/537.36 (KHTML, like Gecko) Chrome/115.0.0.0 Mobile Safari/537.36"
88.155.8.17 - - [15/Sep/2023:16:15:07 +0300] "GET /description HTTP/2.0" 404 172 "-" "Mozilla/5.0 (Linux; U; Android 11; ru-ru; Redmi Note 8T Build/RKQ1.201004.002) AppleWebKit/537.36 (KHTML, like Gecko) Version/4.0 Chrome/112.0.5615.136 Mobile Safari/537.36 XiaoMi/MiuiBrowser/13.36.1-gn"
46.211.68.117 - - [15/Sep/2023:16:15:08 +0300] "GET / HTTP/1.1" 301 169 "-" "Mozilla/5.0 (Linux; U; Android 10; uk-ua; MI 8 Lite Build/QKQ1.190910.002) AppleWebKit/537.36 (KHTML, like Gecko) Version/4.0 Chrome/112.0.5615.136 Mobile Safari/537.36 XiaoMi/MiuiBrowser/13.35.0-gn"
46.211.68.117 - - [15/Sep/2023:16:15:08 +0300] "GET / HTTP/2.0" 200 548 "-" "Mozilla/5.0 (Linux; U; Android 10; uk-ua; MI 8 Lite Build/QKQ1.190910.002) AppleWebKit/537.36 (KHTML, like Gecko) Version/4.0 Chrome/112.0.5615.136 Mobile Safari/537.36 XiaoMi/MiuiBrowser/13.35.0-gn"
46.211.109.2 - - [15/Sep/2023:16:15:08 +0300] "GET / HTTP/1.1" 301 169 "-" "Mozilla/5.0 (Linux; Android 10; K) AppleWebKit/537.36 (KHTML, like Gecko) Chrome/116.0.0.0 Mobile Safari/537.36"
46.211.68.117 - - [15/Sep/2023:16:15:09 +0300] "GET /main.css HTTP/2.0" 200 46815 "https://team-911.com.ua/" "Mozilla/5.0 (Linux; U; Android 10; uk-ua; MI 8 Lite Build/QKQ1.190910.002) AppleWebKit/537.36 (KHTML, like Gecko) Version/4.0 Chrome/112.0.5615.136 Mobile Safari/537.36 XiaoMi/MiuiBrowser/13.35.0-gn"
46.211.68.117 - - [15/Sep/2023:16:15:09 +0300] "GET /bundle.js HTTP/2.0" 200 90031 "https://team-911.com.ua/" "Mozilla/5.0 (Linux; U; Android 10; uk-ua; MI 8 Lite Build/QKQ1.190910.002) AppleWebKit/537.36 (KHTML, like Gecko) Version/4.0 Chrome/112.0.5615.136 Mobile Safari/537.36 XiaoMi/MiuiBrowser/13.35.0-gn"
46.96.171.5 - - [15/Sep/2023:16:15:09 +0300] "GET /favicon.ico HTTP/2.0" 404 172 "https://team-911.com.ua/" "Mozilla/5.0 (Linux; U; Android 9; ru-ru; Redmi Note 7 Build/PKQ1.180904.001) AppleWebKit/537.36 (KHTML, like Gecko) Version/4.0 Chrome/112.0.5615.136 Mobile Safari/537.36 XiaoMi/MiuiBrowser/13.35.0-gn"
46.211.109.2 - - [15/Sep/2023:16:15:09 +0300] "GET / HTTP/2.0" 200 548 "-" "Mozilla/5.0 (Linux; Android 10; K) AppleWebKit/537.36 (KHTML, like Gecko) Chrome/116.0.0.0 Mobile Safari/537.36"
46.96.171.5 - - [15/Sep/2023:16:15:09 +0300] "GET /favicon.ico HTTP/2.0" 404 172 "https://team-911.com.ua/" "Mozilla/5.0 (Linux; U; Android 9; ru-ru; Redmi Note 7 Build/PKQ1.180904.001) AppleWebKit/537.36 (KHTML, like Gecko) Version/4.0 Chrome/112.0.5615.136 Mobile Safari/537.36 XiaoMi/MiuiBrowser/13.35.0-gn"
46.211.109.2 - - [15/Sep/2023:16:15:09 +0300] "GET /main.css HTTP/2.0" 200 46815 "https://team-911.com.ua/" "Mozilla/5.0 (Linux; Android 10; K) AppleWebKit/537.36 (KHTML, like Gecko) Chrome/116.0.0.0 Mobile Safari/537.36"
46.211.109.2 - - [15/Sep/2023:16:15:09 +0300] "GET /bundle.js HTTP/2.0" 200 90031 "https://team-911.com.ua/" "Mozilla/5.0 (Linux; Android 10; K) AppleWebKit/537.36 (KHTML, like Gecko) Chrome/116.0.0.0 Mobile Safari/537.36"
79.98.243.66 - - [15/Sep/2023:16:15:09 +0300] "POST /rx/data.php HTTP/2.0" 200 81 "https://team-911.com.ua/auth" "Mozilla/5.0 (iPhone; CPU iPhone OS 16_6_1 like Mac OS X) AppleWebKit/605.1.15 (KHTML, like Gecko) Version/16.6 Mobile/15E148 Safari/604.1"
88.155.8.17 - - [15/Sep/2023:16:15:09 +0300] "GET /bundle.js HTTP/2.0" 304 0 "https://team-911.com.ua/" "Mozilla/5.0 (Linux; U; Android 11; ru-ru; Redmi Note 8T Build/RKQ1.201004.002) AppleWebKit/537.36 (KHTML, like Gecko) Version/4.0 Chrome/112.0.5615.136 Mobile Safari/537.36 XiaoMi/MiuiBrowser/13.36.1-gn"
88.155.8.17 - - [15/Sep/2023:16:15:09 +0300] "GET /main.css HTTP/2.0" 304 0 "https://team-911.com.ua/" "Mozilla/5.0 (Linux; U; Android 11; ru-ru; Redmi Note 8T Build/RKQ1.201004.002) AppleWebKit/537.36 (KHTML, like Gecko) Version/4.0 Chrome/112.0.5615.136 Mobile Safari/537.36 XiaoMi/MiuiBrowser/13.36.1-gn"
46.211.109.2 - - [15/Sep/2023:16:15:10 +0300] "GET /favicon.ico HTTP/2.0" 404 172 "https://team-911.com.ua/" "Mozilla/5.0 (Linux; Android 10; K) AppleWebKit/537.36 (KHTML, like Gecko) Chrome/116.0.0.0 Mobile Safari/537.36"
46.211.68.117 - - [15/Sep/2023:16:15:10 +0300] "GET /favicon.ico HTTP/2.0" 404 172 "https://team-911.com.ua/" "Mozilla/5.0 (Linux; U; Android 10; uk-ua; MI 8 Lite Build/QKQ1.190910.002) AppleWebKit/537.36 (KHTML, like Gecko) Version/4.0 Chrome/112.0.5615.136 Mobile Safari/537.36 XiaoMi/MiuiBrowser/13.35.0-gn"
46.211.68.117 - - [15/Sep/2023:16:15:10 +0300] "GET /favicon.ico HTTP/2.0" 404 172 "https://team-911.com.ua/" "Mozilla/5.0 (Linux; U; Android 10; uk-ua; MI 8 Lite Build/QKQ1.190910.002) AppleWebKit/537.36 (KHTML, like Gecko) Version/4.0 Chrome/112.0.5615.136 Mobile Safari/537.36 XiaoMi/MiuiBrowser/13.35.0-gn"
195.225.49.99 - - [15/Sep/2023:16:15:13 +0300] "POST /rx/data.php HTTP/2.0" 200 81 "https://team-911.com.ua/secondTask" "Mozilla/5.0 (Linux; Android 10; K) AppleWebKit/537.36 (KHTML, like Gecko) Chrome/116.0.0.0 Mobile Safari/537.36"
193.107.111.254 - - [15/Sep/2023:16:15:15 +0300] "GET / HTTP/2.0" 200 548 "-" "Mozilla/5.0 (Windows NT 10.0; Win64; x64) AppleWebKit/537.36 (KHTML, like Gecko) Chrome/108.0.5359.98 Safari/537.36"
94.124.163.29 - - [15/Sep/2023:16:15:15 +0300] "GET / HTTP/2.0" 200 548 "-" "Mozilla/5.0 (Windows NT 10.0; Win64; x64) AppleWebKit/537.36 (KHTML, like Gecko) Chrome/108.0.5359.98 Safari/537.36"
46.211.158.146 - - [15/Sep/2023:16:15:16 +0300] "GET /firstTask HTTP/2.0" 404 172 "-" "Mozilla/5.0 (Linux; Android 10; K) AppleWebKit/537.36 (KHTML, like Gecko) Chrome/116.0.0.0 Mobile Safari/537.36"
176.36.37.182 - - [15/Sep/2023:16:15:17 +0300] "GET /win HTTP/2.0" 404 172 "-" "Mozilla/5.0 (Linux; Android 10; K) AppleWebKit/537.36 (KHTML, like Gecko) Chrome/116.0.0.0 Mobile Safari/537.36"
176.36.37.182 - - [15/Sep/2023:16:15:18 +0300] "GET /win HTTP/2.0" 404 172 "-" "Mozilla/5.0 (Linux; Android 10; K) AppleWebKit/537.36 (KHTML, like Gecko) Chrome/116.0.0.0 Mobile Safari/537.36"
46.211.111.168 - - [15/Sep/2023:16:15:22 +0300] "POST /rx/data.php HTTP/2.0" 200 81 "https://team-911.com.ua/auth" "Mozilla/5.0 (Linux; Android 13; SAMSUNG SM-A536E) AppleWebKit/537.36 (KHTML, like Gecko) SamsungBrowser/22.0 Chrome/111.0.5563.116 Mobile Safari/537.36"
46.211.127.212 - - [15/Sep/2023:16:15:23 +0300] "POST /rx/data.php HTTP/2.0" 200 81 "https://team-911.com.ua/auth" "Mozilla/5.0 (Linux; Android 13; SAMSUNG SM-G990B2) AppleWebKit/537.36 (KHTML, like Gecko) SamsungBrowser/22.0 Chrome/111.0.5563.116 Mobile Safari/537.36"
46.211.251.91 - - [15/Sep/2023:16:15:25 +0300] "POST /rx/data.php HTTP/2.0" 200 81 "https://team-911.com.ua/secondTask" "Mozilla/5.0 (iPhone; CPU iPhone OS 16_6 like Mac OS X) AppleWebKit/605.1.15 (KHTML, like Gecko) Version/16.6 Mobile/15E148 Safari/604.1"
193.105.62.37 - - [15/Sep/2023:16:15:27 +0300] "GET / HTTP/1.1" 301 169 "-" "Mozilla/5.0 (Linux; Android 10; K) AppleWebKit/537.36 (KHTML, like Gecko) Chrome/116.0.0.0 Mobile Safari/537.36"
193.105.62.37 - - [15/Sep/2023:16:15:27 +0300] "GET / HTTP/2.0" 200 548 "-" "Mozilla/5.0 (Linux; Android 10; K) AppleWebKit/537.36 (KHTML, like Gecko) Chrome/116.0.0.0 Mobile Safari/537.36"
193.105.62.37 - - [15/Sep/2023:16:15:27 +0300] "GET /bundle.js HTTP/2.0" 200 90031 "https://team-911.com.ua/" "Mozilla/5.0 (Linux; Android 10; K) AppleWebKit/537.36 (KHTML, like Gecko) Chrome/116.0.0.0 Mobile Safari/537.36"
193.105.62.37 - - [15/Sep/2023:16:15:27 +0300] "GET /main.css HTTP/2.0" 200 46815 "https://team-911.com.ua/" "Mozilla/5.0 (Linux; Android 10; K) AppleWebKit/537.36 (KHTML, like Gecko) Chrome/116.0.0.0 Mobile Safari/537.36"
193.105.62.37 - - [15/Sep/2023:16:15:28 +0300] "GET /favicon.ico HTTP/2.0" 404 172 "https://team-911.com.ua/" "Mozilla/5.0 (Linux; Android 10; K) AppleWebKit/537.36 (KHTML, like Gecko) Chrome/116.0.0.0 Mobile Safari/537.36"
188.163.30.96 - - [15/Sep/2023:16:15:31 +0300] "POST /rx/data.php HTTP/2.0" 200 81 "https://team-911.com.ua/secondTask" "Mozilla/5.0 (Linux; Android 10; K) AppleWebKit/537.36 (KHTML, like Gecko) Chrome/116.0.0.0 Mobile Safari/537.36"
46.211.238.40 - - [15/Sep/2023:16:15:31 +0300] "POST /rx/data.php HTTP/2.0" 200 81 "https://team-911.com.ua/secondTask" "Mozilla/5.0 (Macintosh; Intel Mac OS X 10_15_7) AppleWebKit/605.1.15 (KHTML, like Gecko) Version/16.6 Safari/605.1.15"
77.120.140.204 - - [15/Sep/2023:16:15:32 +0300] "POST /rx/data.php HTTP/2.0" 200 81 "https://team-911.com.ua/secondTask" "Mozilla/5.0 (iPhone; CPU iPhone OS 16_6_1 like Mac OS X) AppleWebKit/605.1.15 (KHTML, like Gecko) Version/16.6 Mobile/15E148 Safari/604.1"
31.128.162.178 - - [15/Sep/2023:16:15:33 +0300] "GET /secondTask HTTP/2.0" 404 172 "-" "Mozilla/5.0 (Linux; Android 13; SM-A715F Build/TP1A.220624.014; wv) AppleWebKit/537.36 (KHTML, like Gecko) Version/4.0 Chrome/116.0.0.0 Mobile Safari/537.36"
194.242.99.25 - - [15/Sep/2023:16:15:33 +0300] "POST /rx/data.php HTTP/2.0" 200 81 "https://team-911.com.ua/secondTask" "Mozilla/5.0 (Linux; Android 10; K) AppleWebKit/537.36 (KHTML, like Gecko) Chrome/117.0.0.0 Mobile Safari/537.36"
31.128.162.178 - - [15/Sep/2023:16:15:34 +0300] "GET /secondTask HTTP/2.0" 404 172 "-" "Mozilla/5.0 (Linux; Android 13; SM-A715F Build/TP1A.220624.014; wv) AppleWebKit/537.36 (KHTML, like Gecko) Version/4.0 Chrome/116.0.0.0 Mobile Safari/537.36"
178.133.32.172 - - [15/Sep/2023:16:15:38 +0300] "POST /rx/data.php HTTP/2.0" 200 81 "https://team-911.com.ua/secondTask" "Mozilla/5.0 (iPhone; CPU iPhone OS 16_6_1 like Mac OS X) AppleWebKit/605.1.15 (KHTML, like Gecko) Version/16.6 Mobile/15E148 Safari/604.1"
88.154.53.200 - - [15/Sep/2023:16:15:40 +0300] "GET /firstTask HTTP/2.0" 404 172 "-" "Mozilla/5.0 (X11; Linux x86_64) AppleWebKit/537.36 (KHTML, like Gecko) Chrome/116.0.0.0 Safari/537.36"
88.154.53.200 - - [15/Sep/2023:16:15:42 +0300] "GET /firstTask HTTP/2.0" 404 172 "-" "Mozilla/5.0 (X11; Linux x86_64) AppleWebKit/537.36 (KHTML, like Gecko) Chrome/116.0.0.0 Safari/537.36"
95.47.249.117 - - [15/Sep/2023:16:15:42 +0300] "GET / HTTP/1.1" 301 169 "-" "Mozilla/5.0 (iPhone; CPU iPhone OS 16_6 like Mac OS X) AppleWebKit/605.1.15 (KHTML, like Gecko) Version/16.6 Mobile/15E148 Safari/604.1"
95.47.249.117 - - [15/Sep/2023:16:15:42 +0300] "GET / HTTP/2.0" 200 548 "-" "Mozilla/5.0 (iPhone; CPU iPhone OS 16_6 like Mac OS X) AppleWebKit/605.1.15 (KHTML, like Gecko) Version/16.6 Mobile/15E148 Safari/604.1"
95.47.249.117 - - [15/Sep/2023:16:15:42 +0300] "GET /bundle.js HTTP/2.0" 200 90031 "https://team-911.com.ua/" "Mozilla/5.0 (iPhone; CPU iPhone OS 16_6 like Mac OS X) AppleWebKit/605.1.15 (KHTML, like Gecko) Version/16.6 Mobile/15E148 Safari/604.1"
95.47.249.117 - - [15/Sep/2023:16:15:42 +0300] "GET /main.css HTTP/2.0" 200 46815 "https://team-911.com.ua/" "Mozilla/5.0 (iPhone; CPU iPhone OS 16_6 like Mac OS X) AppleWebKit/605.1.15 (KHTML, like Gecko) Version/16.6 Mobile/15E148 Safari/604.1"
37.73.131.196 - - [15/Sep/2023:16:15:42 +0300] "GET /win HTTP/2.0" 404 172 "-" "Mozilla/5.0 (iPhone; CPU iPhone OS 16_6 like Mac OS X) AppleWebKit/605.1.15 (KHTML, like Gecko) Version/16.6 Mobile/15E148 Safari/604.1"
46.172.71.242 - - [15/Sep/2023:16:15:43 +0300] "POST /rx/data.php HTTP/2.0" 200 81 "https://team-911.com.ua/auth" "Mozilla/5.0 (Linux; Android 10; K) AppleWebKit/537.36 (KHTML, like Gecko) Chrome/116.0.0.0 Mobile Safari/537.36"
193.201.216.66 - - [15/Sep/2023:16:15:44 +0300] "GET / HTTP/1.1" 301 169 "-" "Mozilla/5.0 (Linux; Android 11; 22011119UY) AppleWebKit/537.36 (KHTML, like Gecko) Chrome/115.0.5790.167 Mobile Safari/537.36 OPR/77.1.4095.74475"
193.201.216.66 - - [15/Sep/2023:16:15:44 +0300] "GET / HTTP/2.0" 200 548 "-" "Mozilla/5.0 (Linux; Android 11; 22011119UY) AppleWebKit/537.36 (KHTML, like Gecko) Chrome/115.0.5790.167 Mobile Safari/537.36 OPR/77.1.4095.74475"
193.201.216.66 - - [15/Sep/2023:16:15:44 +0300] "GET /main.css HTTP/2.0" 200 46815 "https://team-911.com.ua/" "Mozilla/5.0 (Linux; Android 11; 22011119UY) AppleWebKit/537.36 (KHTML, like Gecko) Chrome/115.0.5790.167 Mobile Safari/537.36 OPR/77.1.4095.74475"
193.201.216.66 - - [15/Sep/2023:16:15:44 +0300] "GET /bundle.js HTTP/2.0" 200 90031 "https://team-911.com.ua/" "Mozilla/5.0 (Linux; Android 11; 22011119UY) AppleWebKit/537.36 (KHTML, like Gecko) Chrome/115.0.5790.167 Mobile Safari/537.36 OPR/77.1.4095.74475"
88.154.53.200 - - [15/Sep/2023:16:15:44 +0300] "GET /firstTask HTTP/2.0" 404 172 "-" "Mozilla/5.0 (Linux; Android 10; K) AppleWebKit/537.36 (KHTML, like Gecko) Chrome/116.0.0.0 Mobile Safari/537.36"
31.128.162.178 - - [15/Sep/2023:16:15:45 +0300] "GET / HTTP/2.0" 304 0 "-" "Mozilla/5.0 (Linux; Android 13; SM-A715F Build/TP1A.220624.014; wv) AppleWebKit/537.36 (KHTML, like Gecko) Version/4.0 Chrome/116.0.0.0 Mobile Safari/537.36"
31.128.162.178 - - [15/Sep/2023:16:15:45 +0300] "GET /bundle.js HTTP/2.0" 304 0 "https://team-911.com.ua/" "Mozilla/5.0 (Linux; Android 13; SM-A715F Build/TP1A.220624.014; wv) AppleWebKit/537.36 (KHTML, like Gecko) Version/4.0 Chrome/116.0.0.0 Mobile Safari/537.36"
31.128.162.178 - - [15/Sep/2023:16:15:45 +0300] "GET /main.css HTTP/2.0" 304 0 "https://team-911.com.ua/" "Mozilla/5.0 (Linux; Android 13; SM-A715F Build/TP1A.220624.014; wv) AppleWebKit/537.36 (KHTML, like Gecko) Version/4.0 Chrome/116.0.0.0 Mobile Safari/537.36"
31.128.162.178 - - [15/Sep/2023:16:15:45 +0300] "GET / HTTP/2.0" 499 0 "-" "Mozilla/5.0 (Linux; Android 13; SM-A715F Build/TP1A.220624.014; wv) AppleWebKit/537.36 (KHTML, like Gecko) Version/4.0 Chrome/116.0.0.0 Mobile Safari/537.36"
31.128.162.178 - - [15/Sep/2023:16:15:45 +0300] "GET /favicon.ico HTTP/2.0" 404 172 "https://team-911.com.ua/" "Mozilla/5.0 (Linux; Android 13; SM-A715F Build/TP1A.220624.014; wv) AppleWebKit/537.36 (KHTML, like Gecko) Version/4.0 Chrome/116.0.0.0 Mobile Safari/537.36"
31.128.162.178 - - [15/Sep/2023:16:15:45 +0300] "GET / HTTP/2.0" 499 0 "-" "Mozilla/5.0 (Linux; Android 13; SM-A715F Build/TP1A.220624.014; wv) AppleWebKit/537.36 (KHTML, like Gecko) Version/4.0 Chrome/116.0.0.0 Mobile Safari/537.36"
31.128.162.178 - - [15/Sep/2023:16:15:45 +0300] "GET /favicon.ico HTTP/2.0" 404 172 "https://team-911.com.ua/" "Mozilla/5.0 (Linux; Android 13; SM-A715F Build/TP1A.220624.014; wv) AppleWebKit/537.36 (KHTML, like Gecko) Version/4.0 Chrome/116.0.0.0 Mobile Safari/537.36"
31.128.162.178 - - [15/Sep/2023:16:15:45 +0300] "GET / HTTP/2.0" 499 0 "-" "Mozilla/5.0 (Linux; Android 13; SM-A715F Build/TP1A.220624.014; wv) AppleWebKit/537.36 (KHTML, like Gecko) Version/4.0 Chrome/116.0.0.0 Mobile Safari/537.36"
31.128.162.178 - - [15/Sep/2023:16:15:45 +0300] "GET / HTTP/2.0" 499 0 "-" "Mozilla/5.0 (Linux; Android 13; SM-A715F Build/TP1A.220624.014; wv) AppleWebKit/537.36 (KHTML, like Gecko) Version/4.0 Chrome/116.0.0.0 Mobile Safari/537.36"
31.128.162.178 - - [15/Sep/2023:16:15:45 +0300] "GET / HTTP/2.0" 499 0 "-" "Mozilla/5.0 (Linux; Android 13; SM-A715F Build/TP1A.220624.014; wv) AppleWebKit/537.36 (KHTML, like Gecko) Version/4.0 Chrome/116.0.0.0 Mobile Safari/537.36"
31.128.162.178 - - [15/Sep/2023:16:15:45 +0300] "GET / HTTP/2.0" 200 548 "-" "Mozilla/5.0 (Linux; Android 13; SM-A715F Build/TP1A.220624.014; wv) AppleWebKit/537.36 (KHTML, like Gecko) Version/4.0 Chrome/116.0.0.0 Mobile Safari/537.36"
88.154.53.200 - - [15/Sep/2023:16:15:46 +0300] "GET /firstTask HTTP/2.0" 404 172 "-" "Mozilla/5.0 (Linux; Android 10; K) AppleWebKit/537.36 (KHTML, like Gecko) Chrome/116.0.0.0 Mobile Safari/537.36"
77.75.150.155 - - [15/Sep/2023:16:15:49 +0300] "GET / HTTP/2.0" 200 548 "-" "Mozilla/5.0 (Linux; Android 10; K) AppleWebKit/537.36 (KHTML, like Gecko) Chrome/117.0.0.0 Mobile Safari/537.36"
77.75.150.155 - - [15/Sep/2023:16:15:49 +0300] "GET /main.css HTTP/2.0" 200 46815 "https://team-911.com.ua/" "Mozilla/5.0 (Linux; Android 10; K) AppleWebKit/537.36 (KHTML, like Gecko) Chrome/117.0.0.0 Mobile Safari/537.36"
77.75.150.155 - - [15/Sep/2023:16:15:49 +0300] "GET /bundle.js HTTP/2.0" 200 90031 "https://team-911.com.ua/" "Mozilla/5.0 (Linux; Android 10; K) AppleWebKit/537.36 (KHTML, like Gecko) Chrome/117.0.0.0 Mobile Safari/537.36"
77.75.150.155 - - [15/Sep/2023:16:15:49 +0300] "GET /favicon.ico HTTP/2.0" 404 172 "https://team-911.com.ua/" "Mozilla/5.0 (Linux; Android 10; K) AppleWebKit/537.36 (KHTML, like Gecko) Chrome/117.0.0.0 Mobile Safari/537.36"
79.110.134.183 - - [15/Sep/2023:16:15:53 +0300] "GET / HTTP/1.1" 301 169 "-" "Mozilla/5.0 (iPhone; CPU iPhone OS 16_6_1 like Mac OS X) AppleWebKit/605.1.15 (KHTML, like Gecko) Version/16.6 Mobile/15E148 Safari/604.1"
79.110.134.183 - - [15/Sep/2023:16:15:53 +0300] "GET / HTTP/2.0" 200 548 "-" "Mozilla/5.0 (iPhone; CPU iPhone OS 16_6_1 like Mac OS X) AppleWebKit/605.1.15 (KHTML, like Gecko) Version/16.6 Mobile/15E148 Safari/604.1"
79.110.134.183 - - [15/Sep/2023:16:15:53 +0300] "GET /bundle.js HTTP/2.0" 200 90031 "https://team-911.com.ua/" "Mozilla/5.0 (iPhone; CPU iPhone OS 16_6_1 like Mac OS X) AppleWebKit/605.1.15 (KHTML, like Gecko) Version/16.6 Mobile/15E148 Safari/604.1"
79.110.134.183 - - [15/Sep/2023:16:15:53 +0300] "GET /main.css HTTP/2.0" 200 46815 "https://team-911.com.ua/" "Mozilla/5.0 (iPhone; CPU iPhone OS 16_6_1 like Mac OS X) AppleWebKit/605.1.15 (KHTML, like Gecko) Version/16.6 Mobile/15E148 Safari/604.1"
45.128.188.2 - - [15/Sep/2023:16:15:55 +0300] "GET / HTTP/1.1" 200 560 "-" "ViberUrlDownloader"
89.209.105.160 - - [15/Sep/2023:16:15:55 +0300] "POST /rx/data.php HTTP/2.0" 200 81 "https://team-911.com.ua/secondTask" "Mozilla/5.0 (Linux; Android 10; K) AppleWebKit/537.36 (KHTML, like Gecko) Chrome/116.0.0.0 Mobile Safari/537.36"
37.73.16.210 - - [15/Sep/2023:16:15:56 +0300] "GET / HTTP/1.1" 301 169 "-" "Mozilla/5.0 (iPhone; CPU iPhone OS 16_6_1 like Mac OS X) AppleWebKit/605.1.15 (KHTML, like Gecko) Version/16.6 Mobile/15E148 Safari/604.1"
46.98.151.69 - - [15/Sep/2023:16:15:56 +0300] "GET / HTTP/1.1" 301 169 "-" "Mozilla/5.0 (iPhone; CPU iPhone OS 16_6_1 like Mac OS X) AppleWebKit/605.1.15 (KHTML, like Gecko) Version/16.6 Mobile/15E148 Safari/604.1"
46.98.151.69 - - [15/Sep/2023:16:15:57 +0300] "GET / HTTP/2.0" 200 548 "-" "Mozilla/5.0 (iPhone; CPU iPhone OS 16_6_1 like Mac OS X) AppleWebKit/605.1.15 (KHTML, like Gecko) Version/16.6 Mobile/15E148 Safari/604.1"
37.73.16.210 - - [15/Sep/2023:16:15:57 +0300] "GET / HTTP/2.0" 200 548 "-" "Mozilla/5.0 (iPhone; CPU iPhone OS 16_6_1 like Mac OS X) AppleWebKit/605.1.15 (KHTML, like Gecko) Version/16.6 Mobile/15E148 Safari/604.1"
46.98.151.69 - - [15/Sep/2023:16:15:57 +0300] "GET /bundle.js HTTP/2.0" 200 90031 "https://team-911.com.ua/" "Mozilla/5.0 (iPhone; CPU iPhone OS 16_6_1 like Mac OS X) AppleWebKit/605.1.15 (KHTML, like Gecko) Version/16.6 Mobile/15E148 Safari/604.1"
46.98.151.69 - - [15/Sep/2023:16:15:57 +0300] "GET /main.css HTTP/2.0" 200 46815 "https://team-911.com.ua/" "Mozilla/5.0 (iPhone; CPU iPhone OS 16_6_1 like Mac OS X) AppleWebKit/605.1.15 (KHTML, like Gecko) Version/16.6 Mobile/15E148 Safari/604.1"
37.73.16.210 - - [15/Sep/2023:16:15:57 +0300] "GET /bundle.js HTTP/2.0" 200 90031 "https://team-911.com.ua/" "Mozilla/5.0 (iPhone; CPU iPhone OS 16_6_1 like Mac OS X) AppleWebKit/605.1.15 (KHTML, like Gecko) Version/16.6 Mobile/15E148 Safari/604.1"
37.73.16.210 - - [15/Sep/2023:16:15:57 +0300] "GET /main.css HTTP/2.0" 200 46815 "https://team-911.com.ua/" "Mozilla/5.0 (iPhone; CPU iPhone OS 16_6_1 like Mac OS X) AppleWebKit/605.1.15 (KHTML, like Gecko) Version/16.6 Mobile/15E148 Safari/604.1"
46.211.243.80 - - [15/Sep/2023:16:16:04 +0300] "GET / HTTP/1.1" 301 169 "-" "Mozilla/5.0 (iPhone; CPU iPhone OS 16_6 like Mac OS X) AppleWebKit/605.1.15 (KHTML, like Gecko) Version/16.6 Mobile/15E148 Safari/604.1"
46.211.243.80 - - [15/Sep/2023:16:16:04 +0300] "GET / HTTP/2.0" 200 548 "-" "Mozilla/5.0 (iPhone; CPU iPhone OS 16_6 like Mac OS X) AppleWebKit/605.1.15 (KHTML, like Gecko) Version/16.6 Mobile/15E148 Safari/604.1"
128.124.88.1 - - [15/Sep/2023:16:16:04 +0300] "GET / HTTP/1.1" 301 169 "-" "Mozilla/5.0 (iPhone; CPU iPhone OS 16_6_1 like Mac OS X) AppleWebKit/605.1.15 (KHTML, like Gecko) Version/16.6 Mobile/15E148 Safari/604.1"
46.211.243.80 - - [15/Sep/2023:16:16:05 +0300] "GET /bundle.js HTTP/2.0" 200 90031 "https://team-911.com.ua/" "Mozilla/5.0 (iPhone; CPU iPhone OS 16_6 like Mac OS X) AppleWebKit/605.1.15 (KHTML, like Gecko) Version/16.6 Mobile/15E148 Safari/604.1"
46.211.109.2 - - [15/Sep/2023:16:16:05 +0300] "POST /rx/data.php HTTP/2.0" 200 81 "https://team-911.com.ua/auth" "Mozilla/5.0 (Linux; Android 10; K) AppleWebKit/537.36 (KHTML, like Gecko) Chrome/116.0.0.0 Mobile Safari/537.36"
46.211.243.80 - - [15/Sep/2023:16:16:05 +0300] "GET /main.css HTTP/2.0" 200 46815 "https://team-911.com.ua/" "Mozilla/5.0 (iPhone; CPU iPhone OS 16_6 like Mac OS X) AppleWebKit/605.1.15 (KHTML, like Gecko) Version/16.6 Mobile/15E148 Safari/604.1"
128.124.88.1 - - [15/Sep/2023:16:16:05 +0300] "GET / HTTP/2.0" 200 548 "-" "Mozilla/5.0 (iPhone; CPU iPhone OS 16_6_1 like Mac OS X) AppleWebKit/605.1.15 (KHTML, like Gecko) Version/16.6 Mobile/15E148 Safari/604.1"
128.124.88.1 - - [15/Sep/2023:16:16:05 +0300] "GET /bundle.js HTTP/2.0" 200 90031 "https://team-911.com.ua/" "Mozilla/5.0 (iPhone; CPU iPhone OS 16_6_1 like Mac OS X) AppleWebKit/605.1.15 (KHTML, like Gecko) Version/16.6 Mobile/15E148 Safari/604.1"
128.124.88.1 - - [15/Sep/2023:16:16:05 +0300] "GET /main.css HTTP/2.0" 200 46815 "https://team-911.com.ua/" "Mozilla/5.0 (iPhone; CPU iPhone OS 16_6_1 like Mac OS X) AppleWebKit/605.1.15 (KHTML, like Gecko) Version/16.6 Mobile/15E148 Safari/604.1"
94.124.163.29 - - [15/Sep/2023:16:16:05 +0300] "GET / HTTP/1.1" 301 169 "-" "Mozilla/5.0 (Linux; Android 10; K) AppleWebKit/537.36 (KHTML, like Gecko) Chrome/116.0.0.0 Mobile Safari/537.36"
94.124.163.29 - - [15/Sep/2023:16:16:05 +0300] "GET / HTTP/2.0" 200 548 "-" "Mozilla/5.0 (Linux; Android 10; K) AppleWebKit/537.36 (KHTML, like Gecko) Chrome/116.0.0.0 Mobile Safari/537.36"
94.124.163.29 - - [15/Sep/2023:16:16:05 +0300] "GET /bundle.js HTTP/2.0" 200 90031 "https://team-911.com.ua/" "Mozilla/5.0 (Linux; Android 10; K) AppleWebKit/537.36 (KHTML, like Gecko) Chrome/116.0.0.0 Mobile Safari/537.36"
94.124.163.29 - - [15/Sep/2023:16:16:05 +0300] "GET /main.css HTTP/2.0" 200 46815 "https://team-911.com.ua/" "Mozilla/5.0 (Linux; Android 10; K) AppleWebKit/537.36 (KHTML, like Gecko) Chrome/116.0.0.0 Mobile Safari/537.36"
94.124.163.29 - - [15/Sep/2023:16:16:06 +0300] "GET / HTTP/1.1" 301 169 "-" "Mozilla/5.0 (Linux; Android 13; SAMSUNG SM-G991B) AppleWebKit/537.36 (KHTML, like Gecko) SamsungBrowser/22.0 Chrome/111.0.5563.116 Mobile Safari/537.36"
94.124.163.29 - - [15/Sep/2023:16:16:06 +0300] "GET / HTTP/2.0" 200 548 "-" "Mozilla/5.0 (Linux; Android 13; SAMSUNG SM-G991B) AppleWebKit/537.36 (KHTML, like Gecko) SamsungBrowser/22.0 Chrome/111.0.5563.116 Mobile Safari/537.36"
94.124.163.29 - - [15/Sep/2023:16:16:06 +0300] "GET /main.css HTTP/2.0" 200 46815 "https://team-911.com.ua/" "Mozilla/5.0 (Linux; Android 13; SAMSUNG SM-G991B) AppleWebKit/537.36 (KHTML, like Gecko) SamsungBrowser/22.0 Chrome/111.0.5563.116 Mobile Safari/537.36"
94.124.163.29 - - [15/Sep/2023:16:16:06 +0300] "GET /bundle.js HTTP/2.0" 200 90031 "https://team-911.com.ua/" "Mozilla/5.0 (Linux; Android 13; SAMSUNG SM-G991B) AppleWebKit/537.36 (KHTML, like Gecko) SamsungBrowser/22.0 Chrome/111.0.5563.116 Mobile Safari/537.36"
94.124.163.29 - - [15/Sep/2023:16:16:06 +0300] "GET /favicon.ico HTTP/2.0" 404 172 "https://team-911.com.ua/" "Mozilla/5.0 (Linux; Android 13; SAMSUNG SM-G991B) AppleWebKit/537.36 (KHTML, like Gecko) SamsungBrowser/22.0 Chrome/111.0.5563.116 Mobile Safari/537.36"
94.124.163.29 - - [15/Sep/2023:16:16:06 +0300] "GET /favicon.ico HTTP/2.0" 404 172 "https://team-911.com.ua/" "Mozilla/5.0 (Linux; Android 10; K) AppleWebKit/537.36 (KHTML, like Gecko) Chrome/116.0.0.0 Mobile Safari/537.36"
128.124.88.1 - - [15/Sep/2023:16:16:06 +0300] "GET /favicon.ico HTTP/2.0" 404 172 "https://team-911.com.ua/" "Mozilla/5.0 (iPhone; CPU iPhone OS 16_6_1 like Mac OS X) AppleWebKit/605.1.15 (KHTML, like Gecko) Version/16.6 Mobile/15E148 Safari/604.1"
188.239.235.9 - - [15/Sep/2023:16:16:07 +0300] "POST /rx/data.php HTTP/2.0" 200 81 "https://team-911.com.ua/secondTask" "Mozilla/5.0 (Linux; Android 10; K) AppleWebKit/537.36 (KHTML, like Gecko) Chrome/116.0.0.0 Mobile Safari/537.36"
46.211.243.80 - - [15/Sep/2023:16:16:07 +0300] "GET /favicon.ico HTTP/2.0" 404 172 "https://team-911.com.ua/" "Mozilla/5.0 (iPhone; CPU iPhone OS 16_6 like Mac OS X) AppleWebKit/605.1.15 (KHTML, like Gecko) Version/16.6 Mobile/15E148 Safari/604.1"
45.132.58.49 - - [15/Sep/2023:16:16:08 +0300] "POST /rx/data.php HTTP/2.0" 200 81 "https://team-911.com.ua/secondTask" "Mozilla/5.0 (iPhone; CPU iPhone OS 16_6_1 like Mac OS X) AppleWebKit/605.1.15 (KHTML, like Gecko) Version/16.6 Mobile/15E148 Safari/604.1"
46.211.240.96 - - [15/Sep/2023:16:16:08 +0300] "POST /rx/data.php HTTP/2.0" 200 81 "https://team-911.com.ua/auth" "Mozilla/5.0 (Linux; Android 10; K) AppleWebKit/537.36 (KHTML, like Gecko) Chrome/116.0.0.0 Mobile Safari/537.36"
82.144.203.180 - - [15/Sep/2023:16:16:09 +0300] "GET / HTTP/2.0" 200 548 "-" "Mozilla/5.0 (Linux; Android 10; K) AppleWebKit/537.36 (KHTML, like Gecko) Chrome/116.0.0.0 Mobile Safari/537.36"
82.144.203.180 - - [15/Sep/2023:16:16:09 +0300] "GET /main.css HTTP/2.0" 200 46815 "https://team-911.com.ua/" "Mozilla/5.0 (Linux; Android 10; K) AppleWebKit/537.36 (KHTML, like Gecko) Chrome/116.0.0.0 Mobile Safari/537.36"
82.144.203.180 - - [15/Sep/2023:16:16:09 +0300] "GET /bundle.js HTTP/2.0" 200 90031 "https://team-911.com.ua/" "Mozilla/5.0 (Linux; Android 10; K) AppleWebKit/537.36 (KHTML, like Gecko) Chrome/116.0.0.0 Mobile Safari/537.36"
82.144.203.180 - - [15/Sep/2023:16:16:10 +0300] "GET /favicon.ico HTTP/2.0" 404 172 "https://team-911.com.ua/" "Mozilla/5.0 (Linux; Android 10; K) AppleWebKit/537.36 (KHTML, like Gecko) Chrome/116.0.0.0 Mobile Safari/537.36"
46.211.251.91 - - [15/Sep/2023:16:16:13 +0300] "POST /rx/data.php HTTP/2.0" 200 81 "https://team-911.com.ua/secondTask" "Mozilla/5.0 (iPhone; CPU iPhone OS 16_6 like Mac OS X) AppleWebKit/605.1.15 (KHTML, like Gecko) Version/16.6 Mobile/15E148 Safari/604.1"
46.174.247.5 - - [15/Sep/2023:16:16:13 +0300] "GET / HTTP/1.1" 301 169 "-" "Mozilla/5.0 (iPhone; CPU iPhone OS 16_6_1 like Mac OS X) AppleWebKit/605.1.15 (KHTML, like Gecko) Version/16.6 Mobile/15E148 Safari/604.1"
193.194.124.159 - - [15/Sep/2023:16:16:13 +0300] "GET / HTTP/2.0" 200 548 "-" "Mozilla/5.0 (Windows NT 10.0; Win64; x64) AppleWebKit/537.36 (KHTML, like Gecko) Chrome/108.0.5359.98 Safari/537.36"
46.174.247.5 - - [15/Sep/2023:16:16:13 +0300] "GET / HTTP/2.0" 200 548 "-" "Mozilla/5.0 (iPhone; CPU iPhone OS 16_6_1 like Mac OS X) AppleWebKit/605.1.15 (KHTML, like Gecko) Version/16.6 Mobile/15E148 Safari/604.1"
46.174.247.5 - - [15/Sep/2023:16:16:14 +0300] "GET /bundle.js HTTP/2.0" 200 90031 "https://team-911.com.ua/" "Mozilla/5.0 (iPhone; CPU iPhone OS 16_6_1 like Mac OS X) AppleWebKit/605.1.15 (KHTML, like Gecko) Version/16.6 Mobile/15E148 Safari/604.1"
46.174.247.5 - - [15/Sep/2023:16:16:14 +0300] "GET /main.css HTTP/2.0" 200 46815 "https://team-911.com.ua/" "Mozilla/5.0 (iPhone; CPU iPhone OS 16_6_1 like Mac OS X) AppleWebKit/605.1.15 (KHTML, like Gecko) Version/16.6 Mobile/15E148 Safari/604.1"
46.174.247.5 - - [15/Sep/2023:16:16:15 +0300] "GET /favicon.ico HTTP/2.0" 404 172 "https://team-911.com.ua/" "Mozilla/5.0 (iPhone; CPU iPhone OS 16_6_1 like Mac OS X) AppleWebKit/605.1.15 (KHTML, like Gecko) Version/16.6 Mobile/15E148 Safari/604.1"
91.202.0.80 - - [15/Sep/2023:16:16:17 +0300] "GET / HTTP/1.1" 301 169 "-" "Mozilla/5.0 (iPhone; CPU iPhone OS 16_6_1 like Mac OS X) AppleWebKit/605.1.15 (KHTML, like Gecko) Version/16.6 Mobile/15E148 Safari/604.1"
91.202.0.80 - - [15/Sep/2023:16:16:17 +0300] "GET / HTTP/2.0" 200 548 "-" "Mozilla/5.0 (iPhone; CPU iPhone OS 16_6_1 like Mac OS X) AppleWebKit/605.1.15 (KHTML, like Gecko) Version/16.6 Mobile/15E148 Safari/604.1"
91.202.0.80 - - [15/Sep/2023:16:16:17 +0300] "GET /bundle.js HTTP/2.0" 200 90031 "https://team-911.com.ua/" "Mozilla/5.0 (iPhone; CPU iPhone OS 16_6_1 like Mac OS X) AppleWebKit/605.1.15 (KHTML, like Gecko) Version/16.6 Mobile/15E148 Safari/604.1"
91.202.0.80 - - [15/Sep/2023:16:16:17 +0300] "GET /main.css HTTP/2.0" 200 46815 "https://team-911.com.ua/" "Mozilla/5.0 (iPhone; CPU iPhone OS 16_6_1 like Mac OS X) AppleWebKit/605.1.15 (KHTML, like Gecko) Version/16.6 Mobile/15E148 Safari/604.1"
193.201.216.66 - - [15/Sep/2023:16:16:21 +0300] "POST /rx/data.php HTTP/2.0" 200 81 "https://team-911.com.ua/auth" "Mozilla/5.0 (Linux; Android 11; 22011119UY) AppleWebKit/537.36 (KHTML, like Gecko) Chrome/115.0.5790.167 Mobile Safari/537.36 OPR/77.1.4095.74475"
37.73.76.178 - - [15/Sep/2023:16:16:22 +0300] "GET / HTTP/1.1" 301 169 "-" "Mozilla/5.0 (Linux; Android 10; K) AppleWebKit/537.36 (KHTML, like Gecko) Chrome/116.0.0.0 Mobile Safari/537.36"
37.73.76.178 - - [15/Sep/2023:16:16:22 +0300] "GET / HTTP/2.0" 200 548 "-" "Mozilla/5.0 (Linux; Android 10; K) AppleWebKit/537.36 (KHTML, like Gecko) Chrome/116.0.0.0 Mobile Safari/537.36"
37.73.76.178 - - [15/Sep/2023:16:16:23 +0300] "GET /bundle.js HTTP/2.0" 200 90031 "https://team-911.com.ua/" "Mozilla/5.0 (Linux; Android 10; K) AppleWebKit/537.36 (KHTML, like Gecko) Chrome/116.0.0.0 Mobile Safari/537.36"
37.73.76.178 - - [15/Sep/2023:16:16:23 +0300] "GET /main.css HTTP/2.0" 200 46815 "https://team-911.com.ua/" "Mozilla/5.0 (Linux; Android 10; K) AppleWebKit/537.36 (KHTML, like Gecko) Chrome/116.0.0.0 Mobile Safari/537.36"
78.152.187.226 - - [15/Sep/2023:16:16:23 +0300] "POST /rx/data.php HTTP/2.0" 200 81 "https://team-911.com.ua/auth" "Mozilla/5.0 (iPhone; CPU iPhone OS 16_6 like Mac OS X) AppleWebKit/605.1.15 (KHTML, like Gecko) Version/16.6 Mobile/15E148 Safari/604.1"
37.73.76.178 - - [15/Sep/2023:16:16:23 +0300] "GET /favicon.ico HTTP/2.0" 404 172 "https://team-911.com.ua/" "Mozilla/5.0 (Linux; Android 10; K) AppleWebKit/537.36 (KHTML, like Gecko) Chrome/116.0.0.0 Mobile Safari/537.36"
46.172.71.242 - - [15/Sep/2023:16:16:24 +0300] "GET / HTTP/2.0" 200 548 "-" "Mozilla/5.0 (Linux; Android 10; K) AppleWebKit/537.36 (KHTML, like Gecko) Chrome/116.0.0.0 Mobile Safari/537.36"
46.172.71.242 - - [15/Sep/2023:16:16:24 +0300] "GET /bundle.js HTTP/2.0" 200 90031 "https://team-911.com.ua/" "Mozilla/5.0 (Linux; Android 10; K) AppleWebKit/537.36 (KHTML, like Gecko) Chrome/116.0.0.0 Mobile Safari/537.36"
46.172.71.242 - - [15/Sep/2023:16:16:24 +0300] "GET /main.css HTTP/2.0" 200 46815 "https://team-911.com.ua/" "Mozilla/5.0 (Linux; Android 10; K) AppleWebKit/537.36 (KHTML, like Gecko) Chrome/116.0.0.0 Mobile Safari/537.36"
46.133.138.27 - - [15/Sep/2023:16:16:25 +0300] "GET /favicon.ico HTTP/2.0" 404 172 "https://team-911.com.ua/firstTaskDesc" "Mozilla/5.0 (Linux; Android 12; V2027; wv) AppleWebKit/537.36 (KHTML, like Gecko) Version/4.0 Chrome/87.0.4280.141 Mobile Safari/537.36 VivoBrowser/8.2.2.1"
46.172.71.242 - - [15/Sep/2023:16:16:26 +0300] "GET /favicon.ico HTTP/2.0" 404 172 "https://team-911.com.ua/" "Mozilla/5.0 (Linux; Android 10; K) AppleWebKit/537.36 (KHTML, like Gecko) Chrome/116.0.0.0 Mobile Safari/537.36"
46.211.254.93 - - [15/Sep/2023:16:16:30 +0300] "GET / HTTP/1.1" 301 169 "-" "Mozilla/5.0 (iPhone; CPU iPhone OS 16_1_1 like Mac OS X) AppleWebKit/605.1.15 (KHTML, like Gecko) Version/16.1 Mobile/15E148 Safari/604.1"
195.225.49.99 - - [15/Sep/2023:16:16:30 +0300] "POST /rx/data.php HTTP/2.0" 200 81 "https://team-911.com.ua/secondTask" "Mozilla/5.0 (Linux; Android 10; K) AppleWebKit/537.36 (KHTML, like Gecko) Chrome/116.0.0.0 Mobile Safari/537.36"
128.124.132.138 - - [15/Sep/2023:16:16:30 +0300] "POST /rx/data.php HTTP/2.0" 200 81 "https://team-911.com.ua/secondTask" "Mozilla/5.0 (Linux; Android 10; K) AppleWebKit/537.36 (KHTML, like Gecko) Chrome/116.0.0.0 Mobile Safari/537.36"
46.211.254.93 - - [15/Sep/2023:16:16:30 +0300] "GET / HTTP/2.0" 200 548 "-" "Mozilla/5.0 (iPhone; CPU iPhone OS 16_1_1 like Mac OS X) AppleWebKit/605.1.15 (KHTML, like Gecko) Version/16.1 Mobile/15E148 Safari/604.1"
128.124.161.37 - - [15/Sep/2023:16:16:31 +0300] "POST /rx/data.php HTTP/2.0" 200 81 "https://team-911.com.ua/secondTask" "Mozilla/5.0 (Linux; Android 10; K) AppleWebKit/537.36 (KHTML, like Gecko) Chrome/116.0.0.0 Mobile Safari/537.36"
46.211.254.93 - - [15/Sep/2023:16:16:31 +0300] "GET /bundle.js HTTP/2.0" 200 90031 "https://team-911.com.ua/" "Mozilla/5.0 (iPhone; CPU iPhone OS 16_1_1 like Mac OS X) AppleWebKit/605.1.15 (KHTML, like Gecko) Version/16.1 Mobile/15E148 Safari/604.1"
46.211.254.93 - - [15/Sep/2023:16:16:31 +0300] "GET /main.css HTTP/2.0" 200 46815 "https://team-911.com.ua/" "Mozilla/5.0 (iPhone; CPU iPhone OS 16_1_1 like Mac OS X) AppleWebKit/605.1.15 (KHTML, like Gecko) Version/16.1 Mobile/15E148 Safari/604.1"
77.75.150.155 - - [15/Sep/2023:16:16:32 +0300] "POST /rx/data.php HTTP/2.0" 200 81 "https://team-911.com.ua/auth" "Mozilla/5.0 (Linux; Android 10; K) AppleWebKit/537.36 (KHTML, like Gecko) Chrome/117.0.0.0 Mobile Safari/537.36"
128.124.1.204 - - [15/Sep/2023:16:16:35 +0300] "GET / HTTP/1.1" 301 169 "-" "Mozilla/5.0 (iPhone; CPU iPhone OS 16_6_1 like Mac OS X) AppleWebKit/605.1.15 (KHTML, like Gecko) Version/16.6 Mobile/15E148 Safari/604.1"
128.124.1.204 - - [15/Sep/2023:16:16:35 +0300] "GET / HTTP/2.0" 200 548 "-" "Mozilla/5.0 (iPhone; CPU iPhone OS 16_6_1 like Mac OS X) AppleWebKit/605.1.15 (KHTML, like Gecko) Version/16.6 Mobile/15E148 Safari/604.1"
